[2026-08-07 10:12:01] [INFO] Script started.
[2026-08-07 10:12:01] [INFO] Script folder: C:\AI_ML_Fellowship\Project2\Scripts
[2026-08-07 10:12:01] [INFO] Project root: C:\AI_ML_Fellowship\Project2
[2026-08-07 10:12:01] [INFO] Video file: C:\AI_ML_Fellowship\Project2\Video\active.avi
[2026-08-07 10:12:01] [INFO] Reports folder: C:\AI_ML_Fellowship\Project2\Reports
[2026-08-07 10:12:01] [INFO] Logs folder: C:\AI_ML_Fellowship\Project2\Scripts\Logs
[2026-08-07 10:12:01] [INFO] Calculating SHA256 hash.
[2026-08-07 10:12:01] [INFO] SHA256 hash calculated successfully.
[2026-08-07 10:12:01] [INFO] Hash saved to: C:\AI_ML_Fellowship\Project2\Reports\01_avi_hash.txt
[2026-08-07 10:12:01] [INFO] Hash value: 8955F05433A0AE191C1C575CCA941524454FDF5331DCD3F3AE8F4F3F36941E79
[2026-08-07 10:12:01] [INFO] Script completed successfully.
[2026-08-07 10:12:50] [INFO] Script started.
[2026-08-07 10:12:50] [INFO] Script folder: C:\AI_ML_Fellowship\Project2\Scripts
[2026-08-07 10:12:50] [INFO] Project root: C:\AI_ML_Fellowship\Project2
[2026-08-07 10:12:50] [INFO] Video file: C:\AI_ML_Fellowship\Project2\Video\active.avi
[2026-08-07 10:12:50] [INFO] Reports folder: C:\AI_ML_Fellowship\Project2\Reports
[2026-08-07 10:12:50] [INFO] Logs folder: C:\AI_ML_Fellowship\Project2\Scripts\Logs
[2026-08-07 10:12:50] [INFO] Calculating SHA256 hash.
[2026-08-07 10:12:50] [INFO] SHA256 hash calculated successfully.
[2026-08-07 10:12:50] [INFO] Hash saved to: C:\AI_ML_Fellowship\Project2\Reports\01_avi_hash.txt
[2026-08-07 10:12:50] [INFO] Hash value: 8955F05433A0AE191C1C575CCA941524454FDF5331DCD3F3AE8F4F3F36941E79
[2026-08-07 10:12:50] [INFO] Script completed successfully.
