[2026-08-07 10:12:57] [INFO] ============================================
[2026-08-07 10:12:57] [INFO] Script started.
[2026-08-07 10:12:57] [INFO] Script name: 05_extract_crop_frames_from_avi.ps1
[2026-08-07 10:12:57] [INFO] Project: AIML-Driven Super-Resolution and Volumetric Reconstruction for Mixing Tanks
[2026-08-07 10:12:57] [INFO] Script folder: C:\AI_ML_Fellowship\Project2\Scripts
[2026-08-07 10:12:57] [INFO] Project root: C:\AI_ML_Fellowship\Project2
[2026-08-07 10:12:57] [INFO] Input video file: C:\AI_ML_Fellowship\Project2\Video\active.avi
[2026-08-07 10:12:57] [INFO] FFmpeg path: C:\AI_ML_Fellowship\Project2\Bin\ffmpeg.exe
[2026-08-07 10:12:57] [INFO] Crop filter: crop=940:600:0:40
[2026-08-07 10:12:57] [INFO] Output folder: C:\AI_ML_Fellowship\Project2\Images\02_Frames
[2026-08-07 10:12:57] [INFO] Logs folder: C:\AI_ML_Fellowship\Project2\Scripts\Logs
[2026-08-07 10:12:57] [INFO] Log file: C:\AI_ML_Fellowship\Project2\Scripts\Logs\05_extract_crop_frames_from_avi.log
[2026-08-07 10:12:57] [INFO] Input video file found.
[2026-08-07 10:12:57] [INFO] Video file size: 23467520 bytes
[2026-08-07 10:12:57] [INFO] Video last modified: 08/04/2026 13:59:40
[2026-08-07 10:12:57] [INFO] Frame output pattern: C:\AI_ML_Fellowship\Project2\Images\02_Frames\frame_%04d.png
[2026-08-07 10:12:57] [INFO] Starting cropped frame extraction using FFmpeg.
[2026-08-07 10:12:57] [INFO] FFmpeg exit code: 0
[2026-08-07 10:12:57] [SUCCESS] Cropped frame extraction completed successfully.
[2026-08-07 10:12:57] [INFO] New frames created during this run: 155
[2026-08-07 10:12:57] [SUCCESS] Frames extracted to: C:\AI_ML_Fellowship\Project2\Images\02_Frames
[2026-08-07 10:12:57] [INFO] FFmpeg diagnostic output was captured. This is normal and was not treated as an error because exit code was 0.
[2026-08-07 10:12:57] [SUCCESS] Script completed successfully.
[2026-08-07 10:12:57] [INFO] ============================================
