[2026-07-30 22:17:15] [INFO] ============================================
[2026-07-30 22:17:15] [INFO] Script started.
[2026-07-30 22:17:15] [INFO] Script name: 06_actifacts_removal_lama.py
[2026-07-30 22:17:15] [INFO] Project: AIML-Driven Super-Resolution and Volumetric Reconstruction for Mixing Tanks
[2026-07-30 22:17:15] [INFO] Script folder: C:\AI_ML_Fellowship\Project2\Scripts
[2026-07-30 22:17:15] [INFO] Input folder: C:\AI_ML_Fellowship\Project2\Images\02_Frames
[2026-07-30 22:17:15] [INFO] Output folder: C:\AI_ML_Fellowship\Project2\Images\03_Cleaned_lama
[2026-07-30 22:17:15] [INFO] Mask folder: C:\AI_ML_Fellowship\Project2\Images\03_Masks_lama
[2026-07-30 22:17:15] [INFO] Magenta thresholds: R>=180, B>=180, G<=200
[2026-07-30 22:17:15] [INFO] Mask dilation: 2px
[2026-07-30 22:17:15] [INFO] Logs folder: C:\AI_ML_Fellowship\Project2\Scripts\Logs
[2026-07-30 22:17:15] [INFO] Log file: C:\AI_ML_Fellowship\Project2\Scripts\Logs\06_actifacts_removal_lama.log
[2026-07-30 22:17:19] [ERROR] Script failed: No module named 'simple_lama_inpainting'
[2026-07-30 22:17:19] [INFO] ============================================
[2026-07-30 22:48:42] [INFO] ============================================
[2026-07-30 22:48:42] [INFO] Script started.
[2026-07-30 22:48:42] [INFO] Script name: 06_actifacts_removal_lama.py
[2026-07-30 22:48:42] [INFO] Project: AIML-Driven Super-Resolution and Volumetric Reconstruction for Mixing Tanks
[2026-07-30 22:48:42] [INFO] Script folder: C:\AI_ML_Fellowship\Project2\Scripts
[2026-07-30 22:48:42] [INFO] Input folder: C:\AI_ML_Fellowship\Project2\Images\02_Frames
[2026-07-30 22:48:42] [INFO] Output folder: C:\AI_ML_Fellowship\Project2\Images\03_Cleaned_lama
[2026-07-30 22:48:42] [INFO] Mask folder: C:\AI_ML_Fellowship\Project2\Images\03_Masks_lama
[2026-07-30 22:48:42] [INFO] Magenta thresholds: R>=180, B>=180, G<=200
[2026-07-30 22:48:42] [INFO] Mask dilation: 2px
[2026-07-30 22:48:42] [INFO] Logs folder: C:\AI_ML_Fellowship\Project2\Scripts\Logs
[2026-07-30 22:48:42] [INFO] Log file: C:\AI_ML_Fellowship\Project2\Scripts\Logs\06_actifacts_removal_lama.log
[2026-07-30 22:48:46] [INFO] Inference device: cpu
[2026-07-30 22:48:46] [INFO] Using local LaMa checkpoint: C:\AI_ML_Fellowship\Project2\Bin\big-lama.pt
[2026-07-30 22:48:47] [INFO] LaMa model loaded successfully in 0.8s.
[2026-07-30 22:48:47] [INFO] Found 129 PNG file(s) to process.
[2026-07-30 22:48:52] [INFO] Processed: frame_0001.png (artifact detected: True, 5.02s)
[2026-07-30 22:48:56] [INFO] Processed: frame_0002.png (artifact detected: True, 4.44s)
[2026-07-30 22:49:00] [INFO] Processed: frame_0003.png (artifact detected: True, 4.31s)
[2026-07-30 22:49:05] [INFO] Processed: frame_0004.png (artifact detected: True, 4.62s)
[2026-07-30 22:49:10] [INFO] Processed: frame_0005.png (artifact detected: True, 5.51s)
[2026-07-30 22:49:16] [INFO] Processed: frame_0006.png (artifact detected: True, 5.53s)
[2026-07-30 22:49:23] [INFO] Processed: frame_0007.png (artifact detected: True, 6.72s)
[2026-07-30 22:49:28] [INFO] Processed: frame_0008.png (artifact detected: True, 5.41s)
[2026-07-30 22:49:33] [INFO] Processed: frame_0009.png (artifact detected: True, 5.33s)
[2026-07-30 22:49:39] [INFO] Processed: frame_0010.png (artifact detected: True, 5.40s)
[2026-07-30 22:49:44] [INFO] Processed: frame_0011.png (artifact detected: True, 5.44s)
[2026-07-30 22:49:50] [INFO] Processed: frame_0012.png (artifact detected: True, 6.14s)
[2026-07-30 22:49:56] [INFO] Processed: frame_0013.png (artifact detected: True, 5.48s)
[2026-07-30 22:50:01] [INFO] Processed: frame_0014.png (artifact detected: True, 5.49s)
[2026-07-30 22:50:07] [INFO] Processed: frame_0015.png (artifact detected: True, 5.24s)
[2026-07-30 22:50:12] [INFO] Processed: frame_0016.png (artifact detected: True, 5.01s)
[2026-07-30 22:50:17] [INFO] Processed: frame_0017.png (artifact detected: True, 5.03s)
[2026-07-30 22:50:22] [INFO] Processed: frame_0018.png (artifact detected: True, 5.03s)
[2026-07-30 22:50:27] [INFO] Processed: frame_0019.png (artifact detected: True, 5.00s)
[2026-07-30 22:50:32] [INFO] Processed: frame_0020.png (artifact detected: True, 5.08s)
[2026-07-30 22:50:37] [INFO] Processed: frame_0021.png (artifact detected: True, 5.13s)
[2026-07-30 22:50:42] [INFO] Processed: frame_0022.png (artifact detected: True, 5.07s)
[2026-07-30 22:50:47] [INFO] Processed: frame_0023.png (artifact detected: True, 5.17s)
[2026-07-30 22:50:52] [INFO] Processed: frame_0024.png (artifact detected: True, 5.09s)
[2026-07-30 22:50:59] [INFO] Processed: frame_0025.png (artifact detected: True, 6.34s)
[2026-07-30 22:51:04] [INFO] Processed: frame_0026.png (artifact detected: True, 5.80s)
[2026-07-30 22:51:10] [INFO] Processed: frame_0027.png (artifact detected: True, 5.24s)
[2026-07-30 22:51:16] [INFO] Processed: frame_0028.png (artifact detected: True, 6.10s)
[2026-07-30 22:51:21] [INFO] Processed: frame_0029.png (artifact detected: True, 5.27s)
[2026-07-30 22:51:26] [INFO] Processed: frame_0030.png (artifact detected: True, 5.19s)
[2026-07-30 22:51:32] [INFO] Processed: frame_0031.png (artifact detected: True, 5.60s)
[2026-07-30 22:51:37] [INFO] Processed: frame_0032.png (artifact detected: True, 5.49s)
[2026-07-30 22:51:43] [INFO] Processed: frame_0033.png (artifact detected: True, 5.44s)
[2026-07-30 22:51:48] [INFO] Processed: frame_0034.png (artifact detected: True, 5.40s)
[2026-07-30 22:51:53] [INFO] Processed: frame_0035.png (artifact detected: True, 5.30s)
[2026-07-30 22:51:59] [INFO] Processed: frame_0036.png (artifact detected: True, 5.21s)
[2026-07-30 22:52:04] [INFO] Processed: frame_0037.png (artifact detected: True, 5.49s)
[2026-07-30 22:52:10] [INFO] Processed: frame_0038.png (artifact detected: True, 5.45s)
[2026-07-30 22:52:15] [INFO] Processed: frame_0039.png (artifact detected: True, 5.44s)
[2026-07-30 22:52:20] [INFO] Processed: frame_0040.png (artifact detected: True, 5.32s)
[2026-07-30 22:52:26] [INFO] Processed: frame_0041.png (artifact detected: True, 5.36s)
[2026-07-30 22:52:31] [INFO] Processed: frame_0042.png (artifact detected: True, 5.62s)
[2026-07-30 22:52:39] [INFO] Processed: frame_0043.png (artifact detected: True, 7.66s)
[2026-07-30 22:52:47] [INFO] Processed: frame_0044.png (artifact detected: True, 7.69s)
[2026-07-30 22:52:54] [INFO] Processed: frame_0045.png (artifact detected: True, 7.46s)
[2026-07-30 22:53:02] [INFO] Processed: frame_0046.png (artifact detected: True, 7.43s)
[2026-07-30 22:53:09] [INFO] Processed: frame_0047.png (artifact detected: True, 7.44s)
[2026-07-30 22:53:17] [INFO] Processed: frame_0048.png (artifact detected: True, 7.78s)
[2026-07-30 22:53:24] [INFO] Processed: frame_0049.png (artifact detected: True, 7.44s)
[2026-07-30 22:53:32] [INFO] Processed: frame_0050.png (artifact detected: True, 7.45s)
[2026-07-30 22:53:39] [INFO] Processed: frame_0051.png (artifact detected: True, 7.52s)
[2026-07-30 22:53:47] [INFO] Processed: frame_0052.png (artifact detected: True, 7.44s)
[2026-07-30 22:53:53] [INFO] Processed: frame_0053.png (artifact detected: True, 6.05s)
[2026-07-30 22:53:59] [INFO] Processed: frame_0054.png (artifact detected: True, 5.88s)
[2026-07-30 22:54:05] [INFO] Processed: frame_0055.png (artifact detected: True, 6.67s)
[2026-07-30 22:54:11] [INFO] Processed: frame_0056.png (artifact detected: True, 5.98s)
[2026-07-30 22:54:18] [INFO] Processed: frame_0057.png (artifact detected: True, 7.09s)
[2026-07-30 22:54:24] [INFO] Processed: frame_0058.png (artifact detected: True, 5.82s)
[2026-07-30 22:54:30] [INFO] Processed: frame_0059.png (artifact detected: True, 6.11s)
[2026-07-30 22:54:36] [INFO] Processed: frame_0060.png (artifact detected: True, 5.60s)
[2026-07-30 22:54:41] [INFO] Processed: frame_0061.png (artifact detected: True, 5.55s)
[2026-07-30 22:54:47] [INFO] Processed: frame_0062.png (artifact detected: True, 5.57s)
[2026-07-30 22:54:53] [INFO] Processed: frame_0063.png (artifact detected: True, 5.55s)
[2026-07-30 22:54:58] [INFO] Processed: frame_0064.png (artifact detected: True, 5.57s)
[2026-07-30 22:55:04] [INFO] Processed: frame_0065.png (artifact detected: True, 5.67s)
[2026-07-30 22:55:10] [INFO] Processed: frame_0066.png (artifact detected: True, 5.92s)
[2026-07-30 22:55:15] [INFO] Processed: frame_0067.png (artifact detected: True, 5.77s)
[2026-07-30 22:55:21] [INFO] Processed: frame_0068.png (artifact detected: True, 5.68s)
[2026-07-30 22:55:27] [INFO] Processed: frame_0069.png (artifact detected: True, 5.72s)
[2026-07-30 22:55:33] [INFO] Processed: frame_0070.png (artifact detected: True, 6.47s)
[2026-07-30 22:55:39] [INFO] Processed: frame_0071.png (artifact detected: True, 5.92s)
[2026-07-30 22:55:45] [INFO] Processed: frame_0072.png (artifact detected: True, 5.77s)
[2026-07-30 22:55:51] [INFO] Processed: frame_0073.png (artifact detected: True, 5.77s)
[2026-07-30 22:55:57] [INFO] Processed: frame_0074.png (artifact detected: True, 5.69s)
[2026-07-30 22:56:03] [INFO] Processed: frame_0075.png (artifact detected: True, 6.39s)
[2026-07-30 22:56:09] [INFO] Processed: frame_0076.png (artifact detected: True, 6.01s)
[2026-07-30 22:56:15] [INFO] Processed: frame_0077.png (artifact detected: True, 5.97s)
[2026-07-30 22:56:21] [INFO] Processed: frame_0078.png (artifact detected: True, 5.86s)
[2026-07-30 22:56:27] [INFO] Processed: frame_0079.png (artifact detected: True, 5.92s)
[2026-07-30 22:56:33] [INFO] Processed: frame_0080.png (artifact detected: True, 6.11s)
[2026-07-30 22:56:39] [INFO] Processed: frame_0081.png (artifact detected: True, 5.93s)
[2026-07-30 22:56:45] [INFO] Processed: frame_0082.png (artifact detected: True, 6.04s)
[2026-07-30 22:56:51] [INFO] Processed: frame_0083.png (artifact detected: True, 6.09s)
[2026-07-30 22:56:57] [INFO] Processed: frame_0084.png (artifact detected: True, 5.96s)
[2026-07-30 22:57:03] [INFO] Processed: frame_0085.png (artifact detected: True, 6.26s)
[2026-07-30 22:57:10] [INFO] Processed: frame_0086.png (artifact detected: True, 6.58s)
[2026-07-30 22:57:16] [INFO] Processed: frame_0087.png (artifact detected: True, 6.28s)
[2026-07-30 22:57:22] [INFO] Processed: frame_0088.png (artifact detected: True, 6.19s)
[2026-07-30 22:57:29] [INFO] Processed: frame_0089.png (artifact detected: True, 6.47s)
[2026-07-30 22:57:36] [INFO] Processed: frame_0090.png (artifact detected: True, 6.94s)
[2026-07-30 22:57:42] [INFO] Processed: frame_0091.png (artifact detected: True, 6.57s)
[2026-07-30 22:57:49] [INFO] Processed: frame_0092.png (artifact detected: True, 6.75s)
[2026-07-30 22:57:56] [INFO] Processed: frame_0093.png (artifact detected: True, 6.89s)
[2026-07-30 22:58:03] [INFO] Processed: frame_0094.png (artifact detected: True, 6.90s)
[2026-07-30 22:58:09] [INFO] Processed: frame_0095.png (artifact detected: True, 6.61s)
[2026-07-30 22:58:16] [INFO] Processed: frame_0096.png (artifact detected: True, 6.50s)
[2026-07-30 22:58:22] [INFO] Processed: frame_0097.png (artifact detected: True, 6.41s)
[2026-07-30 22:58:29] [INFO] Processed: frame_0098.png (artifact detected: True, 6.53s)
[2026-07-30 22:58:35] [INFO] Processed: frame_0099.png (artifact detected: True, 6.71s)
[2026-07-30 22:58:42] [INFO] Processed: frame_0100.png (artifact detected: True, 6.40s)
[2026-07-30 22:58:49] [INFO] Processed: frame_0101.png (artifact detected: True, 6.76s)
[2026-07-30 22:58:55] [INFO] Processed: frame_0102.png (artifact detected: True, 6.60s)
[2026-07-30 22:59:02] [INFO] Processed: frame_0103.png (artifact detected: True, 6.71s)
[2026-07-30 22:59:09] [INFO] Processed: frame_0104.png (artifact detected: True, 7.06s)
[2026-07-30 22:59:16] [INFO] Processed: frame_0105.png (artifact detected: True, 7.03s)
[2026-07-30 22:59:23] [INFO] Processed: frame_0106.png (artifact detected: True, 6.79s)
[2026-07-30 22:59:29] [INFO] Processed: frame_0107.png (artifact detected: True, 6.60s)
[2026-07-30 22:59:36] [INFO] Processed: frame_0108.png (artifact detected: True, 6.74s)
[2026-07-30 22:59:43] [INFO] Processed: frame_0109.png (artifact detected: True, 6.94s)
[2026-07-30 22:59:50] [INFO] Processed: frame_0110.png (artifact detected: True, 7.08s)
[2026-07-30 22:59:57] [INFO] Processed: frame_0111.png (artifact detected: True, 6.85s)
[2026-07-30 23:00:04] [INFO] Processed: frame_0112.png (artifact detected: True, 6.75s)
[2026-07-30 23:00:11] [INFO] Processed: frame_0113.png (artifact detected: True, 7.18s)
[2026-07-30 23:00:18] [INFO] Processed: frame_0114.png (artifact detected: True, 6.86s)
[2026-07-30 23:00:25] [INFO] Processed: frame_0115.png (artifact detected: True, 7.35s)
[2026-07-30 23:00:33] [INFO] Processed: frame_0116.png (artifact detected: True, 7.83s)
[2026-07-30 23:00:40] [INFO] Processed: frame_0117.png (artifact detected: True, 7.36s)
[2026-07-30 23:00:48] [INFO] Processed: frame_0118.png (artifact detected: True, 7.35s)
[2026-07-30 23:00:55] [INFO] Processed: frame_0119.png (artifact detected: True, 7.16s)
[2026-07-30 23:01:02] [INFO] Processed: frame_0120.png (artifact detected: True, 7.00s)
[2026-07-30 23:01:09] [INFO] Processed: frame_0121.png (artifact detected: True, 6.79s)
[2026-07-30 23:01:15] [INFO] Processed: frame_0122.png (artifact detected: True, 6.71s)
[2026-07-30 23:01:22] [INFO] Processed: frame_0123.png (artifact detected: True, 6.51s)
[2026-07-30 23:01:28] [INFO] Processed: frame_0124.png (artifact detected: True, 6.36s)
[2026-07-30 23:01:36] [INFO] Processed: frame_0125.png (artifact detected: True, 7.46s)
[2026-07-30 23:01:42] [INFO] Processed: frame_0126.png (artifact detected: True, 6.43s)
[2026-07-30 23:01:49] [INFO] Processed: frame_0127.png (artifact detected: True, 6.51s)
[2026-07-30 23:01:55] [INFO] Processed: frame_0128.png (artifact detected: True, 6.47s)
[2026-07-30 23:02:02] [INFO] Processed: frame_0129.png (artifact detected: True, 6.56s)
[2026-07-30 23:02:02] [INFO] Cleaned frames saved: 129 file(s) to C:\AI_ML_Fellowship\Project2\Images\03_Cleaned_lama
[2026-07-30 23:02:02] [INFO] Mask files saved: 129 file(s) to C:\AI_ML_Fellowship\Project2\Images\03_Masks_lama
[2026-07-30 23:02:02] [INFO] Frames with at least one artifact detection: 129/129
[2026-07-30 23:02:02] [INFO] Total processing time: 795.0s (6.16s/frame average)
[2026-07-30 23:02:02] [INFO] Script completed successfully.
[2026-07-30 23:02:02] [INFO] ============================================
[2026-07-31 08:59:01] [INFO] ============================================
[2026-07-31 08:59:01] [INFO] Script started.
[2026-07-31 08:59:01] [INFO] Script name: 06_actifacts_removal_lama.py
[2026-07-31 08:59:01] [INFO] Project: AIML-Driven Super-Resolution and Volumetric Reconstruction for Mixing Tanks
[2026-07-31 08:59:01] [INFO] Script folder: C:\AI_ML_Fellowship\Project2\Scripts
[2026-07-31 08:59:01] [INFO] Input folder: C:\AI_ML_Fellowship\Project2\Images\02_Frames
[2026-07-31 08:59:01] [INFO] Output folder: C:\AI_ML_Fellowship\Project2\Images\03_Cleaned_lama
[2026-07-31 08:59:01] [INFO] Mask folder: C:\AI_ML_Fellowship\Project2\Images\03_Masks_lama
[2026-07-31 08:59:01] [INFO] Magenta thresholds: R>=180, B>=180, G<=200
[2026-07-31 08:59:01] [INFO] Mask dilation: 2px
[2026-07-31 08:59:01] [INFO] Logs folder: C:\AI_ML_Fellowship\Project2\Scripts\Logs
[2026-07-31 08:59:01] [INFO] Log file: C:\AI_ML_Fellowship\Project2\Scripts\Logs\06_actifacts_removal_lama.log
[2026-07-31 08:59:06] [INFO] Inference device: cpu
[2026-07-31 08:59:06] [INFO] Using local LaMa checkpoint: C:\AI_ML_Fellowship\Project2\Bin\big-lama.pt
[2026-07-31 08:59:07] [INFO] LaMa model loaded successfully in 0.9s.
[2026-07-31 08:59:07] [INFO] Found 9 PNG file(s) to process.
[2026-07-31 08:59:07] [ERROR] Failed to process frame_0001.png: Numpy is not available
[2026-07-31 08:59:07] [ERROR] Failed to process frame_0002.png: Numpy is not available
[2026-07-31 08:59:07] [ERROR] Failed to process frame_0003.png: Numpy is not available
[2026-07-31 08:59:07] [ERROR] Failed to process frame_0004.png: Numpy is not available
[2026-07-31 08:59:07] [ERROR] Failed to process frame_0005.png: Numpy is not available
[2026-07-31 08:59:07] [ERROR] Failed to process frame_0006.png: Numpy is not available
[2026-07-31 08:59:07] [ERROR] Failed to process frame_0007.png: Numpy is not available
[2026-07-31 08:59:07] [ERROR] Failed to process frame_0008.png: Numpy is not available
[2026-07-31 08:59:07] [ERROR] Failed to process frame_0009.png: Numpy is not available
[2026-07-31 08:59:07] [INFO] Cleaned frames saved: 0 file(s) to C:\AI_ML_Fellowship\Project2\Images\03_Cleaned_lama
[2026-07-31 08:59:07] [INFO] Mask files saved: 0 file(s) to C:\AI_ML_Fellowship\Project2\Images\03_Masks_lama
[2026-07-31 08:59:07] [INFO] Frames with at least one artifact detection: 0/0
[2026-07-31 08:59:07] [INFO] No frames processed.
[2026-07-31 08:59:07] [WARNING] 9 file(s) failed to process.
[2026-07-31 08:59:07] [INFO] Script completed successfully.
[2026-07-31 08:59:07] [INFO] ============================================
[2026-07-31 09:08:14] [INFO] ============================================
[2026-07-31 09:08:14] [INFO] Script started.
[2026-07-31 09:08:14] [INFO] Script name: 06_actifacts_removal_lama.py
[2026-07-31 09:08:14] [INFO] Project: AIML-Driven Super-Resolution and Volumetric Reconstruction for Mixing Tanks
[2026-07-31 09:08:14] [INFO] Script folder: C:\AI_ML_Fellowship\Project2\Scripts
[2026-07-31 09:08:14] [INFO] Input folder: C:\AI_ML_Fellowship\Project2\Images\02_Frames
[2026-07-31 09:08:14] [INFO] Output folder: C:\AI_ML_Fellowship\Project2\Images\03_Cleaned_lama
[2026-07-31 09:08:14] [INFO] Mask folder: C:\AI_ML_Fellowship\Project2\Images\03_Masks_lama
[2026-07-31 09:08:14] [INFO] Magenta thresholds: R>=180, B>=180, G<=200
[2026-07-31 09:08:14] [INFO] Mask dilation: 2px
[2026-07-31 09:08:14] [INFO] Logs folder: C:\AI_ML_Fellowship\Project2\Scripts\Logs
[2026-07-31 09:08:14] [INFO] Log file: C:\AI_ML_Fellowship\Project2\Scripts\Logs\06_actifacts_removal_lama.log
[2026-07-31 09:08:18] [INFO] Inference device: cpu
[2026-07-31 09:08:18] [INFO] Using local LaMa checkpoint: C:\AI_ML_Fellowship\Project2\Bin\big-lama.pt
[2026-07-31 09:08:19] [INFO] LaMa model loaded successfully in 0.6s.
[2026-07-31 09:08:19] [INFO] Found 9 PNG file(s) to process.
[2026-07-31 09:08:24] [INFO] Processed: frame_0001.png (artifact detected: True, 4.90s)
[2026-07-31 09:08:28] [INFO] Processed: frame_0002.png (artifact detected: True, 4.38s)
[2026-07-31 09:08:32] [INFO] Processed: frame_0003.png (artifact detected: True, 4.23s)
[2026-07-31 09:08:37] [INFO] Processed: frame_0004.png (artifact detected: True, 5.13s)
[2026-07-31 09:08:43] [INFO] Processed: frame_0005.png (artifact detected: True, 5.70s)
[2026-07-31 09:08:49] [INFO] Processed: frame_0006.png (artifact detected: True, 5.64s)
[2026-07-31 09:08:56] [INFO] Processed: frame_0007.png (artifact detected: True, 7.31s)
[2026-07-31 09:09:03] [INFO] Processed: frame_0008.png (artifact detected: True, 7.08s)
[2026-07-31 09:09:10] [INFO] Processed: frame_0009.png (artifact detected: True, 7.24s)
[2026-07-31 09:09:10] [INFO] Cleaned frames saved: 9 file(s) to C:\AI_ML_Fellowship\Project2\Images\03_Cleaned_lama
[2026-07-31 09:09:10] [INFO] Mask files saved: 9 file(s) to C:\AI_ML_Fellowship\Project2\Images\03_Masks_lama
[2026-07-31 09:09:10] [INFO] Frames with at least one artifact detection: 9/9
[2026-07-31 09:09:10] [INFO] Total processing time: 51.6s (5.74s/frame average)
[2026-07-31 09:09:10] [INFO] Script completed successfully.
[2026-07-31 09:09:10] [INFO] ============================================
[2026-07-31 09:27:01] [INFO] ============================================
[2026-07-31 09:27:01] [INFO] Script started.
[2026-07-31 09:27:01] [INFO] Script name: 06_actifacts_removal_lama.py
[2026-07-31 09:27:01] [INFO] Project: AIML-Driven Super-Resolution and Volumetric Reconstruction for Mixing Tanks
[2026-07-31 09:27:01] [INFO] Script folder: C:\AI_ML_Fellowship\Project2\Scripts
[2026-07-31 09:27:01] [INFO] Input folder: C:\AI_ML_Fellowship\Project2\Images\02_Frames
[2026-07-31 09:27:01] [INFO] Output folder: C:\AI_ML_Fellowship\Project2\Images\03_Cleaned
[2026-07-31 09:27:01] [INFO] Mask folder: C:\AI_ML_Fellowship\Project2\Images\03_Masks
[2026-07-31 09:27:01] [INFO] White threshold: 245
[2026-07-31 09:27:01] [INFO] Protected mask sample size: 20
[2026-07-31 09:27:01] [INFO] Protected mask vote fraction: 0.8
[2026-07-31 09:27:01] [INFO] Protected mask dilation: 7px
[2026-07-31 09:27:01] [INFO] Artifact mask dilation: 3px
[2026-07-31 09:27:01] [INFO] Logs folder: C:\AI_ML_Fellowship\Project2\Scripts\Logs
[2026-07-31 09:27:01] [INFO] Log file: C:\AI_ML_Fellowship\Project2\Scripts\Logs\06_actifacts_removal_lama.log
[2026-07-31 09:27:01] [INFO] Found 9 PNG file(s) to process.
[2026-07-31 09:27:01] [INFO] Sampling 9 frame(s) to build protected plot-region mask: ['frame_0001.png', 'frame_0002.png', 'frame_0003.png', 'frame_0004.png', 'frame_0005.png', 'frame_0006.png', 'frame_0007.png', 'frame_0008.png', 'frame_0009.png']
[2026-07-31 09:27:01] [INFO] Protected plot-region mask built: 298991/564000 px (53.0%) protected.
[2026-07-31 09:27:01] [INFO] Protected region mask cached to: C:\AI_ML_Fellowship\Project2\Images\03_Masks\_protected_region_mask.png
[2026-07-31 09:27:04] [INFO] Inference device: cpu
[2026-07-31 09:27:04] [INFO] Using local LaMa checkpoint: C:\AI_ML_Fellowship\Project2\Bin\big-lama.pt
[2026-07-31 09:27:05] [INFO] LaMa model loaded successfully in 0.8s.
[2026-07-31 09:27:10] [INFO] Processed: frame_0001.png (artifact detected: True, 5.19s)
[2026-07-31 09:27:15] [INFO] Processed: frame_0002.png (artifact detected: True, 4.63s)
[2026-07-31 09:27:19] [INFO] Processed: frame_0003.png (artifact detected: True, 4.83s)
[2026-07-31 09:27:25] [INFO] Processed: frame_0004.png (artifact detected: True, 5.19s)
[2026-07-31 09:27:30] [INFO] Processed: frame_0005.png (artifact detected: True, 5.09s)
[2026-07-31 09:27:35] [INFO] Processed: frame_0006.png (artifact detected: True, 5.12s)
[2026-07-31 09:27:40] [INFO] Processed: frame_0007.png (artifact detected: True, 5.14s)
[2026-07-31 09:27:45] [INFO] Processed: frame_0008.png (artifact detected: True, 4.92s)
[2026-07-31 09:27:50] [INFO] Processed: frame_0009.png (artifact detected: True, 5.27s)
[2026-07-31 09:27:50] [INFO] Cleaned frames saved: 9 file(s) to C:\AI_ML_Fellowship\Project2\Images\03_Cleaned
[2026-07-31 09:27:50] [INFO] Mask files saved: 9 file(s) to C:\AI_ML_Fellowship\Project2\Images\03_Masks
[2026-07-31 09:27:50] [INFO] Frames with at least one artifact detection: 9/9
[2026-07-31 09:27:50] [INFO] Total processing time: 45.4s (5.04s/frame average)
[2026-07-31 09:27:50] [INFO] Script completed successfully.
[2026-07-31 09:27:50] [INFO] ============================================
[2026-07-31 09:38:56] [INFO] ============================================
[2026-07-31 09:38:56] [INFO] Script started.
[2026-07-31 09:38:56] [INFO] Script name: 06_actifacts_removal_lama.py
[2026-07-31 09:38:56] [INFO] Project: AIML-Driven Super-Resolution and Volumetric Reconstruction for Mixing Tanks
[2026-07-31 09:38:56] [INFO] Script folder: C:\AI_ML_Fellowship\Project2\Scripts
[2026-07-31 09:38:56] [INFO] Input folder: C:\AI_ML_Fellowship\Project2\Images\02_Frames
[2026-07-31 09:38:56] [INFO] Output folder: C:\AI_ML_Fellowship\Project2\Images\03_Cleaned_lama
[2026-07-31 09:38:56] [INFO] Mask folder: C:\AI_ML_Fellowship\Project2\Images\03_Masks_lama
[2026-07-31 09:38:56] [INFO] White threshold: 245
[2026-07-31 09:38:56] [INFO] Protected mask sample size: 20
[2026-07-31 09:38:56] [INFO] Protected mask vote fraction: 0.8
[2026-07-31 09:38:56] [INFO] Protected mask dilation: 7px
[2026-07-31 09:38:56] [INFO] Artifact mask dilation: 3px
[2026-07-31 09:38:56] [INFO] Logs folder: C:\AI_ML_Fellowship\Project2\Scripts\Logs
[2026-07-31 09:38:56] [INFO] Log file: C:\AI_ML_Fellowship\Project2\Scripts\Logs\06_actifacts_removal_lama.log
[2026-07-31 09:38:56] [INFO] Found 9 PNG file(s) to process.
[2026-07-31 09:38:56] [INFO] Sampling 9 frame(s) to build protected plot-region mask: ['frame_0001.png', 'frame_0002.png', 'frame_0003.png', 'frame_0004.png', 'frame_0005.png', 'frame_0006.png', 'frame_0007.png', 'frame_0008.png', 'frame_0009.png']
[2026-07-31 09:38:56] [INFO] Protected plot-region mask built: 298991/564000 px (53.0%) protected.
[2026-07-31 09:38:56] [INFO] Protected region mask cached to: C:\AI_ML_Fellowship\Project2\Images\03_Masks_lama\_protected_region_mask.png
[2026-07-31 09:39:00] [INFO] Inference device: cpu
[2026-07-31 09:39:00] [INFO] Using local LaMa checkpoint: C:\AI_ML_Fellowship\Project2\Bin\big-lama.pt
[2026-07-31 09:39:01] [INFO] LaMa model loaded successfully in 0.9s.
[2026-07-31 09:39:06] [INFO] Processed: frame_0001.png (artifact detected: True, 4.80s)
[2026-07-31 09:39:10] [INFO] Processed: frame_0002.png (artifact detected: True, 4.53s)
[2026-07-31 09:39:15] [INFO] Processed: frame_0003.png (artifact detected: True, 4.50s)
[2026-07-31 09:39:20] [INFO] Processed: frame_0004.png (artifact detected: True, 5.72s)
[2026-07-31 09:39:27] [INFO] Processed: frame_0005.png (artifact detected: True, 6.97s)
[2026-07-31 09:39:33] [INFO] Processed: frame_0006.png (artifact detected: True, 5.27s)
[2026-07-31 09:39:38] [INFO] Processed: frame_0007.png (artifact detected: True, 5.00s)
[2026-07-31 09:39:43] [INFO] Processed: frame_0008.png (artifact detected: True, 5.38s)
[2026-07-31 09:39:49] [INFO] Processed: frame_0009.png (artifact detected: True, 5.46s)
[2026-07-31 09:39:49] [INFO] Cleaned frames saved: 9 file(s) to C:\AI_ML_Fellowship\Project2\Images\03_Cleaned_lama
[2026-07-31 09:39:49] [INFO] Mask files saved: 9 file(s) to C:\AI_ML_Fellowship\Project2\Images\03_Masks_lama
[2026-07-31 09:39:49] [INFO] Frames with at least one artifact detection: 9/9
[2026-07-31 09:39:49] [INFO] Total processing time: 47.6s (5.29s/frame average)
[2026-07-31 09:39:49] [INFO] Script completed successfully.
[2026-07-31 09:39:49] [INFO] ============================================
