[2026-07-31 09:56:41] [INFO] ============================================
[2026-07-31 09:56:41] [INFO] Script started.
[2026-07-31 09:56:41] [INFO] Script name: 06_artifacts_removal_lama.py
[2026-07-31 09:56:41] [INFO] Project: AIML-Driven Super-Resolution and Volumetric Reconstruction for Mixing Tanks
[2026-07-31 09:56:41] [INFO] Script folder: C:\AI_ML_Fellowship\Project2\Scripts
[2026-07-31 09:56:41] [INFO] Input folder: C:\AI_ML_Fellowship\Project2\Images\02_Frames
[2026-07-31 09:56:41] [INFO] Output folder: C:\AI_ML_Fellowship\Project2\Images\03_Cleaned_lama
[2026-07-31 09:56:41] [INFO] Mask folder: C:\AI_ML_Fellowship\Project2\Images\03_Masks_lama
[2026-07-31 09:56:41] [INFO] White threshold: 245
[2026-07-31 09:56:41] [INFO] Protected mask sample size: 20
[2026-07-31 09:56:41] [INFO] Protected mask vote fraction: 0.8
[2026-07-31 09:56:41] [INFO] Minimum circle area: 5000px
[2026-07-31 09:56:41] [INFO] Circle shrink: 0px
[2026-07-31 09:56:41] [INFO] Artifact mask dilation: 3px
[2026-07-31 09:56:41] [INFO] Logs folder: C:\AI_ML_Fellowship\Project2\Scripts\Logs
[2026-07-31 09:56:41] [INFO] Log file: C:\AI_ML_Fellowship\Project2\Scripts\Logs\06_artifacts_removal_lama.log
[2026-07-31 09:56:41] [INFO] Found 9 PNG file(s) to process.
[2026-07-31 09:56:41] [INFO] Loading cached protected region mask: C:\AI_ML_Fellowship\Project2\Images\03_Masks_lama\_protected_region_mask.png
[2026-07-31 09:56:43] [INFO] Inference device: cpu
[2026-07-31 09:56:43] [INFO] Using local LaMa checkpoint: C:\AI_ML_Fellowship\Project2\Bin\big-lama.pt
[2026-07-31 09:56:44] [INFO] LaMa model loaded successfully in 0.6s.
[2026-07-31 09:56:48] [INFO] Processed: frame_0001.png (artifact detected: True, 4.62s)
[2026-07-31 09:56:52] [INFO] Processed: frame_0002.png (artifact detected: True, 4.16s)
[2026-07-31 09:56:56] [INFO] Processed: frame_0003.png (artifact detected: True, 4.01s)
[2026-07-31 09:57:01] [INFO] Processed: frame_0004.png (artifact detected: True, 4.93s)
[2026-07-31 09:57:07] [INFO] Processed: frame_0005.png (artifact detected: True, 5.81s)
[2026-07-31 09:57:12] [INFO] Processed: frame_0006.png (artifact detected: True, 5.20s)
[2026-07-31 09:57:18] [INFO] Processed: frame_0007.png (artifact detected: True, 5.55s)
[2026-07-31 09:57:24] [INFO] Processed: frame_0008.png (artifact detected: True, 6.49s)
[2026-07-31 09:57:30] [INFO] Processed: frame_0009.png (artifact detected: True, 6.09s)
[2026-07-31 09:57:30] [INFO] Cleaned frames saved: 9 file(s) to C:\AI_ML_Fellowship\Project2\Images\03_Cleaned_lama
[2026-07-31 09:57:30] [INFO] Mask files saved: 9 file(s) to C:\AI_ML_Fellowship\Project2\Images\03_Masks_lama
[2026-07-31 09:57:30] [INFO] Frames with at least one artifact detection: 9/9
[2026-07-31 09:57:30] [INFO] Total processing time: 46.9s (5.21s/frame average)
[2026-07-31 09:57:30] [INFO] Script completed successfully.
[2026-07-31 09:57:30] [INFO] ============================================
[2026-07-31 09:58:35] [INFO] ============================================
[2026-07-31 09:58:35] [INFO] Script started.
[2026-07-31 09:58:35] [INFO] Script name: 06_artifacts_removal_lama.py
[2026-07-31 09:58:35] [INFO] Project: AIML-Driven Super-Resolution and Volumetric Reconstruction for Mixing Tanks
[2026-07-31 09:58:35] [INFO] Script folder: C:\AI_ML_Fellowship\Project2\Scripts
[2026-07-31 09:58:35] [INFO] Input folder: C:\AI_ML_Fellowship\Project2\Images\02_Frames
[2026-07-31 09:58:35] [INFO] Output folder: C:\AI_ML_Fellowship\Project2\Images\03_Cleaned_lama
[2026-07-31 09:58:35] [INFO] Mask folder: C:\AI_ML_Fellowship\Project2\Images\03_Masks_lama
[2026-07-31 09:58:35] [INFO] White threshold: 245
[2026-07-31 09:58:35] [INFO] Protected mask sample size: 20
[2026-07-31 09:58:35] [INFO] Protected mask vote fraction: 0.8
[2026-07-31 09:58:35] [INFO] Minimum circle area: 5000px
[2026-07-31 09:58:35] [INFO] Circle shrink: 0px
[2026-07-31 09:58:35] [INFO] Artifact mask dilation: 3px
[2026-07-31 09:58:35] [INFO] Logs folder: C:\AI_ML_Fellowship\Project2\Scripts\Logs
[2026-07-31 09:58:35] [INFO] Log file: C:\AI_ML_Fellowship\Project2\Scripts\Logs\06_artifacts_removal_lama.log
[2026-07-31 09:58:35] [INFO] Found 9 PNG file(s) to process.
[2026-07-31 09:58:35] [INFO] Loading cached protected region mask: C:\AI_ML_Fellowship\Project2\Images\03_Masks_lama\_protected_region_mask.png
[2026-07-31 09:58:36] [INFO] Inference device: cpu
[2026-07-31 09:58:36] [INFO] Using local LaMa checkpoint: C:\AI_ML_Fellowship\Project2\Bin\big-lama.pt
[2026-07-31 09:58:37] [INFO] LaMa model loaded successfully in 0.5s.
[2026-07-31 09:58:41] [INFO] Processed: frame_0001.png (artifact detected: True, 4.75s)
[2026-07-31 09:58:46] [INFO] Processed: frame_0002.png (artifact detected: True, 4.52s)
[2026-07-31 09:58:50] [INFO] Processed: frame_0003.png (artifact detected: True, 4.27s)
[2026-07-31 09:58:55] [INFO] Processed: frame_0004.png (artifact detected: True, 5.05s)
[2026-07-31 09:59:00] [INFO] Processed: frame_0005.png (artifact detected: True, 5.10s)
[2026-07-31 09:59:05] [INFO] Processed: frame_0006.png (artifact detected: True, 5.05s)
[2026-07-31 09:59:10] [INFO] Processed: frame_0007.png (artifact detected: True, 4.98s)
[2026-07-31 09:59:15] [INFO] Processed: frame_0008.png (artifact detected: True, 5.04s)
[2026-07-31 09:59:21] [INFO] Processed: frame_0009.png (artifact detected: True, 5.40s)
[2026-07-31 09:59:21] [INFO] Cleaned frames saved: 9 file(s) to C:\AI_ML_Fellowship\Project2\Images\03_Cleaned_lama
[2026-07-31 09:59:21] [INFO] Mask files saved: 9 file(s) to C:\AI_ML_Fellowship\Project2\Images\03_Masks_lama
[2026-07-31 09:59:21] [INFO] Frames with at least one artifact detection: 9/9
[2026-07-31 09:59:21] [INFO] Total processing time: 44.2s (4.91s/frame average)
[2026-07-31 09:59:21] [INFO] Script completed successfully.
[2026-07-31 09:59:21] [INFO] ============================================
[2026-07-31 10:08:04] [INFO] ============================================
[2026-07-31 10:08:04] [INFO] Script started.
[2026-07-31 10:08:04] [INFO] Script name: 06_artifacts_removal_lama.py
[2026-07-31 10:08:04] [INFO] Project: AIML-Driven Super-Resolution and Volumetric Reconstruction for Mixing Tanks
[2026-07-31 10:08:04] [INFO] Script folder: C:\AI_ML_Fellowship\Project2\Scripts
[2026-07-31 10:08:04] [INFO] Input folder: C:\AI_ML_Fellowship\Project2\Images\02_Frames
[2026-07-31 10:08:04] [INFO] Output folder: C:\AI_ML_Fellowship\Project2\Images\03_Cleaned_lama
[2026-07-31 10:08:04] [INFO] Mask folder: C:\AI_ML_Fellowship\Project2\Images\03_Masks_lama
[2026-07-31 10:08:04] [INFO] White threshold: 245
[2026-07-31 10:08:04] [INFO] Protected mask sample size: 20
[2026-07-31 10:08:04] [INFO] Protected mask vote fraction: 0.8
[2026-07-31 10:08:04] [INFO] Minimum circle area: 5000px
[2026-07-31 10:08:04] [INFO] Opening kernel: 1px
[2026-07-31 10:08:04] [INFO] Radius outlier tolerance: 1.15x
[2026-07-31 10:08:04] [INFO] Circle shrink: 0px
[2026-07-31 10:08:04] [INFO] Artifact mask dilation: 3px
[2026-07-31 10:08:04] [INFO] Logs folder: C:\AI_ML_Fellowship\Project2\Scripts\Logs
[2026-07-31 10:08:04] [INFO] Log file: C:\AI_ML_Fellowship\Project2\Scripts\Logs\06_artifacts_removal_lama.log
[2026-07-31 10:08:04] [INFO] Found 9 PNG file(s) to process.
[2026-07-31 10:08:04] [INFO] Loading cached protected region mask: C:\AI_ML_Fellowship\Project2\Images\03_Masks_lama\_protected_region_mask.png
[2026-07-31 10:08:06] [INFO] Inference device: cpu
[2026-07-31 10:08:06] [INFO] Using local LaMa checkpoint: C:\AI_ML_Fellowship\Project2\Bin\big-lama.pt
[2026-07-31 10:08:06] [INFO] LaMa model loaded successfully in 0.6s.
[2026-07-31 10:08:11] [INFO] Processed: frame_0001.png (artifact detected: True, 4.84s)
[2026-07-31 10:08:15] [INFO] Processed: frame_0002.png (artifact detected: True, 4.51s)
[2026-07-31 10:08:20] [INFO] Processed: frame_0003.png (artifact detected: True, 4.20s)
[2026-07-31 10:08:24] [INFO] Processed: frame_0004.png (artifact detected: True, 4.29s)
[2026-07-31 10:08:28] [INFO] Processed: frame_0005.png (artifact detected: True, 4.31s)
[2026-07-31 10:08:33] [INFO] Processed: frame_0006.png (artifact detected: True, 4.93s)
[2026-07-31 10:08:39] [INFO] Processed: frame_0007.png (artifact detected: True, 5.35s)
[2026-07-31 10:08:45] [INFO] Processed: frame_0008.png (artifact detected: True, 6.06s)
[2026-07-31 10:08:52] [INFO] Processed: frame_0009.png (artifact detected: True, 6.92s)
[2026-07-31 10:08:52] [INFO] Cleaned frames saved: 9 file(s) to C:\AI_ML_Fellowship\Project2\Images\03_Cleaned_lama
[2026-07-31 10:08:52] [INFO] Mask files saved: 9 file(s) to C:\AI_ML_Fellowship\Project2\Images\03_Masks_lama
[2026-07-31 10:08:52] [INFO] Frames with at least one artifact detection: 9/9
[2026-07-31 10:08:52] [INFO] Total processing time: 45.4s (5.05s/frame average)
[2026-07-31 10:08:52] [INFO] Script completed successfully.
[2026-07-31 10:08:52] [INFO] ============================================
[2026-07-31 10:09:26] [INFO] ============================================
[2026-07-31 10:09:26] [INFO] Script started.
[2026-07-31 10:09:26] [INFO] Script name: 06_artifacts_removal_lama.py
[2026-07-31 10:09:26] [INFO] Project: AIML-Driven Super-Resolution and Volumetric Reconstruction for Mixing Tanks
[2026-07-31 10:09:26] [INFO] Script folder: C:\AI_ML_Fellowship\Project2\Scripts
[2026-07-31 10:09:26] [INFO] Input folder: C:\AI_ML_Fellowship\Project2\Images\02_Frames
[2026-07-31 10:09:26] [INFO] Output folder: C:\AI_ML_Fellowship\Project2\Images\03_Cleaned_lama
[2026-07-31 10:09:26] [INFO] Mask folder: C:\AI_ML_Fellowship\Project2\Images\03_Masks_lama
[2026-07-31 10:09:26] [INFO] White threshold: 245
[2026-07-31 10:09:26] [INFO] Protected mask sample size: 20
[2026-07-31 10:09:26] [INFO] Protected mask vote fraction: 0.8
[2026-07-31 10:09:26] [INFO] Minimum circle area: 5000px
[2026-07-31 10:09:26] [INFO] Opening kernel: 1px
[2026-07-31 10:09:26] [INFO] Radius outlier tolerance: 1.15x
[2026-07-31 10:09:26] [INFO] Circle shrink: 0px
[2026-07-31 10:09:26] [INFO] Artifact mask dilation: 3px
[2026-07-31 10:09:26] [INFO] Logs folder: C:\AI_ML_Fellowship\Project2\Scripts\Logs
[2026-07-31 10:09:26] [INFO] Log file: C:\AI_ML_Fellowship\Project2\Scripts\Logs\06_artifacts_removal_lama.log
[2026-07-31 10:09:26] [INFO] Found 9 PNG file(s) to process.
[2026-07-31 10:09:26] [INFO] Sampling 9 frame(s) to build protected plot-region mask: ['frame_0001.png', 'frame_0002.png', 'frame_0003.png', 'frame_0004.png', 'frame_0005.png', 'frame_0006.png', 'frame_0007.png', 'frame_0008.png', 'frame_0009.png']
[2026-07-31 10:09:27] [INFO] Detected 8 plot circle(s) via connected components (min area threshold: 5000px).
[2026-07-31 10:09:27] [INFO] Protected plot-region mask built: 226760/564000 px (40.2%) protected.
[2026-07-31 10:09:27] [INFO] Protected region mask cached to: C:\AI_ML_Fellowship\Project2\Images\03_Masks_lama\_protected_region_mask.png
[2026-07-31 10:09:31] [INFO] Inference device: cpu
[2026-07-31 10:09:31] [INFO] Using local LaMa checkpoint: C:\AI_ML_Fellowship\Project2\Bin\big-lama.pt
[2026-07-31 10:09:32] [INFO] LaMa model loaded successfully in 0.7s.
[2026-07-31 10:09:36] [INFO] Processed: frame_0001.png (artifact detected: True, 4.81s)
[2026-07-31 10:09:41] [INFO] Processed: frame_0002.png (artifact detected: True, 4.49s)
[2026-07-31 10:09:46] [INFO] Processed: frame_0003.png (artifact detected: True, 5.11s)
[2026-07-31 10:09:52] [INFO] Processed: frame_0004.png (artifact detected: True, 6.32s)
[2026-07-31 10:09:58] [INFO] Processed: frame_0005.png (artifact detected: True, 5.67s)
[2026-07-31 10:10:04] [INFO] Processed: frame_0006.png (artifact detected: True, 5.75s)
[2026-07-31 10:10:10] [INFO] Processed: frame_0007.png (artifact detected: True, 6.25s)
[2026-07-31 10:10:16] [INFO] Processed: frame_0008.png (artifact detected: True, 5.48s)
[2026-07-31 10:10:22] [INFO] Processed: frame_0009.png (artifact detected: True, 6.38s)
[2026-07-31 10:10:22] [INFO] Cleaned frames saved: 9 file(s) to C:\AI_ML_Fellowship\Project2\Images\03_Cleaned_lama
[2026-07-31 10:10:22] [INFO] Mask files saved: 9 file(s) to C:\AI_ML_Fellowship\Project2\Images\03_Masks_lama
[2026-07-31 10:10:22] [INFO] Frames with at least one artifact detection: 9/9
[2026-07-31 10:10:22] [INFO] Total processing time: 50.3s (5.59s/frame average)
[2026-07-31 10:10:22] [INFO] Script completed successfully.
[2026-07-31 10:10:22] [INFO] ============================================
[2026-07-31 10:13:03] [INFO] ============================================
[2026-07-31 10:13:03] [INFO] Script started.
[2026-07-31 10:13:03] [INFO] Script name: 06_artifacts_removal_lama.py
[2026-07-31 10:13:03] [INFO] Project: AIML-Driven Super-Resolution and Volumetric Reconstruction for Mixing Tanks
[2026-07-31 10:13:03] [INFO] Script folder: C:\AI_ML_Fellowship\Project2\Scripts
[2026-07-31 10:13:03] [INFO] Input folder: C:\AI_ML_Fellowship\Project2\Images\02_Frames
[2026-07-31 10:13:03] [INFO] Output folder: C:\AI_ML_Fellowship\Project2\Images\03_Cleaned_lama
[2026-07-31 10:13:03] [INFO] Mask folder: C:\AI_ML_Fellowship\Project2\Images\03_Masks_lama
[2026-07-31 10:13:03] [INFO] White threshold: 245
[2026-07-31 10:13:03] [INFO] Protected mask sample size: 20
[2026-07-31 10:13:03] [INFO] Protected mask vote fraction: 0.8
[2026-07-31 10:13:03] [INFO] Minimum circle area: 5000px
[2026-07-31 10:13:03] [INFO] Opening kernel: 1px
[2026-07-31 10:13:03] [INFO] Radius outlier tolerance: 1.15x
[2026-07-31 10:13:03] [INFO] Circle shrink: 0px
[2026-07-31 10:13:03] [INFO] Artifact mask dilation: 3px
[2026-07-31 10:13:03] [INFO] Logs folder: C:\AI_ML_Fellowship\Project2\Scripts\Logs
[2026-07-31 10:13:03] [INFO] Log file: C:\AI_ML_Fellowship\Project2\Scripts\Logs\06_artifacts_removal_lama.log
[2026-07-31 10:13:03] [INFO] Found 129 PNG file(s) to process.
[2026-07-31 10:13:03] [INFO] Sampling 20 frame(s) to build protected plot-region mask: ['frame_0001.png', 'frame_0007.png', 'frame_0013.png', 'frame_0019.png', 'frame_0025.png', 'frame_0031.png', 'frame_0037.png', 'frame_0043.png', 'frame_0049.png', 'frame_0055.png', 'frame_0061.png', 'frame_0067.png', 'frame_0073.png', 'frame_0079.png', 'frame_0085.png', 'frame_0091.png', 'frame_0097.png', 'frame_0103.png', 'frame_0109.png', 'frame_0115.png']
[2026-07-31 10:13:03] [INFO] Detected 8 plot circle(s) via connected components (min area threshold: 5000px).
[2026-07-31 10:13:03] [INFO] Protected plot-region mask built: 226760/564000 px (40.2%) protected.
[2026-07-31 10:13:03] [INFO] Protected region mask cached to: C:\AI_ML_Fellowship\Project2\Images\03_Masks_lama\_protected_region_mask.png
[2026-07-31 10:13:05] [INFO] Inference device: cpu
[2026-07-31 10:13:05] [INFO] Using local LaMa checkpoint: C:\AI_ML_Fellowship\Project2\Bin\big-lama.pt
[2026-07-31 10:13:06] [INFO] LaMa model loaded successfully in 0.6s.
[2026-07-31 10:13:10] [INFO] Processed: frame_0001.png (artifact detected: True, 4.50s)
[2026-07-31 10:13:14] [INFO] Processed: frame_0002.png (artifact detected: True, 4.22s)
[2026-07-31 10:13:19] [INFO] Processed: frame_0003.png (artifact detected: True, 4.29s)
[2026-07-31 10:13:23] [INFO] Processed: frame_0004.png (artifact detected: True, 4.34s)
[2026-07-31 10:13:28] [INFO] Processed: frame_0005.png (artifact detected: True, 4.80s)
[2026-07-31 10:13:33] [INFO] Processed: frame_0006.png (artifact detected: True, 4.87s)
[2026-07-31 10:13:37] [INFO] Processed: frame_0007.png (artifact detected: True, 4.87s)
[2026-07-31 10:13:42] [INFO] Processed: frame_0008.png (artifact detected: True, 4.90s)
[2026-07-31 10:13:47] [INFO] Processed: frame_0009.png (artifact detected: True, 4.78s)
[2026-07-31 10:13:52] [INFO] Processed: frame_0010.png (artifact detected: True, 4.78s)
[2026-07-31 10:13:57] [INFO] Processed: frame_0011.png (artifact detected: True, 4.86s)
[2026-07-31 10:14:02] [INFO] Processed: frame_0012.png (artifact detected: True, 4.91s)
[2026-07-31 10:14:07] [INFO] Processed: frame_0013.png (artifact detected: True, 4.81s)
[2026-07-31 10:14:11] [INFO] Processed: frame_0014.png (artifact detected: True, 4.72s)
[2026-07-31 10:14:16] [INFO] Processed: frame_0015.png (artifact detected: True, 4.85s)
[2026-07-31 10:14:21] [INFO] Processed: frame_0016.png (artifact detected: True, 4.74s)
[2026-07-31 10:14:26] [INFO] Processed: frame_0017.png (artifact detected: True, 4.81s)
[2026-07-31 10:14:31] [INFO] Processed: frame_0018.png (artifact detected: True, 5.02s)
[2026-07-31 10:14:36] [INFO] Processed: frame_0019.png (artifact detected: True, 4.95s)
[2026-07-31 10:14:41] [INFO] Processed: frame_0020.png (artifact detected: True, 4.95s)
[2026-07-31 10:14:45] [INFO] Processed: frame_0021.png (artifact detected: True, 4.81s)
[2026-07-31 10:14:50] [INFO] Processed: frame_0022.png (artifact detected: True, 4.73s)
[2026-07-31 10:14:55] [INFO] Processed: frame_0023.png (artifact detected: True, 4.76s)
[2026-07-31 10:15:00] [INFO] Processed: frame_0024.png (artifact detected: True, 4.83s)
[2026-07-31 10:15:05] [INFO] Processed: frame_0025.png (artifact detected: True, 4.88s)
[2026-07-31 10:15:09] [INFO] Processed: frame_0026.png (artifact detected: True, 4.74s)
[2026-07-31 10:15:14] [INFO] Processed: frame_0027.png (artifact detected: True, 4.77s)
[2026-07-31 10:15:19] [INFO] Processed: frame_0028.png (artifact detected: True, 4.78s)
[2026-07-31 10:15:24] [INFO] Processed: frame_0029.png (artifact detected: True, 4.77s)
[2026-07-31 10:15:28] [INFO] Processed: frame_0030.png (artifact detected: True, 4.74s)
[2026-07-31 10:15:33] [INFO] Processed: frame_0031.png (artifact detected: True, 4.86s)
[2026-07-31 10:15:38] [INFO] Processed: frame_0032.png (artifact detected: True, 4.92s)
[2026-07-31 10:15:43] [INFO] Processed: frame_0033.png (artifact detected: True, 4.92s)
[2026-07-31 10:15:48] [INFO] Processed: frame_0034.png (artifact detected: True, 4.81s)
[2026-07-31 10:15:53] [INFO] Processed: frame_0035.png (artifact detected: True, 4.76s)
[2026-07-31 10:15:57] [INFO] Processed: frame_0036.png (artifact detected: True, 4.77s)
[2026-07-31 10:16:02] [INFO] Processed: frame_0037.png (artifact detected: True, 4.83s)
[2026-07-31 10:16:07] [INFO] Processed: frame_0038.png (artifact detected: True, 4.81s)
[2026-07-31 10:16:12] [INFO] Processed: frame_0039.png (artifact detected: True, 4.78s)
[2026-07-31 10:16:17] [INFO] Processed: frame_0040.png (artifact detected: True, 4.78s)
[2026-07-31 10:16:22] [INFO] Processed: frame_0041.png (artifact detected: True, 4.95s)
[2026-07-31 10:16:26] [INFO] Processed: frame_0042.png (artifact detected: True, 4.72s)
[2026-07-31 10:16:31] [INFO] Processed: frame_0043.png (artifact detected: True, 4.80s)
[2026-07-31 10:16:36] [INFO] Processed: frame_0044.png (artifact detected: True, 4.74s)
[2026-07-31 10:16:41] [INFO] Processed: frame_0045.png (artifact detected: True, 5.00s)
[2026-07-31 10:16:46] [INFO] Processed: frame_0046.png (artifact detected: True, 4.85s)
[2026-07-31 10:16:50] [INFO] Processed: frame_0047.png (artifact detected: True, 4.71s)
[2026-07-31 10:16:55] [INFO] Processed: frame_0048.png (artifact detected: True, 4.71s)
[2026-07-31 10:17:00] [INFO] Processed: frame_0049.png (artifact detected: True, 4.77s)
[2026-07-31 10:17:05] [INFO] Processed: frame_0050.png (artifact detected: True, 4.82s)
[2026-07-31 10:17:09] [INFO] Processed: frame_0051.png (artifact detected: True, 4.74s)
[2026-07-31 10:17:14] [INFO] Processed: frame_0052.png (artifact detected: True, 4.74s)
[2026-07-31 10:17:19] [INFO] Processed: frame_0053.png (artifact detected: True, 4.79s)
[2026-07-31 10:17:24] [INFO] Processed: frame_0054.png (artifact detected: True, 4.93s)
[2026-07-31 10:17:29] [INFO] Processed: frame_0055.png (artifact detected: True, 4.83s)
[2026-07-31 10:17:33] [INFO] Processed: frame_0056.png (artifact detected: True, 4.70s)
[2026-07-31 10:17:38] [INFO] Processed: frame_0057.png (artifact detected: True, 4.81s)
[2026-07-31 10:17:43] [INFO] Processed: frame_0058.png (artifact detected: True, 5.01s)
[2026-07-31 10:17:48] [INFO] Processed: frame_0059.png (artifact detected: True, 4.94s)
[2026-07-31 10:17:53] [INFO] Processed: frame_0060.png (artifact detected: True, 5.05s)
[2026-07-31 10:17:58] [INFO] Processed: frame_0061.png (artifact detected: True, 5.24s)
[2026-07-31 10:18:03] [INFO] Processed: frame_0062.png (artifact detected: True, 5.01s)
[2026-07-31 10:18:09] [INFO] Processed: frame_0063.png (artifact detected: True, 5.13s)
[2026-07-31 10:18:14] [INFO] Processed: frame_0064.png (artifact detected: True, 5.00s)
[2026-07-31 10:18:19] [INFO] Processed: frame_0065.png (artifact detected: True, 5.06s)
[2026-07-31 10:18:24] [INFO] Processed: frame_0066.png (artifact detected: True, 5.02s)
[2026-07-31 10:18:29] [INFO] Processed: frame_0067.png (artifact detected: True, 4.90s)
[2026-07-31 10:18:34] [INFO] Processed: frame_0068.png (artifact detected: True, 4.99s)
[2026-07-31 10:18:39] [INFO] Processed: frame_0069.png (artifact detected: True, 5.08s)
[2026-07-31 10:18:44] [INFO] Processed: frame_0070.png (artifact detected: True, 5.35s)
[2026-07-31 10:18:49] [INFO] Processed: frame_0071.png (artifact detected: True, 5.00s)
[2026-07-31 10:18:54] [INFO] Processed: frame_0072.png (artifact detected: True, 5.06s)
[2026-07-31 10:18:59] [INFO] Processed: frame_0073.png (artifact detected: True, 5.08s)
[2026-07-31 10:19:04] [INFO] Processed: frame_0074.png (artifact detected: True, 5.32s)
[2026-07-31 10:19:10] [INFO] Processed: frame_0075.png (artifact detected: True, 5.60s)
[2026-07-31 10:19:15] [INFO] Processed: frame_0076.png (artifact detected: True, 5.05s)
[2026-07-31 10:19:20] [INFO] Processed: frame_0077.png (artifact detected: True, 5.17s)
[2026-07-31 10:19:25] [INFO] Processed: frame_0078.png (artifact detected: True, 5.04s)
[2026-07-31 10:19:30] [INFO] Processed: frame_0079.png (artifact detected: True, 5.02s)
[2026-07-31 10:19:35] [INFO] Processed: frame_0080.png (artifact detected: True, 5.12s)
[2026-07-31 10:19:40] [INFO] Processed: frame_0081.png (artifact detected: True, 4.97s)
[2026-07-31 10:19:46] [INFO] Processed: frame_0082.png (artifact detected: True, 5.28s)
[2026-07-31 10:19:50] [INFO] Processed: frame_0083.png (artifact detected: True, 4.72s)
[2026-07-31 10:19:56] [INFO] Processed: frame_0084.png (artifact detected: True, 5.06s)
[2026-07-31 10:20:00] [INFO] Processed: frame_0085.png (artifact detected: True, 4.84s)
[2026-07-31 10:20:05] [INFO] Processed: frame_0086.png (artifact detected: True, 4.95s)
[2026-07-31 10:20:10] [INFO] Processed: frame_0087.png (artifact detected: True, 4.72s)
[2026-07-31 10:20:15] [INFO] Processed: frame_0088.png (artifact detected: True, 4.86s)
[2026-07-31 10:20:20] [INFO] Processed: frame_0089.png (artifact detected: True, 5.16s)
[2026-07-31 10:20:25] [INFO] Processed: frame_0090.png (artifact detected: True, 5.32s)
[2026-07-31 10:20:31] [INFO] Processed: frame_0091.png (artifact detected: True, 5.15s)
[2026-07-31 10:20:36] [INFO] Processed: frame_0092.png (artifact detected: True, 5.31s)
[2026-07-31 10:20:41] [INFO] Processed: frame_0093.png (artifact detected: True, 5.19s)
[2026-07-31 10:20:47] [INFO] Processed: frame_0094.png (artifact detected: True, 5.98s)
[2026-07-31 10:20:53] [INFO] Processed: frame_0095.png (artifact detected: True, 5.53s)
[2026-07-31 10:20:58] [INFO] Processed: frame_0096.png (artifact detected: True, 5.84s)
[2026-07-31 10:21:05] [INFO] Processed: frame_0097.png (artifact detected: True, 6.15s)
[2026-07-31 10:21:10] [INFO] Processed: frame_0098.png (artifact detected: True, 5.76s)
[2026-07-31 10:21:16] [INFO] Processed: frame_0099.png (artifact detected: True, 5.95s)
[2026-07-31 10:21:22] [INFO] Processed: frame_0100.png (artifact detected: True, 5.49s)
[2026-07-31 10:21:27] [INFO] Processed: frame_0101.png (artifact detected: True, 5.23s)
[2026-07-31 10:21:32] [INFO] Processed: frame_0102.png (artifact detected: True, 5.17s)
[2026-07-31 10:21:37] [INFO] Processed: frame_0103.png (artifact detected: True, 5.15s)
[2026-07-31 10:21:43] [INFO] Processed: frame_0104.png (artifact detected: True, 5.45s)
[2026-07-31 10:21:48] [INFO] Processed: frame_0105.png (artifact detected: True, 5.58s)
[2026-07-31 10:21:53] [INFO] Processed: frame_0106.png (artifact detected: True, 5.14s)
[2026-07-31 10:21:59] [INFO] Processed: frame_0107.png (artifact detected: True, 5.02s)
[2026-07-31 10:22:04] [INFO] Processed: frame_0108.png (artifact detected: True, 5.07s)
[2026-07-31 10:22:08] [INFO] Processed: frame_0109.png (artifact detected: True, 4.85s)
[2026-07-31 10:22:13] [INFO] Processed: frame_0110.png (artifact detected: True, 4.99s)
[2026-07-31 10:22:18] [INFO] Processed: frame_0111.png (artifact detected: True, 4.82s)
[2026-07-31 10:22:23] [INFO] Processed: frame_0112.png (artifact detected: True, 4.83s)
[2026-07-31 10:22:28] [INFO] Processed: frame_0113.png (artifact detected: True, 4.93s)
[2026-07-31 10:22:33] [INFO] Processed: frame_0114.png (artifact detected: True, 4.75s)
[2026-07-31 10:22:38] [INFO] Processed: frame_0115.png (artifact detected: True, 4.84s)
[2026-07-31 10:22:42] [INFO] Processed: frame_0116.png (artifact detected: True, 4.79s)
[2026-07-31 10:22:47] [INFO] Processed: frame_0117.png (artifact detected: True, 5.04s)
[2026-07-31 10:22:52] [INFO] Processed: frame_0118.png (artifact detected: True, 4.75s)
[2026-07-31 10:22:57] [INFO] Processed: frame_0119.png (artifact detected: True, 4.85s)
[2026-07-31 10:23:02] [INFO] Processed: frame_0120.png (artifact detected: True, 4.95s)
[2026-07-31 10:23:07] [INFO] Processed: frame_0121.png (artifact detected: True, 4.87s)
[2026-07-31 10:23:12] [INFO] Processed: frame_0122.png (artifact detected: True, 4.69s)
[2026-07-31 10:23:16] [INFO] Processed: frame_0123.png (artifact detected: True, 4.87s)
[2026-07-31 10:23:21] [INFO] Processed: frame_0124.png (artifact detected: True, 4.76s)
[2026-07-31 10:23:26] [INFO] Processed: frame_0125.png (artifact detected: True, 4.80s)
[2026-07-31 10:23:31] [INFO] Processed: frame_0126.png (artifact detected: True, 4.82s)
[2026-07-31 10:23:36] [INFO] Processed: frame_0127.png (artifact detected: True, 4.83s)
[2026-07-31 10:23:40] [INFO] Processed: frame_0128.png (artifact detected: True, 4.82s)
[2026-07-31 10:23:45] [INFO] Processed: frame_0129.png (artifact detected: True, 4.81s)
[2026-07-31 10:23:45] [INFO] Cleaned frames saved: 129 file(s) to C:\AI_ML_Fellowship\Project2\Images\03_Cleaned_lama
[2026-07-31 10:23:45] [INFO] Mask files saved: 129 file(s) to C:\AI_ML_Fellowship\Project2\Images\03_Masks_lama
[2026-07-31 10:23:45] [INFO] Frames with at least one artifact detection: 129/129
[2026-07-31 10:23:45] [INFO] Total processing time: 639.7s (4.96s/frame average)
[2026-07-31 10:23:45] [INFO] Script completed successfully.
[2026-07-31 10:23:45] [INFO] ============================================
[2026-08-01 10:53:12] [INFO] ============================================
[2026-08-01 10:53:12] [INFO] Script started.
[2026-08-01 10:53:12] [INFO] Script name: 06_artifacts_removal_lama.py
[2026-08-01 10:53:12] [INFO] Project: AIML-Driven Super-Resolution and Volumetric Reconstruction for Mixing Tanks
[2026-08-01 10:53:12] [INFO] Script folder: C:\AI_ML_Fellowship\Project2\Scripts
[2026-08-01 10:53:12] [INFO] Input folder: C:\AI_ML_Fellowship\Project2\Images\02_Frames
[2026-08-01 10:53:12] [INFO] Output folder: C:\AI_ML_Fellowship\Project2\Images\03_Cleaned_lama
[2026-08-01 10:53:12] [INFO] Mask folder: C:\AI_ML_Fellowship\Project2\Images\03_Masks_lama
[2026-08-01 10:53:12] [INFO] White threshold: 245
[2026-08-01 10:53:12] [INFO] Protected mask sample size: 20
[2026-08-01 10:53:12] [INFO] Protected mask vote fraction: 0.8
[2026-08-01 10:53:12] [INFO] Minimum circle area: 5000px
[2026-08-01 10:53:12] [INFO] Opening kernel: 1px
[2026-08-01 10:53:12] [INFO] Radius outlier tolerance: 1.15x
[2026-08-01 10:53:12] [INFO] Circle shrink: 0px
[2026-08-01 10:53:12] [INFO] Artifact mask dilation: 3px
[2026-08-01 10:53:12] [INFO] Logs folder: C:\AI_ML_Fellowship\Project2\Scripts\Logs
[2026-08-01 10:53:12] [INFO] Log file: C:\AI_ML_Fellowship\Project2\Scripts\Logs\06_artifacts_removal_lama.log
[2026-08-01 10:53:12] [INFO] Found 129 PNG file(s) to process.
[2026-08-01 10:53:12] [INFO] Sampling 20 frame(s) to build protected plot-region mask: ['frame_0001.png', 'frame_0007.png', 'frame_0013.png', 'frame_0019.png', 'frame_0025.png', 'frame_0031.png', 'frame_0037.png', 'frame_0043.png', 'frame_0049.png', 'frame_0055.png', 'frame_0061.png', 'frame_0067.png', 'frame_0073.png', 'frame_0079.png', 'frame_0085.png', 'frame_0091.png', 'frame_0097.png', 'frame_0103.png', 'frame_0109.png', 'frame_0115.png']
[2026-08-01 10:53:13] [INFO] Detected 8 plot circle(s) via connected components (min area threshold: 5000px).
[2026-08-01 10:53:13] [INFO] Protected plot-region mask built: 226760/564000 px (40.2%) protected.
[2026-08-01 10:53:13] [INFO] Protected region mask cached to: C:\AI_ML_Fellowship\Project2\Images\03_Masks_lama\_protected_region_mask.png
[2026-08-01 10:53:17] [INFO] Inference device: cpu
[2026-08-01 10:53:17] [INFO] Using local LaMa checkpoint: C:\AI_ML_Fellowship\Project2\Bin\big-lama.pt
[2026-08-01 10:53:18] [INFO] LaMa model loaded successfully in 0.8s.
[2026-08-01 10:53:23] [INFO] Processed: frame_0001.png (artifact detected: True, 5.10s)
[2026-08-01 10:53:28] [INFO] Processed: frame_0002.png (artifact detected: True, 4.44s)
[2026-08-01 10:53:32] [INFO] Processed: frame_0003.png (artifact detected: True, 4.29s)
[2026-08-01 10:53:38] [INFO] Processed: frame_0004.png (artifact detected: True, 6.11s)
[2026-08-01 10:53:44] [INFO] Processed: frame_0005.png (artifact detected: True, 6.01s)
[2026-08-01 10:53:49] [INFO] Processed: frame_0006.png (artifact detected: True, 5.10s)
[2026-08-01 10:53:54] [INFO] Processed: frame_0007.png (artifact detected: True, 5.10s)
[2026-08-01 10:54:00] [INFO] Processed: frame_0008.png (artifact detected: True, 5.47s)
[2026-08-01 10:54:05] [INFO] Processed: frame_0009.png (artifact detected: True, 5.28s)
[2026-08-01 10:54:12] [INFO] Processed: frame_0010.png (artifact detected: True, 6.58s)
[2026-08-01 10:54:18] [INFO] Processed: frame_0011.png (artifact detected: True, 6.85s)
[2026-08-01 10:54:24] [INFO] Processed: frame_0012.png (artifact detected: True, 5.16s)
[2026-08-01 10:54:30] [INFO] Processed: frame_0013.png (artifact detected: True, 6.60s)
[2026-08-01 10:54:37] [INFO] Processed: frame_0014.png (artifact detected: True, 6.34s)
[2026-08-01 10:54:43] [INFO] Processed: frame_0015.png (artifact detected: True, 6.26s)
[2026-08-01 10:54:49] [INFO] Processed: frame_0016.png (artifact detected: True, 6.17s)
[2026-08-01 10:54:55] [INFO] Processed: frame_0017.png (artifact detected: True, 6.31s)
[2026-08-01 10:55:01] [INFO] Processed: frame_0018.png (artifact detected: True, 6.23s)
[2026-08-01 10:55:08] [INFO] Processed: frame_0019.png (artifact detected: True, 6.35s)
[2026-08-01 10:55:14] [INFO] Processed: frame_0020.png (artifact detected: True, 6.40s)
[2026-08-01 10:55:21] [INFO] Processed: frame_0021.png (artifact detected: True, 6.25s)
[2026-08-01 10:55:27] [INFO] Processed: frame_0022.png (artifact detected: True, 6.49s)
[2026-08-01 10:55:34] [INFO] Processed: frame_0023.png (artifact detected: True, 6.71s)
[2026-08-01 10:55:40] [INFO] Processed: frame_0024.png (artifact detected: True, 6.78s)
[2026-08-01 10:55:47] [INFO] Processed: frame_0025.png (artifact detected: True, 6.69s)
[2026-08-01 10:55:54] [INFO] Processed: frame_0026.png (artifact detected: True, 6.94s)
[2026-08-01 10:56:01] [INFO] Processed: frame_0027.png (artifact detected: True, 6.77s)
[2026-08-01 10:56:08] [INFO] Processed: frame_0028.png (artifact detected: True, 6.89s)
[2026-08-01 10:56:13] [INFO] Processed: frame_0029.png (artifact detected: True, 5.37s)
[2026-08-01 10:56:19] [INFO] Processed: frame_0030.png (artifact detected: True, 5.52s)
[2026-08-01 10:56:24] [INFO] Processed: frame_0031.png (artifact detected: True, 5.60s)
[2026-08-01 10:56:30] [INFO] Processed: frame_0032.png (artifact detected: True, 5.30s)
[2026-08-01 10:56:35] [INFO] Processed: frame_0033.png (artifact detected: True, 5.25s)
[2026-08-01 10:56:40] [INFO] Processed: frame_0034.png (artifact detected: True, 5.28s)
[2026-08-01 10:56:45] [INFO] Processed: frame_0035.png (artifact detected: True, 5.21s)
[2026-08-01 10:56:51] [INFO] Processed: frame_0036.png (artifact detected: True, 5.32s)
[2026-08-01 10:56:56] [INFO] Processed: frame_0037.png (artifact detected: True, 5.51s)
[2026-08-01 10:57:01] [INFO] Processed: frame_0038.png (artifact detected: True, 5.15s)
[2026-08-01 10:57:07] [INFO] Processed: frame_0039.png (artifact detected: True, 5.38s)
[2026-08-01 10:57:12] [INFO] Processed: frame_0040.png (artifact detected: True, 5.02s)
[2026-08-01 10:57:17] [INFO] Processed: frame_0041.png (artifact detected: True, 5.13s)
[2026-08-01 10:57:22] [INFO] Processed: frame_0042.png (artifact detected: True, 5.12s)
[2026-08-01 10:57:27] [INFO] Processed: frame_0043.png (artifact detected: True, 5.20s)
[2026-08-01 10:57:32] [INFO] Processed: frame_0044.png (artifact detected: True, 5.23s)
[2026-08-01 10:57:38] [INFO] Processed: frame_0045.png (artifact detected: True, 5.34s)
[2026-08-01 10:57:43] [INFO] Processed: frame_0046.png (artifact detected: True, 5.20s)
[2026-08-01 10:57:49] [INFO] Processed: frame_0047.png (artifact detected: True, 5.95s)
[2026-08-01 10:57:55] [INFO] Processed: frame_0048.png (artifact detected: True, 6.28s)
[2026-08-01 10:58:01] [INFO] Processed: frame_0049.png (artifact detected: True, 5.84s)
[2026-08-01 10:58:07] [INFO] Processed: frame_0050.png (artifact detected: True, 6.02s)
[2026-08-01 10:58:13] [INFO] Processed: frame_0051.png (artifact detected: True, 6.07s)
[2026-08-01 10:58:19] [INFO] Processed: frame_0052.png (artifact detected: True, 5.78s)
[2026-08-01 10:58:25] [INFO] Processed: frame_0053.png (artifact detected: True, 5.73s)
[2026-08-01 10:58:30] [INFO] Processed: frame_0054.png (artifact detected: True, 5.75s)
[2026-08-01 10:58:37] [INFO] Processed: frame_0055.png (artifact detected: True, 6.54s)
[2026-08-01 10:58:44] [INFO] Processed: frame_0056.png (artifact detected: True, 7.50s)
[2026-08-01 10:58:51] [INFO] Processed: frame_0057.png (artifact detected: True, 6.42s)
[2026-08-01 10:58:58] [INFO] Processed: frame_0058.png (artifact detected: True, 7.14s)
[2026-08-01 10:59:06] [INFO] Processed: frame_0059.png (artifact detected: True, 8.40s)
[2026-08-01 10:59:13] [INFO] Processed: frame_0060.png (artifact detected: True, 6.91s)
[2026-08-01 10:59:20] [INFO] Processed: frame_0061.png (artifact detected: True, 6.77s)
[2026-08-01 10:59:27] [INFO] Processed: frame_0062.png (artifact detected: True, 6.49s)
[2026-08-01 10:59:33] [INFO] Processed: frame_0063.png (artifact detected: True, 6.16s)
[2026-08-01 10:59:39] [INFO] Processed: frame_0064.png (artifact detected: True, 6.44s)
[2026-08-01 10:59:45] [INFO] Processed: frame_0065.png (artifact detected: True, 5.69s)
[2026-08-01 10:59:51] [INFO] Processed: frame_0066.png (artifact detected: True, 6.07s)
[2026-08-01 10:59:57] [INFO] Processed: frame_0067.png (artifact detected: True, 6.01s)
[2026-08-01 11:00:03] [INFO] Processed: frame_0068.png (artifact detected: True, 6.38s)
[2026-08-01 11:00:10] [INFO] Processed: frame_0069.png (artifact detected: True, 6.44s)
[2026-08-01 11:00:16] [INFO] Processed: frame_0070.png (artifact detected: True, 6.03s)
[2026-08-01 11:00:22] [INFO] Processed: frame_0071.png (artifact detected: True, 6.48s)
[2026-08-01 11:00:29] [INFO] Processed: frame_0072.png (artifact detected: True, 6.36s)
[2026-08-01 11:00:35] [INFO] Processed: frame_0073.png (artifact detected: True, 5.95s)
[2026-08-01 11:00:41] [INFO] Processed: frame_0074.png (artifact detected: True, 6.78s)
[2026-08-01 11:00:47] [INFO] Processed: frame_0075.png (artifact detected: True, 5.99s)
[2026-08-01 11:00:53] [INFO] Processed: frame_0076.png (artifact detected: True, 5.83s)
[2026-08-01 11:00:59] [INFO] Processed: frame_0077.png (artifact detected: True, 5.75s)
[2026-08-01 11:01:05] [INFO] Processed: frame_0078.png (artifact detected: True, 5.72s)
[2026-08-01 11:01:10] [INFO] Processed: frame_0079.png (artifact detected: True, 5.88s)
[2026-08-01 11:01:16] [INFO] Processed: frame_0080.png (artifact detected: True, 5.88s)
[2026-08-01 11:01:22] [INFO] Processed: frame_0081.png (artifact detected: True, 5.93s)
[2026-08-01 11:01:28] [INFO] Processed: frame_0082.png (artifact detected: True, 5.87s)
[2026-08-01 11:01:35] [INFO] Processed: frame_0083.png (artifact detected: True, 7.26s)
[2026-08-01 11:01:42] [INFO] Processed: frame_0084.png (artifact detected: True, 6.07s)
[2026-08-01 11:01:47] [INFO] Processed: frame_0085.png (artifact detected: True, 5.91s)
[2026-08-01 11:01:54] [INFO] Processed: frame_0086.png (artifact detected: True, 6.56s)
[2026-08-01 11:02:00] [INFO] Processed: frame_0087.png (artifact detected: True, 6.23s)
[2026-08-01 11:02:07] [INFO] Processed: frame_0088.png (artifact detected: True, 6.68s)
[2026-08-01 11:02:14] [INFO] Processed: frame_0089.png (artifact detected: True, 7.34s)
[2026-08-01 11:02:21] [INFO] Processed: frame_0090.png (artifact detected: True, 6.67s)
[2026-08-01 11:02:28] [INFO] Processed: frame_0091.png (artifact detected: True, 6.59s)
[2026-08-01 11:02:34] [INFO] Processed: frame_0092.png (artifact detected: True, 6.65s)
[2026-08-01 11:02:41] [INFO] Processed: frame_0093.png (artifact detected: True, 6.81s)
[2026-08-01 11:02:48] [INFO] Processed: frame_0094.png (artifact detected: True, 6.54s)
[2026-08-01 11:02:54] [INFO] Processed: frame_0095.png (artifact detected: True, 6.88s)
[2026-08-01 11:03:01] [INFO] Processed: frame_0096.png (artifact detected: True, 6.60s)
[2026-08-01 11:03:08] [INFO] Processed: frame_0097.png (artifact detected: True, 6.82s)
[2026-08-01 11:03:15] [INFO] Processed: frame_0098.png (artifact detected: True, 6.75s)
[2026-08-01 11:03:21] [INFO] Processed: frame_0099.png (artifact detected: True, 6.68s)
[2026-08-01 11:03:28] [INFO] Processed: frame_0100.png (artifact detected: True, 6.55s)
[2026-08-01 11:03:35] [INFO] Processed: frame_0101.png (artifact detected: True, 6.78s)
[2026-08-01 11:03:41] [INFO] Processed: frame_0102.png (artifact detected: True, 6.72s)
[2026-08-01 11:03:48] [INFO] Processed: frame_0103.png (artifact detected: True, 6.43s)
[2026-08-01 11:03:55] [INFO] Processed: frame_0104.png (artifact detected: True, 7.59s)
[2026-08-01 11:04:02] [INFO] Processed: frame_0105.png (artifact detected: True, 6.89s)
[2026-08-01 11:04:09] [INFO] Processed: frame_0106.png (artifact detected: True, 7.08s)
[2026-08-01 11:04:16] [INFO] Processed: frame_0107.png (artifact detected: True, 6.82s)
[2026-08-01 11:04:23] [INFO] Processed: frame_0108.png (artifact detected: True, 6.43s)
[2026-08-01 11:04:29] [INFO] Processed: frame_0109.png (artifact detected: True, 6.33s)
[2026-08-01 11:04:35] [INFO] Processed: frame_0110.png (artifact detected: True, 6.37s)
[2026-08-01 11:04:42] [INFO] Processed: frame_0111.png (artifact detected: True, 6.52s)
[2026-08-01 11:04:49] [INFO] Processed: frame_0112.png (artifact detected: True, 7.03s)
[2026-08-01 11:04:57] [INFO] Processed: frame_0113.png (artifact detected: True, 8.09s)
[2026-08-01 11:05:06] [INFO] Processed: frame_0114.png (artifact detected: True, 8.64s)
[2026-08-01 11:05:12] [INFO] Processed: frame_0115.png (artifact detected: True, 6.85s)
[2026-08-01 11:05:19] [INFO] Processed: frame_0116.png (artifact detected: True, 6.86s)
[2026-08-01 11:05:27] [INFO] Processed: frame_0117.png (artifact detected: True, 7.53s)
[2026-08-01 11:05:33] [INFO] Processed: frame_0118.png (artifact detected: True, 6.27s)
[2026-08-01 11:05:39] [INFO] Processed: frame_0119.png (artifact detected: True, 5.68s)
[2026-08-01 11:05:45] [INFO] Processed: frame_0120.png (artifact detected: True, 5.84s)
[2026-08-01 11:05:51] [INFO] Processed: frame_0121.png (artifact detected: True, 6.18s)
[2026-08-01 11:05:57] [INFO] Processed: frame_0122.png (artifact detected: True, 6.03s)
[2026-08-01 11:06:03] [INFO] Processed: frame_0123.png (artifact detected: True, 5.90s)
[2026-08-01 11:06:09] [INFO] Processed: frame_0124.png (artifact detected: True, 5.86s)
[2026-08-01 11:06:15] [INFO] Processed: frame_0125.png (artifact detected: True, 6.47s)
[2026-08-01 11:06:21] [INFO] Processed: frame_0126.png (artifact detected: True, 6.03s)
[2026-08-01 11:06:27] [INFO] Processed: frame_0127.png (artifact detected: True, 6.16s)
[2026-08-01 11:06:33] [INFO] Processed: frame_0128.png (artifact detected: True, 6.23s)
[2026-08-01 11:06:41] [INFO] Processed: frame_0129.png (artifact detected: True, 7.34s)
[2026-08-01 11:06:41] [INFO] Cleaned frames saved: 129 file(s) to C:\AI_ML_Fellowship\Project2\Images\03_Cleaned_lama
[2026-08-01 11:06:41] [INFO] Mask files saved: 129 file(s) to C:\AI_ML_Fellowship\Project2\Images\03_Masks_lama
[2026-08-01 11:06:41] [INFO] Frames with at least one artifact detection: 129/129
[2026-08-01 11:06:41] [INFO] Total processing time: 802.6s (6.22s/frame average)
[2026-08-01 11:06:41] [INFO] Script completed successfully.
[2026-08-01 11:06:41] [INFO] ============================================
[2026-08-01 14:04:11] [INFO] ============================================
[2026-08-01 14:04:11] [INFO] Script started.
[2026-08-01 14:04:11] [INFO] Script name: 06_artifacts_removal_lama.py
[2026-08-01 14:04:11] [INFO] Project: AIML-Driven Super-Resolution and Volumetric Reconstruction for Mixing Tanks
[2026-08-01 14:04:11] [INFO] Script folder: C:\AI_ML_Fellowship\Project2\Scripts
[2026-08-01 14:04:11] [INFO] Input folder: C:\AI_ML_Fellowship\Project2\Images\02_Frames
[2026-08-01 14:04:11] [INFO] Output folder: C:\AI_ML_Fellowship\Project2\Images\03_Cleaned_lama
[2026-08-01 14:04:11] [INFO] Mask folder: C:\AI_ML_Fellowship\Project2\Images\03_Masks_lama
[2026-08-01 14:04:11] [INFO] White threshold: 245
[2026-08-01 14:04:11] [INFO] Protected mask sample size: 20
[2026-08-01 14:04:11] [INFO] Protected mask vote fraction: 0.8
[2026-08-01 14:04:11] [INFO] Minimum data blob area: 5000px
[2026-08-01 14:04:11] [INFO] Opening kernel: 1px
[2026-08-01 14:04:11] [INFO] Mask padding: 0px
[2026-08-01 14:04:11] [INFO] Artifact mask dilation: 3px
[2026-08-01 14:04:11] [INFO] Logs folder: C:\AI_ML_Fellowship\Project2\Scripts\Logs
[2026-08-01 14:04:11] [INFO] Log file: C:\AI_ML_Fellowship\Project2\Scripts\Logs\06_artifacts_removal_lama.log
[2026-08-01 14:04:11] [INFO] Found 129 PNG file(s) to process.
[2026-08-01 14:04:11] [INFO] Loading cached protected region mask: C:\AI_ML_Fellowship\Project2\Images\03_Masks_lama\_protected_region_mask.png
[2026-08-01 14:04:15] [INFO] Inference device: cpu
[2026-08-01 14:04:15] [INFO] Using local LaMa checkpoint: C:\AI_ML_Fellowship\Project2\Bin\big-lama.pt
[2026-08-01 14:04:16] [INFO] LaMa model loaded successfully in 0.8s.
[2026-08-01 14:04:21] [INFO] Processed: frame_0001.png (artifact detected: True, 5.12s)
[2026-08-01 14:04:25] [INFO] Processed: frame_0002.png (artifact detected: True, 4.52s)
[2026-08-01 14:04:30] [INFO] Processed: frame_0003.png (artifact detected: True, 4.25s)
[2026-08-01 14:04:34] [INFO] Processed: frame_0004.png (artifact detected: True, 4.67s)
[2026-08-01 14:04:40] [INFO] Processed: frame_0005.png (artifact detected: True, 6.14s)
[2026-08-01 14:04:46] [INFO] Processed: frame_0006.png (artifact detected: True, 5.75s)
[2026-08-01 14:05:32] [INFO] ============================================
[2026-08-01 14:05:32] [INFO] Script started.
[2026-08-01 14:05:32] [INFO] Script name: 06_artifacts_removal_lama.py
[2026-08-01 14:05:32] [INFO] Project: AIML-Driven Super-Resolution and Volumetric Reconstruction for Mixing Tanks
[2026-08-01 14:05:32] [INFO] Script folder: C:\AI_ML_Fellowship\Project2\Scripts
[2026-08-01 14:05:32] [INFO] Input folder: C:\AI_ML_Fellowship\Project2\Images\02_Frames
[2026-08-01 14:05:32] [INFO] Output folder: C:\AI_ML_Fellowship\Project2\Images\03_Cleaned_lama
[2026-08-01 14:05:32] [INFO] Mask folder: C:\AI_ML_Fellowship\Project2\Images\03_Masks_lama
[2026-08-01 14:05:32] [INFO] White threshold: 245
[2026-08-01 14:05:32] [INFO] Protected mask sample size: 20
[2026-08-01 14:05:32] [INFO] Protected mask vote fraction: 0.8
[2026-08-01 14:05:32] [INFO] Minimum data blob area: 5000px
[2026-08-01 14:05:32] [INFO] Opening kernel: 1px
[2026-08-01 14:05:32] [INFO] Mask padding: 0px
[2026-08-01 14:05:32] [INFO] Artifact mask dilation: 3px
[2026-08-01 14:05:32] [INFO] Logs folder: C:\AI_ML_Fellowship\Project2\Scripts\Logs
[2026-08-01 14:05:32] [INFO] Log file: C:\AI_ML_Fellowship\Project2\Scripts\Logs\06_artifacts_removal_lama.log
[2026-08-01 14:05:32] [INFO] Found 129 PNG file(s) to process.
[2026-08-01 14:05:32] [INFO] Loading cached protected region mask: C:\AI_ML_Fellowship\Project2\Images\03_Masks_lama\_protected_region_mask.png
[2026-08-01 14:05:33] [INFO] Inference device: cpu
[2026-08-01 14:05:33] [INFO] Using local LaMa checkpoint: C:\AI_ML_Fellowship\Project2\Bin\big-lama.pt
[2026-08-01 14:05:34] [INFO] LaMa model loaded successfully in 0.7s.
[2026-08-01 14:05:40] [INFO] Processed: frame_0001.png (artifact detected: True, 5.35s)
[2026-08-01 14:05:45] [INFO] Processed: frame_0002.png (artifact detected: True, 5.14s)
[2026-08-01 14:05:50] [INFO] Processed: frame_0003.png (artifact detected: True, 5.21s)
[2026-08-01 14:05:56] [INFO] Processed: frame_0004.png (artifact detected: True, 5.76s)
[2026-08-01 14:06:01] [INFO] Processed: frame_0005.png (artifact detected: True, 5.60s)
[2026-08-01 14:06:06] [INFO] Processed: frame_0006.png (artifact detected: True, 5.23s)
[2026-08-01 14:06:12] [INFO] Processed: frame_0007.png (artifact detected: True, 5.80s)
[2026-08-01 14:06:48] [INFO] ============================================
[2026-08-01 14:06:48] [INFO] Script started.
[2026-08-01 14:06:48] [INFO] Script name: 06_artifacts_removal_lama.py
[2026-08-01 14:06:48] [INFO] Project: AIML-Driven Super-Resolution and Volumetric Reconstruction for Mixing Tanks
[2026-08-01 14:06:48] [INFO] Script folder: C:\AI_ML_Fellowship\Project2\Scripts
[2026-08-01 14:06:48] [INFO] Input folder: C:\AI_ML_Fellowship\Project2\Images\02_Frames
[2026-08-01 14:06:48] [INFO] Output folder: C:\AI_ML_Fellowship\Project2\Images\03_Cleaned_lama
[2026-08-01 14:06:48] [INFO] Mask folder: C:\AI_ML_Fellowship\Project2\Images\03_Masks_lama
[2026-08-01 14:06:48] [INFO] White threshold: 245
[2026-08-01 14:06:48] [INFO] Protected mask sample size: 20
[2026-08-01 14:06:48] [INFO] Protected mask vote fraction: 0.8
[2026-08-01 14:06:48] [INFO] Minimum data blob area: 5000px
[2026-08-01 14:06:48] [INFO] Opening kernel: 1px
[2026-08-01 14:06:48] [INFO] Mask padding: 0px
[2026-08-01 14:06:48] [INFO] Artifact mask dilation: 3px
[2026-08-01 14:06:48] [INFO] Logs folder: C:\AI_ML_Fellowship\Project2\Scripts\Logs
[2026-08-01 14:06:48] [INFO] Log file: C:\AI_ML_Fellowship\Project2\Scripts\Logs\06_artifacts_removal_lama.log
[2026-08-01 14:06:48] [INFO] Found 129 PNG file(s) to process.
[2026-08-01 14:06:48] [INFO] Sampling 20 frame(s) to build protected plot-region mask: ['frame_0001.png', 'frame_0007.png', 'frame_0013.png', 'frame_0019.png', 'frame_0025.png', 'frame_0031.png', 'frame_0037.png', 'frame_0043.png', 'frame_0049.png', 'frame_0055.png', 'frame_0061.png', 'frame_0067.png', 'frame_0073.png', 'frame_0079.png', 'frame_0085.png', 'frame_0091.png', 'frame_0097.png', 'frame_0103.png', 'frame_0109.png', 'frame_0115.png']
[2026-08-01 14:06:49] [INFO] Detected 8 plot data blob(s) via connected components (min area threshold: 5000px), using their true jagged shape.
[2026-08-01 14:06:49] [INFO] Protected plot-region mask built: 207464/564000 px (36.8%) protected.
[2026-08-01 14:06:49] [INFO] Protected region mask cached to: C:\AI_ML_Fellowship\Project2\Images\03_Masks_lama\_protected_region_mask.png
[2026-08-01 14:06:50] [INFO] Inference device: cpu
[2026-08-01 14:06:50] [INFO] Using local LaMa checkpoint: C:\AI_ML_Fellowship\Project2\Bin\big-lama.pt
[2026-08-01 14:06:51] [INFO] LaMa model loaded successfully in 0.6s.
[2026-08-01 14:06:56] [INFO] Processed: frame_0001.png (artifact detected: True, 5.06s)
[2026-08-01 14:07:01] [INFO] Processed: frame_0002.png (artifact detected: True, 4.80s)
[2026-08-01 14:07:06] [INFO] Processed: frame_0003.png (artifact detected: True, 5.50s)
[2026-08-01 14:07:12] [INFO] Processed: frame_0004.png (artifact detected: True, 6.20s)
[2026-08-01 14:07:18] [INFO] Processed: frame_0005.png (artifact detected: True, 5.64s)
[2026-08-01 14:07:24] [INFO] Processed: frame_0006.png (artifact detected: True, 6.00s)
[2026-08-01 14:07:29] [INFO] Processed: frame_0007.png (artifact detected: True, 5.48s)
[2026-08-01 14:07:35] [INFO] Processed: frame_0008.png (artifact detected: True, 5.17s)
[2026-08-01 14:07:40] [INFO] Processed: frame_0009.png (artifact detected: True, 5.44s)
[2026-08-01 14:07:45] [INFO] Processed: frame_0010.png (artifact detected: True, 5.22s)
[2026-08-01 14:07:50] [INFO] Processed: frame_0011.png (artifact detected: True, 5.14s)
[2026-08-01 14:07:56] [INFO] Processed: frame_0012.png (artifact detected: True, 5.19s)
[2026-08-01 14:08:01] [INFO] Processed: frame_0013.png (artifact detected: True, 5.37s)
[2026-08-01 14:08:06] [INFO] Processed: frame_0014.png (artifact detected: True, 5.30s)
[2026-08-01 14:08:12] [INFO] Processed: frame_0015.png (artifact detected: True, 5.49s)
[2026-08-01 14:08:17] [INFO] Processed: frame_0016.png (artifact detected: True, 5.56s)
[2026-08-01 14:08:24] [INFO] Processed: frame_0017.png (artifact detected: True, 6.17s)
[2026-08-01 14:08:30] [INFO] Processed: frame_0018.png (artifact detected: True, 6.91s)
[2026-08-01 14:08:36] [INFO] Processed: frame_0019.png (artifact detected: True, 5.94s)
[2026-08-01 14:08:42] [INFO] Processed: frame_0020.png (artifact detected: True, 5.88s)
[2026-08-01 14:08:48] [INFO] Processed: frame_0021.png (artifact detected: True, 5.53s)
[2026-08-01 14:08:53] [INFO] Processed: frame_0022.png (artifact detected: True, 5.49s)
[2026-08-01 14:08:59] [INFO] Processed: frame_0023.png (artifact detected: True, 5.40s)
[2026-08-01 14:09:04] [INFO] Processed: frame_0024.png (artifact detected: True, 5.35s)
[2026-08-01 14:09:10] [INFO] Processed: frame_0025.png (artifact detected: True, 5.53s)
[2026-08-01 14:09:15] [INFO] Processed: frame_0026.png (artifact detected: True, 5.21s)
[2026-08-01 14:09:21] [INFO] Processed: frame_0027.png (artifact detected: True, 5.86s)
[2026-08-01 14:09:26] [INFO] Processed: frame_0028.png (artifact detected: True, 5.46s)
[2026-08-01 14:09:32] [INFO] Processed: frame_0029.png (artifact detected: True, 5.74s)
[2026-08-01 14:09:38] [INFO] Processed: frame_0030.png (artifact detected: True, 5.77s)
[2026-08-01 14:09:43] [INFO] Processed: frame_0031.png (artifact detected: True, 5.79s)
[2026-08-01 14:09:49] [INFO] Processed: frame_0032.png (artifact detected: True, 5.43s)
[2026-08-01 14:09:54] [INFO] Processed: frame_0033.png (artifact detected: True, 5.37s)
[2026-08-01 14:10:00] [INFO] Processed: frame_0034.png (artifact detected: True, 5.63s)
[2026-08-01 14:10:06] [INFO] Processed: frame_0035.png (artifact detected: True, 5.90s)
[2026-08-01 14:10:12] [INFO] Processed: frame_0036.png (artifact detected: True, 5.73s)
[2026-08-01 14:10:17] [INFO] Processed: frame_0037.png (artifact detected: True, 5.54s)
[2026-08-01 14:10:22] [INFO] Processed: frame_0038.png (artifact detected: True, 5.38s)
[2026-08-01 14:10:28] [INFO] Processed: frame_0039.png (artifact detected: True, 5.52s)
[2026-08-01 14:10:34] [INFO] Processed: frame_0040.png (artifact detected: True, 5.70s)
[2026-08-01 14:10:40] [INFO] Processed: frame_0041.png (artifact detected: True, 6.36s)
[2026-08-01 14:10:46] [INFO] Processed: frame_0042.png (artifact detected: True, 5.92s)
[2026-08-01 14:10:52] [INFO] Processed: frame_0043.png (artifact detected: True, 5.90s)
[2026-08-01 14:10:58] [INFO] Processed: frame_0044.png (artifact detected: True, 5.73s)
[2026-08-01 14:11:03] [INFO] Processed: frame_0045.png (artifact detected: True, 5.70s)
[2026-08-01 14:11:11] [INFO] Processed: frame_0046.png (artifact detected: True, 7.24s)
[2026-08-01 14:11:19] [INFO] Processed: frame_0047.png (artifact detected: True, 8.20s)
[2026-08-01 14:11:27] [INFO] Processed: frame_0048.png (artifact detected: True, 7.89s)
[2026-08-01 14:11:34] [INFO] Processed: frame_0049.png (artifact detected: True, 7.11s)
[2026-08-01 14:11:40] [INFO] Processed: frame_0050.png (artifact detected: True, 5.97s)
[2026-08-01 14:11:46] [INFO] Processed: frame_0051.png (artifact detected: True, 6.40s)
[2026-08-01 14:11:52] [INFO] Processed: frame_0052.png (artifact detected: True, 6.15s)
[2026-08-01 14:11:59] [INFO] Processed: frame_0053.png (artifact detected: True, 6.39s)
[2026-08-01 14:12:06] [INFO] Processed: frame_0054.png (artifact detected: True, 7.86s)
[2026-08-01 14:12:13] [INFO] Processed: frame_0055.png (artifact detected: True, 7.01s)
[2026-08-01 14:12:20] [INFO] Processed: frame_0056.png (artifact detected: True, 6.91s)
[2026-08-01 14:12:27] [INFO] Processed: frame_0057.png (artifact detected: True, 6.91s)
[2026-08-01 14:12:34] [INFO] Processed: frame_0058.png (artifact detected: True, 7.11s)
[2026-08-01 14:12:41] [INFO] Processed: frame_0059.png (artifact detected: True, 6.87s)
[2026-08-01 14:12:48] [INFO] Processed: frame_0060.png (artifact detected: True, 6.77s)
[2026-08-01 14:12:55] [INFO] Processed: frame_0061.png (artifact detected: True, 7.41s)
[2026-08-01 14:13:03] [INFO] Processed: frame_0062.png (artifact detected: True, 7.55s)
[2026-08-01 14:13:10] [INFO] Processed: frame_0063.png (artifact detected: True, 6.92s)
[2026-08-01 14:13:17] [INFO] Processed: frame_0064.png (artifact detected: True, 6.73s)
[2026-08-01 14:13:23] [INFO] Processed: frame_0065.png (artifact detected: True, 6.54s)
[2026-08-01 14:13:30] [INFO] Processed: frame_0066.png (artifact detected: True, 6.67s)
[2026-08-01 14:13:37] [INFO] Processed: frame_0067.png (artifact detected: True, 7.55s)
[2026-08-01 14:13:44] [INFO] Processed: frame_0068.png (artifact detected: True, 6.73s)
[2026-08-01 14:13:51] [INFO] Processed: frame_0069.png (artifact detected: True, 7.26s)
[2026-08-01 14:13:59] [INFO] Processed: frame_0070.png (artifact detected: True, 7.61s)
[2026-08-01 14:14:06] [INFO] Processed: frame_0071.png (artifact detected: True, 7.23s)
[2026-08-01 14:14:14] [INFO] Processed: frame_0072.png (artifact detected: True, 7.31s)
[2026-08-01 14:14:21] [INFO] Processed: frame_0073.png (artifact detected: True, 7.32s)
[2026-08-01 14:14:28] [INFO] Processed: frame_0074.png (artifact detected: True, 6.74s)
[2026-08-01 14:14:35] [INFO] Processed: frame_0075.png (artifact detected: True, 6.87s)
[2026-08-01 14:14:42] [INFO] Processed: frame_0076.png (artifact detected: True, 7.52s)
[2026-08-01 14:14:49] [INFO] Processed: frame_0077.png (artifact detected: True, 6.80s)
[2026-08-01 14:14:57] [INFO] Processed: frame_0078.png (artifact detected: True, 7.78s)
[2026-08-01 14:15:04] [INFO] Processed: frame_0079.png (artifact detected: True, 7.01s)
[2026-08-01 14:15:11] [INFO] Processed: frame_0080.png (artifact detected: True, 7.14s)
[2026-08-01 14:15:18] [INFO] Processed: frame_0081.png (artifact detected: True, 7.54s)
[2026-08-01 14:15:27] [INFO] Processed: frame_0082.png (artifact detected: True, 8.43s)
[2026-08-01 14:15:34] [INFO] Processed: frame_0083.png (artifact detected: True, 6.92s)
[2026-08-01 14:15:41] [INFO] Processed: frame_0084.png (artifact detected: True, 7.30s)
[2026-08-01 14:15:48] [INFO] Processed: frame_0085.png (artifact detected: True, 6.78s)
[2026-08-01 14:15:55] [INFO] Processed: frame_0086.png (artifact detected: True, 7.21s)
[2026-08-01 14:16:02] [INFO] Processed: frame_0087.png (artifact detected: True, 7.23s)
[2026-08-01 14:16:09] [INFO] Processed: frame_0088.png (artifact detected: True, 6.80s)
[2026-08-01 14:16:16] [INFO] Processed: frame_0089.png (artifact detected: True, 6.74s)
[2026-08-01 14:16:22] [INFO] Processed: frame_0090.png (artifact detected: True, 6.67s)
[2026-08-01 14:16:29] [INFO] Processed: frame_0091.png (artifact detected: True, 6.75s)
[2026-08-01 14:16:36] [INFO] Processed: frame_0092.png (artifact detected: True, 6.83s)
[2026-08-01 14:16:43] [INFO] Processed: frame_0093.png (artifact detected: True, 6.88s)
[2026-08-01 14:16:50] [INFO] Processed: frame_0094.png (artifact detected: True, 6.89s)
[2026-08-01 14:16:57] [INFO] Processed: frame_0095.png (artifact detected: True, 6.86s)
[2026-08-01 14:17:04] [INFO] Processed: frame_0096.png (artifact detected: True, 7.02s)
[2026-08-01 14:17:10] [INFO] Processed: frame_0097.png (artifact detected: True, 6.78s)
[2026-08-01 14:17:17] [INFO] Processed: frame_0098.png (artifact detected: True, 7.02s)
[2026-08-01 14:17:25] [INFO] Processed: frame_0099.png (artifact detected: True, 7.17s)
[2026-08-01 14:17:32] [INFO] Processed: frame_0100.png (artifact detected: True, 6.93s)
[2026-08-01 14:17:38] [INFO] Processed: frame_0101.png (artifact detected: True, 6.59s)
[2026-08-01 14:17:45] [INFO] Processed: frame_0102.png (artifact detected: True, 7.26s)
[2026-08-01 14:17:52] [INFO] Processed: frame_0103.png (artifact detected: True, 6.86s)
[2026-08-01 14:17:59] [INFO] Processed: frame_0104.png (artifact detected: True, 6.78s)
[2026-08-01 14:18:06] [INFO] Processed: frame_0105.png (artifact detected: True, 7.11s)
[2026-08-01 14:18:13] [INFO] Processed: frame_0106.png (artifact detected: True, 6.80s)
[2026-08-01 14:18:20] [INFO] Processed: frame_0107.png (artifact detected: True, 6.94s)
[2026-08-01 14:18:26] [INFO] Processed: frame_0108.png (artifact detected: True, 6.60s)
[2026-08-01 14:18:33] [INFO] Processed: frame_0109.png (artifact detected: True, 6.63s)
[2026-08-01 14:18:40] [INFO] Processed: frame_0110.png (artifact detected: True, 6.87s)
[2026-08-01 14:18:47] [INFO] Processed: frame_0111.png (artifact detected: True, 6.73s)
[2026-08-01 14:18:54] [INFO] Processed: frame_0112.png (artifact detected: True, 7.30s)
[2026-08-01 14:19:01] [INFO] Processed: frame_0113.png (artifact detected: True, 7.21s)
[2026-08-01 14:19:08] [INFO] Processed: frame_0114.png (artifact detected: True, 6.69s)
[2026-08-01 14:19:15] [INFO] Processed: frame_0115.png (artifact detected: True, 6.65s)
[2026-08-01 14:19:21] [INFO] Processed: frame_0116.png (artifact detected: True, 6.91s)
[2026-08-01 14:19:28] [INFO] Processed: frame_0117.png (artifact detected: True, 6.85s)
[2026-08-01 14:19:35] [INFO] Processed: frame_0118.png (artifact detected: True, 6.81s)
[2026-08-01 14:19:42] [INFO] Processed: frame_0119.png (artifact detected: True, 7.35s)
[2026-08-01 14:19:50] [INFO] Processed: frame_0120.png (artifact detected: True, 7.21s)
[2026-08-01 14:19:57] [INFO] Processed: frame_0121.png (artifact detected: True, 7.10s)
[2026-08-01 14:20:04] [INFO] Processed: frame_0122.png (artifact detected: True, 7.12s)
[2026-08-01 14:20:11] [INFO] Processed: frame_0123.png (artifact detected: True, 7.32s)
[2026-08-01 14:20:18] [INFO] Processed: frame_0124.png (artifact detected: True, 6.78s)
[2026-08-01 14:20:25] [INFO] Processed: frame_0125.png (artifact detected: True, 7.11s)
[2026-08-01 14:20:32] [INFO] Processed: frame_0126.png (artifact detected: True, 6.68s)
[2026-08-01 14:20:38] [INFO] Processed: frame_0127.png (artifact detected: True, 6.48s)
[2026-08-01 14:20:45] [INFO] Processed: frame_0128.png (artifact detected: True, 6.98s)
[2026-08-01 14:20:52] [INFO] Processed: frame_0129.png (artifact detected: True, 7.05s)
[2026-08-01 14:20:52] [INFO] Cleaned frames saved: 129 file(s) to C:\AI_ML_Fellowship\Project2\Images\03_Cleaned_lama
[2026-08-01 14:20:52] [INFO] Mask files saved: 129 file(s) to C:\AI_ML_Fellowship\Project2\Images\03_Masks_lama
[2026-08-01 14:20:52] [INFO] Frames with at least one artifact detection: 129/129
[2026-08-01 14:20:52] [INFO] Total processing time: 841.5s (6.52s/frame average)
[2026-08-01 14:20:52] [INFO] Script completed successfully.
[2026-08-01 14:20:52] [INFO] ============================================
