[2026-07-30 21:31:24] [INFO] ============================================
[2026-07-30 21:31:24] [INFO] Script started.
[2026-07-30 21:31:24] [INFO] Script name: 06_actifacts_removal.py
[2026-07-30 21:31:24] [INFO] Project: AIML-Driven Super-Resolution and Volumetric Reconstruction for Mixing Tanks
[2026-07-30 21:31:24] [INFO] Script folder: C:\AI_ML_Fellowship\Project2\Scripts
[2026-07-30 21:31:24] [INFO] Input folder: C:\AI_ML_Fellowship\Project2\Frames\02_Frames
[2026-07-30 21:31:24] [INFO] Output folder: C:\AI_ML_Fellowship\Project2\Frames\03_Cleaned
[2026-07-30 21:31:24] [INFO] Mask folder: C:\AI_ML_Fellowship\Project2\Frames\03_Masks
[2026-07-30 21:31:24] [INFO] Logs folder: C:\AI_ML_Fellowship\Project2\Scripts\Logs
[2026-07-30 21:31:24] [INFO] Log file: C:\AI_ML_Fellowship\Project2\Scripts\Logs\06_actifacts_removal.log
[2026-07-30 21:31:24] [ERROR] Script failed: Input folder not found: C:\AI_ML_Fellowship\Project2\Frames\02_Frames
[2026-07-30 21:31:24] [INFO] ============================================
[2026-07-30 21:46:02] [INFO] ============================================
[2026-07-30 21:46:02] [INFO] Script started.
[2026-07-30 21:46:02] [INFO] Script name: 06_actifacts_removal.py
[2026-07-30 21:46:02] [INFO] Project: AIML-Driven Super-Resolution and Volumetric Reconstruction for Mixing Tanks
[2026-07-30 21:46:02] [INFO] Script folder: C:\AI_ML_Fellowship\Project2\Scripts
[2026-07-30 21:46:02] [INFO] Input folder: C:\AI_ML_Fellowship\Project2\Images\02_Frames
[2026-07-30 21:46:02] [INFO] Output folder: C:\AI_ML_Fellowship\Project2\Images\03_Cleaned
[2026-07-30 21:46:02] [INFO] Mask folder: C:\AI_ML_Fellowship\Project2\Images\03_Masks
[2026-07-30 21:46:02] [INFO] Logs folder: C:\AI_ML_Fellowship\Project2\Scripts\Logs
[2026-07-30 21:46:02] [INFO] Log file: C:\AI_ML_Fellowship\Project2\Scripts\Logs\06_actifacts_removal.log
[2026-07-30 21:46:02] [INFO] Found 129 PNG file(s) to process.
[2026-07-30 21:46:02] [INFO] Processed: frame_0001.png
[2026-07-30 21:46:02] [INFO] Processed: frame_0002.png
[2026-07-30 21:46:03] [INFO] Processed: frame_0003.png
[2026-07-30 21:46:03] [INFO] Processed: frame_0004.png
[2026-07-30 21:46:03] [INFO] Processed: frame_0005.png
[2026-07-30 21:46:03] [INFO] Processed: frame_0006.png
[2026-07-30 21:46:03] [INFO] Processed: frame_0007.png
[2026-07-30 21:46:03] [INFO] Processed: frame_0008.png
[2026-07-30 21:46:03] [INFO] Processed: frame_0009.png
[2026-07-30 21:46:03] [INFO] Processed: frame_0010.png
[2026-07-30 21:46:03] [INFO] Processed: frame_0011.png
[2026-07-30 21:46:03] [INFO] Processed: frame_0012.png
[2026-07-30 21:46:03] [INFO] Processed: frame_0013.png
[2026-07-30 21:46:03] [INFO] Processed: frame_0014.png
[2026-07-30 21:46:03] [INFO] Processed: frame_0015.png
[2026-07-30 21:46:03] [INFO] Processed: frame_0016.png
[2026-07-30 21:46:03] [INFO] Processed: frame_0017.png
[2026-07-30 21:46:04] [INFO] Processed: frame_0018.png
[2026-07-30 21:46:04] [INFO] Processed: frame_0019.png
[2026-07-30 21:46:04] [INFO] Processed: frame_0020.png
[2026-07-30 21:46:04] [INFO] Processed: frame_0021.png
[2026-07-30 21:46:04] [INFO] Processed: frame_0022.png
[2026-07-30 21:46:04] [INFO] Processed: frame_0023.png
[2026-07-30 21:46:04] [INFO] Processed: frame_0024.png
[2026-07-30 21:46:04] [INFO] Processed: frame_0025.png
[2026-07-30 21:46:04] [INFO] Processed: frame_0026.png
[2026-07-30 21:46:04] [INFO] Processed: frame_0027.png
[2026-07-30 21:46:04] [INFO] Processed: frame_0028.png
[2026-07-30 21:46:04] [INFO] Processed: frame_0029.png
[2026-07-30 21:46:04] [INFO] Processed: frame_0030.png
[2026-07-30 21:46:04] [INFO] Processed: frame_0031.png
[2026-07-30 21:46:05] [INFO] Processed: frame_0032.png
[2026-07-30 21:46:05] [INFO] Processed: frame_0033.png
[2026-07-30 21:46:05] [INFO] Processed: frame_0034.png
[2026-07-30 21:46:05] [INFO] Processed: frame_0035.png
[2026-07-30 21:46:05] [INFO] Processed: frame_0036.png
[2026-07-30 21:46:05] [INFO] Processed: frame_0037.png
[2026-07-30 21:46:05] [INFO] Processed: frame_0038.png
[2026-07-30 21:46:05] [INFO] Processed: frame_0039.png
[2026-07-30 21:46:05] [INFO] Processed: frame_0040.png
[2026-07-30 21:46:05] [INFO] Processed: frame_0041.png
[2026-07-30 21:46:05] [INFO] Processed: frame_0042.png
[2026-07-30 21:46:05] [INFO] Processed: frame_0043.png
[2026-07-30 21:46:05] [INFO] Processed: frame_0044.png
[2026-07-30 21:46:05] [INFO] Processed: frame_0045.png
[2026-07-30 21:46:05] [INFO] Processed: frame_0046.png
[2026-07-30 21:46:06] [INFO] Processed: frame_0047.png
[2026-07-30 21:46:06] [INFO] Processed: frame_0048.png
[2026-07-30 21:46:06] [INFO] Processed: frame_0049.png
[2026-07-30 21:46:06] [INFO] Processed: frame_0050.png
[2026-07-30 21:46:06] [INFO] Processed: frame_0051.png
[2026-07-30 21:46:06] [INFO] Processed: frame_0052.png
[2026-07-30 21:46:06] [INFO] Processed: frame_0053.png
[2026-07-30 21:46:06] [INFO] Processed: frame_0054.png
[2026-07-30 21:46:06] [INFO] Processed: frame_0055.png
[2026-07-30 21:46:06] [INFO] Processed: frame_0056.png
[2026-07-30 21:46:06] [INFO] Processed: frame_0057.png
[2026-07-30 21:46:06] [INFO] Processed: frame_0058.png
[2026-07-30 21:46:06] [INFO] Processed: frame_0059.png
[2026-07-30 21:46:07] [INFO] Processed: frame_0060.png
[2026-07-30 21:46:07] [INFO] Processed: frame_0061.png
[2026-07-30 21:46:07] [INFO] Processed: frame_0062.png
[2026-07-30 21:46:07] [INFO] Processed: frame_0063.png
[2026-07-30 21:46:07] [INFO] Processed: frame_0064.png
[2026-07-30 21:46:07] [INFO] Processed: frame_0065.png
[2026-07-30 21:46:07] [INFO] Processed: frame_0066.png
[2026-07-30 21:46:07] [INFO] Processed: frame_0067.png
[2026-07-30 21:46:07] [INFO] Processed: frame_0068.png
[2026-07-30 21:46:07] [INFO] Processed: frame_0069.png
[2026-07-30 21:46:07] [INFO] Processed: frame_0070.png
[2026-07-30 21:46:07] [INFO] Processed: frame_0071.png
[2026-07-30 21:46:07] [INFO] Processed: frame_0072.png
[2026-07-30 21:46:07] [INFO] Processed: frame_0073.png
[2026-07-30 21:46:07] [INFO] Processed: frame_0074.png
[2026-07-30 21:46:07] [INFO] Processed: frame_0075.png
[2026-07-30 21:46:08] [INFO] Processed: frame_0076.png
[2026-07-30 21:46:08] [INFO] Processed: frame_0077.png
[2026-07-30 21:46:08] [INFO] Processed: frame_0078.png
[2026-07-30 21:46:08] [INFO] Processed: frame_0079.png
[2026-07-30 21:46:08] [INFO] Processed: frame_0080.png
[2026-07-30 21:46:08] [INFO] Processed: frame_0081.png
[2026-07-30 21:46:08] [INFO] Processed: frame_0082.png
[2026-07-30 21:46:08] [INFO] Processed: frame_0083.png
[2026-07-30 21:46:08] [INFO] Processed: frame_0084.png
[2026-07-30 21:46:08] [INFO] Processed: frame_0085.png
[2026-07-30 21:46:08] [INFO] Processed: frame_0086.png
[2026-07-30 21:46:08] [INFO] Processed: frame_0087.png
[2026-07-30 21:46:08] [INFO] Processed: frame_0088.png
[2026-07-30 21:46:08] [INFO] Processed: frame_0089.png
[2026-07-30 21:46:08] [INFO] Processed: frame_0090.png
[2026-07-30 21:46:08] [INFO] Processed: frame_0091.png
[2026-07-30 21:46:09] [INFO] Processed: frame_0092.png
[2026-07-30 21:46:09] [INFO] Processed: frame_0093.png
[2026-07-30 21:46:09] [INFO] Processed: frame_0094.png
[2026-07-30 21:46:09] [INFO] Processed: frame_0095.png
[2026-07-30 21:46:09] [INFO] Processed: frame_0096.png
[2026-07-30 21:46:09] [INFO] Processed: frame_0097.png
[2026-07-30 21:46:09] [INFO] Processed: frame_0098.png
[2026-07-30 21:46:09] [INFO] Processed: frame_0099.png
[2026-07-30 21:46:09] [INFO] Processed: frame_0100.png
[2026-07-30 21:46:09] [INFO] Processed: frame_0101.png
[2026-07-30 21:46:09] [INFO] Processed: frame_0102.png
[2026-07-30 21:46:09] [INFO] Processed: frame_0103.png
[2026-07-30 21:46:09] [INFO] Processed: frame_0104.png
[2026-07-30 21:46:10] [INFO] Processed: frame_0105.png
[2026-07-30 21:46:10] [INFO] Processed: frame_0106.png
[2026-07-30 21:46:10] [INFO] Processed: frame_0107.png
[2026-07-30 21:46:10] [INFO] Processed: frame_0108.png
[2026-07-30 21:46:10] [INFO] Processed: frame_0109.png
[2026-07-30 21:46:10] [INFO] Processed: frame_0110.png
[2026-07-30 21:46:10] [INFO] Processed: frame_0111.png
[2026-07-30 21:46:10] [INFO] Processed: frame_0112.png
[2026-07-30 21:46:10] [INFO] Processed: frame_0113.png
[2026-07-30 21:46:10] [INFO] Processed: frame_0114.png
[2026-07-30 21:46:10] [INFO] Processed: frame_0115.png
[2026-07-30 21:46:10] [INFO] Processed: frame_0116.png
[2026-07-30 21:46:10] [INFO] Processed: frame_0117.png
[2026-07-30 21:46:10] [INFO] Processed: frame_0118.png
[2026-07-30 21:46:10] [INFO] Processed: frame_0119.png
[2026-07-30 21:46:11] [INFO] Processed: frame_0120.png
[2026-07-30 21:46:11] [INFO] Processed: frame_0121.png
[2026-07-30 21:46:11] [INFO] Processed: frame_0122.png
[2026-07-30 21:46:11] [INFO] Processed: frame_0123.png
[2026-07-30 21:46:11] [INFO] Processed: frame_0124.png
[2026-07-30 21:46:11] [INFO] Processed: frame_0125.png
[2026-07-30 21:46:11] [INFO] Processed: frame_0126.png
[2026-07-30 21:46:11] [INFO] Processed: frame_0127.png
[2026-07-30 21:46:11] [INFO] Processed: frame_0128.png
[2026-07-30 21:46:11] [INFO] Processed: frame_0129.png
[2026-07-30 21:46:11] [INFO] Cleaned frames saved: 129 file(s) to C:\AI_ML_Fellowship\Project2\Images\03_Cleaned
[2026-07-30 21:46:11] [INFO] Mask files saved: 129 file(s) to C:\AI_ML_Fellowship\Project2\Images\03_Masks
[2026-07-30 21:46:11] [INFO] Script completed successfully.
[2026-07-30 21:46:11] [INFO] ============================================
[2026-07-31 08:58:19] [INFO] ============================================
[2026-07-31 08:58:19] [INFO] Script started.
[2026-07-31 08:58:19] [INFO] Script name: 06_actifacts_removal.py
[2026-07-31 08:58:19] [INFO] Project: AIML-Driven Super-Resolution and Volumetric Reconstruction for Mixing Tanks
[2026-07-31 08:58:19] [INFO] Script folder: C:\AI_ML_Fellowship\Project2\Scripts
[2026-07-31 08:58:19] [INFO] Input folder: C:\AI_ML_Fellowship\Project2\Images\02_Frames
[2026-07-31 08:58:19] [INFO] Output folder: C:\AI_ML_Fellowship\Project2\Images\03_Cleaned
[2026-07-31 08:58:19] [INFO] Mask folder: C:\AI_ML_Fellowship\Project2\Images\03_Masks
[2026-07-31 08:58:19] [INFO] Logs folder: C:\AI_ML_Fellowship\Project2\Scripts\Logs
[2026-07-31 08:58:19] [INFO] Log file: C:\AI_ML_Fellowship\Project2\Scripts\Logs\06_actifacts_removal.log
[2026-07-31 08:58:19] [INFO] Found 9 PNG file(s) to process.
[2026-07-31 08:58:19] [INFO] Processed: frame_0001.png
[2026-07-31 08:58:19] [INFO] Processed: frame_0002.png
[2026-07-31 08:58:19] [INFO] Processed: frame_0003.png
[2026-07-31 08:58:19] [INFO] Processed: frame_0004.png
[2026-07-31 08:58:19] [INFO] Processed: frame_0005.png
[2026-07-31 08:58:19] [INFO] Processed: frame_0006.png
[2026-07-31 08:58:19] [INFO] Processed: frame_0007.png
[2026-07-31 08:58:19] [INFO] Processed: frame_0008.png
[2026-07-31 08:58:19] [INFO] Processed: frame_0009.png
[2026-07-31 08:58:19] [INFO] Cleaned frames saved: 9 file(s) to C:\AI_ML_Fellowship\Project2\Images\03_Cleaned
[2026-07-31 08:58:19] [INFO] Mask files saved: 9 file(s) to C:\AI_ML_Fellowship\Project2\Images\03_Masks
[2026-07-31 08:58:19] [INFO] Script completed successfully.
[2026-07-31 08:58:19] [INFO] ============================================
[2026-07-31 15:57:48] [INFO] ============================================
[2026-07-31 15:57:48] [INFO] Script started.
[2026-07-31 15:57:48] [INFO] Script name: 06_actifacts_removal.py
[2026-07-31 15:57:48] [INFO] Project: AIML-Driven Super-Resolution and Volumetric Reconstruction for Mixing Tanks
[2026-07-31 15:57:48] [INFO] Script folder: C:\AI_ML_Fellowship\Project2\Scripts
[2026-07-31 15:57:48] [INFO] Input folder: C:\AI_ML_Fellowship\Project2\Images\02_Frames
[2026-07-31 15:57:48] [INFO] Output folder: C:\AI_ML_Fellowship\Project2\Images\03_Cleaned
[2026-07-31 15:57:48] [INFO] Mask folder: C:\AI_ML_Fellowship\Project2\Images\03_Masks
[2026-07-31 15:57:48] [INFO] Logs folder: C:\AI_ML_Fellowship\Project2\Scripts\Logs
[2026-07-31 15:57:48] [INFO] Log file: C:\AI_ML_Fellowship\Project2\Scripts\Logs\06_actifacts_removal.log
[2026-07-31 15:57:48] [INFO] Found 129 PNG file(s) to process.
[2026-07-31 15:57:48] [INFO] Processed: frame_0001.png
[2026-07-31 15:57:48] [INFO] Processed: frame_0002.png
[2026-07-31 15:57:48] [INFO] Processed: frame_0003.png
[2026-07-31 15:57:48] [INFO] Processed: frame_0004.png
[2026-07-31 15:57:48] [INFO] Processed: frame_0005.png
[2026-07-31 15:57:48] [INFO] Processed: frame_0006.png
[2026-07-31 15:57:49] [INFO] Processed: frame_0007.png
[2026-07-31 15:57:49] [INFO] Processed: frame_0008.png
[2026-07-31 15:57:49] [INFO] Processed: frame_0009.png
[2026-07-31 15:57:49] [INFO] Processed: frame_0010.png
[2026-07-31 15:57:49] [INFO] Processed: frame_0011.png
[2026-07-31 15:57:49] [INFO] Processed: frame_0012.png
[2026-07-31 15:57:49] [INFO] Processed: frame_0013.png
[2026-07-31 15:57:49] [INFO] Processed: frame_0014.png
[2026-07-31 15:57:49] [INFO] Processed: frame_0015.png
[2026-07-31 15:57:49] [INFO] Processed: frame_0016.png
[2026-07-31 15:57:49] [INFO] Processed: frame_0017.png
[2026-07-31 15:57:49] [INFO] Processed: frame_0018.png
[2026-07-31 15:57:49] [INFO] Processed: frame_0019.png
[2026-07-31 15:57:49] [INFO] Processed: frame_0020.png
[2026-07-31 15:57:50] [INFO] Processed: frame_0021.png
[2026-07-31 15:57:50] [INFO] Processed: frame_0022.png
[2026-07-31 15:57:50] [INFO] Processed: frame_0023.png
[2026-07-31 15:57:50] [INFO] Processed: frame_0024.png
[2026-07-31 15:57:50] [INFO] Processed: frame_0025.png
[2026-07-31 15:57:50] [INFO] Processed: frame_0026.png
[2026-07-31 15:57:50] [INFO] Processed: frame_0027.png
[2026-07-31 15:57:50] [INFO] Processed: frame_0028.png
[2026-07-31 15:57:50] [INFO] Processed: frame_0029.png
[2026-07-31 15:57:50] [INFO] Processed: frame_0030.png
[2026-07-31 15:57:50] [INFO] Processed: frame_0031.png
[2026-07-31 15:57:50] [INFO] Processed: frame_0032.png
[2026-07-31 15:57:50] [INFO] Processed: frame_0033.png
[2026-07-31 15:57:50] [INFO] Processed: frame_0034.png
[2026-07-31 15:57:51] [INFO] Processed: frame_0035.png
[2026-07-31 15:57:51] [INFO] Processed: frame_0036.png
[2026-07-31 15:57:51] [INFO] Processed: frame_0037.png
[2026-07-31 15:57:51] [INFO] Processed: frame_0038.png
[2026-07-31 15:57:51] [INFO] Processed: frame_0039.png
[2026-07-31 15:57:51] [INFO] Processed: frame_0040.png
[2026-07-31 15:57:51] [INFO] Processed: frame_0041.png
[2026-07-31 15:57:51] [INFO] Processed: frame_0042.png
[2026-07-31 15:57:51] [INFO] Processed: frame_0043.png
[2026-07-31 15:57:51] [INFO] Processed: frame_0044.png
[2026-07-31 15:57:51] [INFO] Processed: frame_0045.png
[2026-07-31 15:57:51] [INFO] Processed: frame_0046.png
[2026-07-31 15:57:51] [INFO] Processed: frame_0047.png
[2026-07-31 15:57:51] [INFO] Processed: frame_0048.png
[2026-07-31 15:57:51] [INFO] Processed: frame_0049.png
[2026-07-31 15:57:51] [INFO] Processed: frame_0050.png
[2026-07-31 15:57:51] [INFO] Processed: frame_0051.png
[2026-07-31 15:57:52] [INFO] Processed: frame_0052.png
[2026-07-31 15:57:52] [INFO] Processed: frame_0053.png
[2026-07-31 15:57:52] [INFO] Processed: frame_0054.png
[2026-07-31 15:57:52] [INFO] Processed: frame_0055.png
[2026-07-31 15:57:52] [INFO] Processed: frame_0056.png
[2026-07-31 15:57:52] [INFO] Processed: frame_0057.png
[2026-07-31 15:57:52] [INFO] Processed: frame_0058.png
[2026-07-31 15:57:52] [INFO] Processed: frame_0059.png
[2026-07-31 15:57:52] [INFO] Processed: frame_0060.png
[2026-07-31 15:57:52] [INFO] Processed: frame_0061.png
[2026-07-31 15:57:52] [INFO] Processed: frame_0062.png
[2026-07-31 15:57:52] [INFO] Processed: frame_0063.png
[2026-07-31 15:57:52] [INFO] Processed: frame_0064.png
[2026-07-31 15:57:52] [INFO] Processed: frame_0065.png
[2026-07-31 15:57:53] [INFO] Processed: frame_0066.png
[2026-07-31 15:57:53] [INFO] Processed: frame_0067.png
[2026-07-31 15:57:53] [INFO] Processed: frame_0068.png
[2026-07-31 15:57:53] [INFO] Processed: frame_0069.png
[2026-07-31 15:57:53] [INFO] Processed: frame_0070.png
[2026-07-31 15:57:53] [INFO] Processed: frame_0071.png
[2026-07-31 15:57:53] [INFO] Processed: frame_0072.png
[2026-07-31 15:57:53] [INFO] Processed: frame_0073.png
[2026-07-31 15:57:53] [INFO] Processed: frame_0074.png
[2026-07-31 15:57:53] [INFO] Processed: frame_0075.png
[2026-07-31 15:57:53] [INFO] Processed: frame_0076.png
[2026-07-31 15:57:53] [INFO] Processed: frame_0077.png
[2026-07-31 15:57:53] [INFO] Processed: frame_0078.png
[2026-07-31 15:57:54] [INFO] Processed: frame_0079.png
[2026-07-31 15:57:54] [INFO] Processed: frame_0080.png
[2026-07-31 15:57:54] [INFO] Processed: frame_0081.png
[2026-07-31 15:57:54] [INFO] Processed: frame_0082.png
[2026-07-31 15:57:54] [INFO] Processed: frame_0083.png
[2026-07-31 15:57:54] [INFO] Processed: frame_0084.png
[2026-07-31 15:57:54] [INFO] Processed: frame_0085.png
[2026-07-31 15:57:54] [INFO] Processed: frame_0086.png
[2026-07-31 15:57:54] [INFO] Processed: frame_0087.png
[2026-07-31 15:57:54] [INFO] Processed: frame_0088.png
[2026-07-31 15:57:54] [INFO] Processed: frame_0089.png
[2026-07-31 15:57:54] [INFO] Processed: frame_0090.png
[2026-07-31 15:57:54] [INFO] Processed: frame_0091.png
[2026-07-31 15:57:54] [INFO] Processed: frame_0092.png
[2026-07-31 15:57:54] [INFO] Processed: frame_0093.png
[2026-07-31 15:57:55] [INFO] Processed: frame_0094.png
[2026-07-31 15:57:55] [INFO] Processed: frame_0095.png
[2026-07-31 15:57:55] [INFO] Processed: frame_0096.png
[2026-07-31 15:57:55] [INFO] Processed: frame_0097.png
[2026-07-31 15:57:55] [INFO] Processed: frame_0098.png
[2026-07-31 15:57:55] [INFO] Processed: frame_0099.png
[2026-07-31 15:57:55] [INFO] Processed: frame_0100.png
[2026-07-31 15:57:55] [INFO] Processed: frame_0101.png
[2026-07-31 15:57:55] [INFO] Processed: frame_0102.png
[2026-07-31 15:57:55] [INFO] Processed: frame_0103.png
[2026-07-31 15:57:55] [INFO] Processed: frame_0104.png
[2026-07-31 15:57:55] [INFO] Processed: frame_0105.png
[2026-07-31 15:57:55] [INFO] Processed: frame_0106.png
[2026-07-31 15:57:55] [INFO] Processed: frame_0107.png
[2026-07-31 15:57:56] [INFO] Processed: frame_0108.png
[2026-07-31 15:57:56] [INFO] Processed: frame_0109.png
[2026-07-31 15:57:56] [INFO] Processed: frame_0110.png
[2026-07-31 15:57:56] [INFO] Processed: frame_0111.png
[2026-07-31 15:57:56] [INFO] Processed: frame_0112.png
[2026-07-31 15:57:56] [INFO] Processed: frame_0113.png
[2026-07-31 15:57:56] [INFO] Processed: frame_0114.png
[2026-07-31 15:57:56] [INFO] Processed: frame_0115.png
[2026-07-31 15:57:56] [INFO] Processed: frame_0116.png
[2026-07-31 15:57:56] [INFO] Processed: frame_0117.png
[2026-07-31 15:57:56] [INFO] Processed: frame_0118.png
[2026-07-31 15:57:56] [INFO] Processed: frame_0119.png
[2026-07-31 15:57:56] [INFO] Processed: frame_0120.png
[2026-07-31 15:57:56] [INFO] Processed: frame_0121.png
[2026-07-31 15:57:57] [INFO] Processed: frame_0122.png
[2026-07-31 15:57:57] [INFO] Processed: frame_0123.png
[2026-07-31 15:57:57] [INFO] Processed: frame_0124.png
[2026-07-31 15:57:57] [INFO] Processed: frame_0125.png
[2026-07-31 15:57:57] [INFO] Processed: frame_0126.png
[2026-07-31 15:57:57] [INFO] Processed: frame_0127.png
[2026-07-31 15:57:57] [INFO] Processed: frame_0128.png
[2026-07-31 15:57:57] [INFO] Processed: frame_0129.png
[2026-07-31 15:57:57] [INFO] Cleaned frames saved: 129 file(s) to C:\AI_ML_Fellowship\Project2\Images\03_Cleaned
[2026-07-31 15:57:57] [INFO] Mask files saved: 129 file(s) to C:\AI_ML_Fellowship\Project2\Images\03_Masks
[2026-07-31 15:57:57] [INFO] Script completed successfully.
[2026-07-31 15:57:57] [INFO] ============================================
[2026-08-04 09:25:04] [INFO] ============================================
[2026-08-04 09:25:04] [INFO] Script started.
[2026-08-04 09:25:04] [INFO] Script name: 06_actifacts_removal.py
[2026-08-04 09:25:04] [INFO] Project: AIML-Driven Super-Resolution and Volumetric Reconstruction for Mixing Tanks
[2026-08-04 09:25:04] [INFO] Script folder: C:\AI_ML_Fellowship\Project2\Scripts
[2026-08-04 09:25:04] [INFO] Input folder: C:\AI_ML_Fellowship\Project2\Images\02_Frames
[2026-08-04 09:25:04] [INFO] Output folder: C:\AI_ML_Fellowship\Project2\Images\03_Cleaned
[2026-08-04 09:25:04] [INFO] Mask folder: C:\AI_ML_Fellowship\Project2\Images\03_Masks
[2026-08-04 09:25:04] [INFO] Logs folder: C:\AI_ML_Fellowship\Project2\Scripts\Logs
[2026-08-04 09:25:04] [INFO] Log file: C:\AI_ML_Fellowship\Project2\Scripts\Logs\06_actifacts_removal.log
[2026-08-04 09:25:04] [INFO] Found 129 PNG file(s) to process.
[2026-08-04 09:25:04] [INFO] Processed: frame_0001.png
[2026-08-04 09:25:04] [INFO] Processed: frame_0002.png
[2026-08-04 09:25:05] [INFO] Processed: frame_0003.png
[2026-08-04 09:25:05] [INFO] Processed: frame_0004.png
[2026-08-04 09:25:05] [INFO] Processed: frame_0005.png
[2026-08-04 09:25:05] [INFO] Processed: frame_0006.png
[2026-08-04 09:25:05] [INFO] Processed: frame_0007.png
[2026-08-04 09:25:05] [INFO] Processed: frame_0008.png
[2026-08-04 09:25:05] [INFO] Processed: frame_0009.png
[2026-08-04 09:25:05] [INFO] Processed: frame_0010.png
[2026-08-04 09:25:05] [INFO] Processed: frame_0011.png
[2026-08-04 09:25:05] [INFO] Processed: frame_0012.png
[2026-08-04 09:25:05] [INFO] Processed: frame_0013.png
[2026-08-04 09:25:05] [INFO] Processed: frame_0014.png
[2026-08-04 09:25:05] [INFO] Processed: frame_0015.png
[2026-08-04 09:25:05] [INFO] Processed: frame_0016.png
[2026-08-04 09:25:05] [INFO] Processed: frame_0017.png
[2026-08-04 09:25:05] [INFO] Processed: frame_0018.png
[2026-08-04 09:25:05] [INFO] Processed: frame_0019.png
[2026-08-04 09:25:05] [INFO] Processed: frame_0020.png
[2026-08-04 09:25:05] [INFO] Processed: frame_0021.png
[2026-08-04 09:25:05] [INFO] Processed: frame_0022.png
[2026-08-04 09:25:05] [INFO] Processed: frame_0023.png
[2026-08-04 09:25:05] [INFO] Processed: frame_0024.png
[2026-08-04 09:25:05] [INFO] Processed: frame_0025.png
[2026-08-04 09:25:05] [INFO] Processed: frame_0026.png
[2026-08-04 09:25:05] [INFO] Processed: frame_0027.png
[2026-08-04 09:25:05] [INFO] Processed: frame_0028.png
[2026-08-04 09:25:05] [INFO] Processed: frame_0029.png
[2026-08-04 09:25:05] [INFO] Processed: frame_0030.png
[2026-08-04 09:25:06] [INFO] Processed: frame_0031.png
[2026-08-04 09:25:06] [INFO] Processed: frame_0032.png
[2026-08-04 09:25:06] [INFO] Processed: frame_0033.png
[2026-08-04 09:25:06] [INFO] Processed: frame_0034.png
[2026-08-04 09:25:06] [INFO] Processed: frame_0035.png
[2026-08-04 09:25:06] [INFO] Processed: frame_0036.png
[2026-08-04 09:25:06] [INFO] Processed: frame_0037.png
[2026-08-04 09:25:06] [INFO] Processed: frame_0038.png
[2026-08-04 09:25:06] [INFO] Processed: frame_0039.png
[2026-08-04 09:25:06] [INFO] Processed: frame_0040.png
[2026-08-04 09:25:06] [INFO] Processed: frame_0041.png
[2026-08-04 09:25:06] [INFO] Processed: frame_0042.png
[2026-08-04 09:25:06] [INFO] Processed: frame_0043.png
[2026-08-04 09:25:06] [INFO] Processed: frame_0044.png
[2026-08-04 09:25:06] [INFO] Processed: frame_0045.png
[2026-08-04 09:25:06] [INFO] Processed: frame_0046.png
[2026-08-04 09:25:06] [INFO] Processed: frame_0047.png
[2026-08-04 09:25:06] [INFO] Processed: frame_0048.png
[2026-08-04 09:25:06] [INFO] Processed: frame_0049.png
[2026-08-04 09:25:06] [INFO] Processed: frame_0050.png
[2026-08-04 09:25:06] [INFO] Processed: frame_0051.png
[2026-08-04 09:25:06] [INFO] Processed: frame_0052.png
[2026-08-04 09:25:06] [INFO] Processed: frame_0053.png
[2026-08-04 09:25:06] [INFO] Processed: frame_0054.png
[2026-08-04 09:25:06] [INFO] Processed: frame_0055.png
[2026-08-04 09:25:06] [INFO] Processed: frame_0056.png
[2026-08-04 09:25:06] [INFO] Processed: frame_0057.png
[2026-08-04 09:25:06] [INFO] Processed: frame_0058.png
[2026-08-04 09:25:07] [INFO] Processed: frame_0059.png
[2026-08-04 09:25:07] [INFO] Processed: frame_0060.png
[2026-08-04 09:25:07] [INFO] Processed: frame_0061.png
[2026-08-04 09:25:07] [INFO] Processed: frame_0062.png
[2026-08-04 09:25:07] [INFO] Processed: frame_0063.png
[2026-08-04 09:25:07] [INFO] Processed: frame_0064.png
[2026-08-04 09:25:07] [INFO] Processed: frame_0065.png
[2026-08-04 09:25:07] [INFO] Processed: frame_0066.png
[2026-08-04 09:25:07] [INFO] Processed: frame_0067.png
[2026-08-04 09:25:07] [INFO] Processed: frame_0068.png
[2026-08-04 09:25:07] [INFO] Processed: frame_0069.png
[2026-08-04 09:25:07] [INFO] Processed: frame_0070.png
[2026-08-04 09:25:07] [INFO] Processed: frame_0071.png
[2026-08-04 09:25:07] [INFO] Processed: frame_0072.png
[2026-08-04 09:25:07] [INFO] Processed: frame_0073.png
[2026-08-04 09:25:07] [INFO] Processed: frame_0074.png
[2026-08-04 09:25:07] [INFO] Processed: frame_0075.png
[2026-08-04 09:25:07] [INFO] Processed: frame_0076.png
[2026-08-04 09:25:07] [INFO] Processed: frame_0077.png
[2026-08-04 09:25:07] [INFO] Processed: frame_0078.png
[2026-08-04 09:25:07] [INFO] Processed: frame_0079.png
[2026-08-04 09:25:07] [INFO] Processed: frame_0080.png
[2026-08-04 09:25:07] [INFO] Processed: frame_0081.png
[2026-08-04 09:25:07] [INFO] Processed: frame_0082.png
[2026-08-04 09:25:07] [INFO] Processed: frame_0083.png
[2026-08-04 09:25:07] [INFO] Processed: frame_0084.png
[2026-08-04 09:25:07] [INFO] Processed: frame_0085.png
[2026-08-04 09:25:07] [INFO] Processed: frame_0086.png
[2026-08-04 09:25:08] [INFO] Processed: frame_0087.png
[2026-08-04 09:25:08] [INFO] Processed: frame_0088.png
[2026-08-04 09:25:08] [INFO] Processed: frame_0089.png
[2026-08-04 09:25:08] [INFO] Processed: frame_0090.png
[2026-08-04 09:25:08] [INFO] Processed: frame_0091.png
[2026-08-04 09:25:08] [INFO] Processed: frame_0092.png
[2026-08-04 09:25:08] [INFO] Processed: frame_0093.png
[2026-08-04 09:25:08] [INFO] Processed: frame_0094.png
[2026-08-04 09:25:08] [INFO] Processed: frame_0095.png
[2026-08-04 09:25:08] [INFO] Processed: frame_0096.png
[2026-08-04 09:25:08] [INFO] Processed: frame_0097.png
[2026-08-04 09:25:08] [INFO] Processed: frame_0098.png
[2026-08-04 09:25:08] [INFO] Processed: frame_0099.png
[2026-08-04 09:25:08] [INFO] Processed: frame_0100.png
[2026-08-04 09:25:08] [INFO] Processed: frame_0101.png
[2026-08-04 09:25:08] [INFO] Processed: frame_0102.png
[2026-08-04 09:25:08] [INFO] Processed: frame_0103.png
[2026-08-04 09:25:08] [INFO] Processed: frame_0104.png
[2026-08-04 09:25:08] [INFO] Processed: frame_0105.png
[2026-08-04 09:25:08] [INFO] Processed: frame_0106.png
[2026-08-04 09:25:08] [INFO] Processed: frame_0107.png
[2026-08-04 09:25:08] [INFO] Processed: frame_0108.png
[2026-08-04 09:25:08] [INFO] Processed: frame_0109.png
[2026-08-04 09:25:08] [INFO] Processed: frame_0110.png
[2026-08-04 09:25:08] [INFO] Processed: frame_0111.png
[2026-08-04 09:25:08] [INFO] Processed: frame_0112.png
[2026-08-04 09:25:08] [INFO] Processed: frame_0113.png
[2026-08-04 09:25:08] [INFO] Processed: frame_0114.png
[2026-08-04 09:25:09] [INFO] Processed: frame_0115.png
[2026-08-04 09:25:09] [INFO] Processed: frame_0116.png
[2026-08-04 09:25:09] [INFO] Processed: frame_0117.png
[2026-08-04 09:25:09] [INFO] Processed: frame_0118.png
[2026-08-04 09:25:09] [INFO] Processed: frame_0119.png
[2026-08-04 09:25:09] [INFO] Processed: frame_0120.png
[2026-08-04 09:25:09] [INFO] Processed: frame_0121.png
[2026-08-04 09:25:09] [INFO] Processed: frame_0122.png
[2026-08-04 09:25:09] [INFO] Processed: frame_0123.png
[2026-08-04 09:25:09] [INFO] Processed: frame_0124.png
[2026-08-04 09:25:09] [INFO] Processed: frame_0125.png
[2026-08-04 09:25:09] [INFO] Processed: frame_0126.png
[2026-08-04 09:25:09] [INFO] Processed: frame_0127.png
[2026-08-04 09:25:09] [INFO] Processed: frame_0128.png
[2026-08-04 09:25:09] [INFO] Processed: frame_0129.png
[2026-08-04 09:25:09] [INFO] Cleaned frames saved: 129 file(s) to C:\AI_ML_Fellowship\Project2\Images\03_Cleaned
[2026-08-04 09:25:09] [INFO] Mask files saved: 129 file(s) to C:\AI_ML_Fellowship\Project2\Images\03_Masks
[2026-08-04 09:25:09] [INFO] Script completed successfully.
[2026-08-04 09:25:09] [INFO] ============================================
