[2026-07-31 16:12:54] [INFO] ============================================
[2026-07-31 16:12:54] [INFO] Script started: 07_make_transparent_background.py
[2026-07-31 16:12:54] [INFO] Project: Project 2 - AIML-Driven Super-Resolution and Volumetric Reconstruction
[2026-07-31 16:12:54] [INFO] Purpose: Remove white backgrounds and create transparent PNG images
[2026-07-31 16:12:54] [INFO] ============================================
[2026-07-31 16:12:54] [INFO] Script directory : C:\AI_ML_Fellowship\Project2\Scripts
[2026-07-31 16:12:54] [INFO] Project root     : C:\AI_ML_Fellowship\Project2
[2026-07-31 16:12:54] [INFO] Source folder    : C:\AI_ML_Fellowship\Project2\Images\03_Cleaned
[2026-07-31 16:12:54] [INFO] Output folder    : C:\AI_ML_Fellowship\Project2\Images\04_Transparent
[2026-07-31 16:12:54] [INFO] Log file         : C:\AI_ML_Fellowship\Project2\Scripts\Logs\07_make_transparent_background.log
[2026-07-31 16:12:54] [INFO] Image processing parameters:
[2026-07-31 16:12:54] [INFO]   THRESHOLD_FULL  = 235
[2026-07-31 16:12:54] [INFO]   THRESHOLD_START = 180
[2026-07-31 16:12:54] [INFO]   ERODE_SIZE      = 3
[2026-07-31 16:12:54] [INFO]   VALID_EXTENSIONS = .png
[2026-07-31 16:12:54] [SUCCESS] Output folder checked / created successfully
[2026-07-31 16:12:54] [INFO] Found 129 image(s) to process
[2026-07-31 16:12:54] [INFO] Processing image 1/129: frame_0001.png
[2026-07-31 16:12:54] [SUCCESS] Processed successfully: frame_0001.png -> frame_0001.png (0.06 sec)
[2026-07-31 16:12:54] [INFO] Processing image 2/129: frame_0002.png
[2026-07-31 16:12:54] [SUCCESS] Processed successfully: frame_0002.png -> frame_0002.png (0.04 sec)
[2026-07-31 16:12:54] [INFO] Processing image 3/129: frame_0003.png
[2026-07-31 16:12:54] [SUCCESS] Processed successfully: frame_0003.png -> frame_0003.png (0.05 sec)
[2026-07-31 16:12:54] [INFO] Processing image 4/129: frame_0004.png
[2026-07-31 16:12:54] [SUCCESS] Processed successfully: frame_0004.png -> frame_0004.png (0.04 sec)
[2026-07-31 16:12:54] [INFO] Processing image 5/129: frame_0005.png
[2026-07-31 16:12:54] [SUCCESS] Processed successfully: frame_0005.png -> frame_0005.png (0.05 sec)
[2026-07-31 16:12:54] [INFO] Processing image 6/129: frame_0006.png
[2026-07-31 16:12:54] [SUCCESS] Processed successfully: frame_0006.png -> frame_0006.png (0.04 sec)
[2026-07-31 16:12:54] [INFO] Processing image 7/129: frame_0007.png
[2026-07-31 16:12:54] [SUCCESS] Processed successfully: frame_0007.png -> frame_0007.png (0.04 sec)
[2026-07-31 16:12:54] [INFO] Processing image 8/129: frame_0008.png
[2026-07-31 16:12:54] [SUCCESS] Processed successfully: frame_0008.png -> frame_0008.png (0.05 sec)
[2026-07-31 16:12:54] [INFO] Processing image 9/129: frame_0009.png
[2026-07-31 16:12:54] [SUCCESS] Processed successfully: frame_0009.png -> frame_0009.png (0.06 sec)
[2026-07-31 16:12:54] [INFO] Processing image 10/129: frame_0010.png
[2026-07-31 16:12:54] [SUCCESS] Processed successfully: frame_0010.png -> frame_0010.png (0.05 sec)
[2026-07-31 16:12:54] [INFO] Processing image 11/129: frame_0011.png
[2026-07-31 16:12:54] [SUCCESS] Processed successfully: frame_0011.png -> frame_0011.png (0.04 sec)
[2026-07-31 16:12:54] [INFO] Processing image 12/129: frame_0012.png
[2026-07-31 16:12:54] [SUCCESS] Processed successfully: frame_0012.png -> frame_0012.png (0.04 sec)
[2026-07-31 16:12:54] [INFO] Processing image 13/129: frame_0013.png
[2026-07-31 16:12:54] [SUCCESS] Processed successfully: frame_0013.png -> frame_0013.png (0.04 sec)
[2026-07-31 16:12:55] [INFO] Processing image 14/129: frame_0014.png
[2026-07-31 16:12:55] [SUCCESS] Processed successfully: frame_0014.png -> frame_0014.png (0.04 sec)
[2026-07-31 16:12:55] [INFO] Processing image 15/129: frame_0015.png
[2026-07-31 16:12:55] [SUCCESS] Processed successfully: frame_0015.png -> frame_0015.png (0.04 sec)
[2026-07-31 16:12:55] [INFO] Processing image 16/129: frame_0016.png
[2026-07-31 16:12:55] [SUCCESS] Processed successfully: frame_0016.png -> frame_0016.png (0.04 sec)
[2026-07-31 16:12:55] [INFO] Processing image 17/129: frame_0017.png
[2026-07-31 16:12:55] [SUCCESS] Processed successfully: frame_0017.png -> frame_0017.png (0.04 sec)
[2026-07-31 16:12:55] [INFO] Processing image 18/129: frame_0018.png
[2026-07-31 16:12:55] [SUCCESS] Processed successfully: frame_0018.png -> frame_0018.png (0.04 sec)
[2026-07-31 16:12:55] [INFO] Processing image 19/129: frame_0019.png
[2026-07-31 16:12:55] [SUCCESS] Processed successfully: frame_0019.png -> frame_0019.png (0.04 sec)
[2026-07-31 16:12:55] [INFO] Processing image 20/129: frame_0020.png
[2026-07-31 16:12:55] [SUCCESS] Processed successfully: frame_0020.png -> frame_0020.png (0.04 sec)
[2026-07-31 16:12:55] [INFO] Processing image 21/129: frame_0021.png
[2026-07-31 16:12:55] [SUCCESS] Processed successfully: frame_0021.png -> frame_0021.png (0.04 sec)
[2026-07-31 16:12:55] [INFO] Processing image 22/129: frame_0022.png
[2026-07-31 16:12:55] [SUCCESS] Processed successfully: frame_0022.png -> frame_0022.png (0.04 sec)
[2026-07-31 16:12:55] [INFO] Processing image 23/129: frame_0023.png
[2026-07-31 16:12:55] [SUCCESS] Processed successfully: frame_0023.png -> frame_0023.png (0.05 sec)
[2026-07-31 16:12:55] [INFO] Processing image 24/129: frame_0024.png
[2026-07-31 16:12:55] [SUCCESS] Processed successfully: frame_0024.png -> frame_0024.png (0.04 sec)
[2026-07-31 16:12:55] [INFO] Processing image 25/129: frame_0025.png
[2026-07-31 16:12:55] [SUCCESS] Processed successfully: frame_0025.png -> frame_0025.png (0.04 sec)
[2026-07-31 16:12:55] [INFO] Processing image 26/129: frame_0026.png
[2026-07-31 16:12:55] [SUCCESS] Processed successfully: frame_0026.png -> frame_0026.png (0.05 sec)
[2026-07-31 16:12:55] [INFO] Processing image 27/129: frame_0027.png
[2026-07-31 16:12:55] [SUCCESS] Processed successfully: frame_0027.png -> frame_0027.png (0.04 sec)
[2026-07-31 16:12:55] [INFO] Processing image 28/129: frame_0028.png
[2026-07-31 16:12:55] [SUCCESS] Processed successfully: frame_0028.png -> frame_0028.png (0.05 sec)
[2026-07-31 16:12:55] [INFO] Processing image 29/129: frame_0029.png
[2026-07-31 16:12:55] [SUCCESS] Processed successfully: frame_0029.png -> frame_0029.png (0.05 sec)
[2026-07-31 16:12:55] [INFO] Processing image 30/129: frame_0030.png
[2026-07-31 16:12:55] [SUCCESS] Processed successfully: frame_0030.png -> frame_0030.png (0.04 sec)
[2026-07-31 16:12:55] [INFO] Processing image 31/129: frame_0031.png
[2026-07-31 16:12:55] [SUCCESS] Processed successfully: frame_0031.png -> frame_0031.png (0.04 sec)
[2026-07-31 16:12:55] [INFO] Processing image 32/129: frame_0032.png
[2026-07-31 16:12:55] [SUCCESS] Processed successfully: frame_0032.png -> frame_0032.png (0.04 sec)
[2026-07-31 16:12:55] [INFO] Processing image 33/129: frame_0033.png
[2026-07-31 16:12:55] [SUCCESS] Processed successfully: frame_0033.png -> frame_0033.png (0.07 sec)
[2026-07-31 16:12:55] [INFO] Processing image 34/129: frame_0034.png
[2026-07-31 16:12:55] [SUCCESS] Processed successfully: frame_0034.png -> frame_0034.png (0.07 sec)
[2026-07-31 16:12:55] [INFO] Processing image 35/129: frame_0035.png
[2026-07-31 16:12:56] [SUCCESS] Processed successfully: frame_0035.png -> frame_0035.png (0.08 sec)
[2026-07-31 16:12:56] [INFO] Processing image 36/129: frame_0036.png
[2026-07-31 16:12:56] [SUCCESS] Processed successfully: frame_0036.png -> frame_0036.png (0.05 sec)
[2026-07-31 16:12:56] [INFO] Processing image 37/129: frame_0037.png
[2026-07-31 16:12:56] [SUCCESS] Processed successfully: frame_0037.png -> frame_0037.png (0.06 sec)
[2026-07-31 16:12:56] [INFO] Processing image 38/129: frame_0038.png
[2026-07-31 16:12:56] [SUCCESS] Processed successfully: frame_0038.png -> frame_0038.png (0.05 sec)
[2026-07-31 16:12:56] [INFO] Processing image 39/129: frame_0039.png
[2026-07-31 16:12:56] [SUCCESS] Processed successfully: frame_0039.png -> frame_0039.png (0.05 sec)
[2026-07-31 16:12:56] [INFO] Processing image 40/129: frame_0040.png
[2026-07-31 16:12:56] [SUCCESS] Processed successfully: frame_0040.png -> frame_0040.png (0.05 sec)
[2026-07-31 16:12:56] [INFO] Processing image 41/129: frame_0041.png
[2026-07-31 16:12:56] [SUCCESS] Processed successfully: frame_0041.png -> frame_0041.png (0.05 sec)
[2026-07-31 16:12:56] [INFO] Processing image 42/129: frame_0042.png
[2026-07-31 16:12:56] [SUCCESS] Processed successfully: frame_0042.png -> frame_0042.png (0.05 sec)
[2026-07-31 16:12:56] [INFO] Processing image 43/129: frame_0043.png
[2026-07-31 16:12:56] [SUCCESS] Processed successfully: frame_0043.png -> frame_0043.png (0.05 sec)
[2026-07-31 16:12:56] [INFO] Processing image 44/129: frame_0044.png
[2026-07-31 16:12:56] [SUCCESS] Processed successfully: frame_0044.png -> frame_0044.png (0.05 sec)
[2026-07-31 16:12:56] [INFO] Processing image 45/129: frame_0045.png
[2026-07-31 16:12:56] [SUCCESS] Processed successfully: frame_0045.png -> frame_0045.png (0.05 sec)
[2026-07-31 16:12:56] [INFO] Processing image 46/129: frame_0046.png
[2026-07-31 16:12:56] [SUCCESS] Processed successfully: frame_0046.png -> frame_0046.png (0.05 sec)
[2026-07-31 16:12:56] [INFO] Processing image 47/129: frame_0047.png
[2026-07-31 16:12:56] [SUCCESS] Processed successfully: frame_0047.png -> frame_0047.png (0.05 sec)
[2026-07-31 16:12:56] [INFO] Processing image 48/129: frame_0048.png
[2026-07-31 16:12:56] [SUCCESS] Processed successfully: frame_0048.png -> frame_0048.png (0.05 sec)
[2026-07-31 16:12:56] [INFO] Processing image 49/129: frame_0049.png
[2026-07-31 16:12:56] [SUCCESS] Processed successfully: frame_0049.png -> frame_0049.png (0.05 sec)
[2026-07-31 16:12:56] [INFO] Processing image 50/129: frame_0050.png
[2026-07-31 16:12:56] [SUCCESS] Processed successfully: frame_0050.png -> frame_0050.png (0.04 sec)
[2026-07-31 16:12:56] [INFO] Processing image 51/129: frame_0051.png
[2026-07-31 16:12:56] [SUCCESS] Processed successfully: frame_0051.png -> frame_0051.png (0.04 sec)
[2026-07-31 16:12:56] [INFO] Processing image 52/129: frame_0052.png
[2026-07-31 16:12:56] [SUCCESS] Processed successfully: frame_0052.png -> frame_0052.png (0.05 sec)
[2026-07-31 16:12:56] [INFO] Processing image 53/129: frame_0053.png
[2026-07-31 16:12:56] [SUCCESS] Processed successfully: frame_0053.png -> frame_0053.png (0.04 sec)
[2026-07-31 16:12:56] [INFO] Processing image 54/129: frame_0054.png
[2026-07-31 16:12:56] [SUCCESS] Processed successfully: frame_0054.png -> frame_0054.png (0.04 sec)
[2026-07-31 16:12:56] [INFO] Processing image 55/129: frame_0055.png
[2026-07-31 16:12:57] [SUCCESS] Processed successfully: frame_0055.png -> frame_0055.png (0.04 sec)
[2026-07-31 16:12:57] [INFO] Processing image 56/129: frame_0056.png
[2026-07-31 16:12:57] [SUCCESS] Processed successfully: frame_0056.png -> frame_0056.png (0.04 sec)
[2026-07-31 16:12:57] [INFO] Processing image 57/129: frame_0057.png
[2026-07-31 16:12:57] [SUCCESS] Processed successfully: frame_0057.png -> frame_0057.png (0.04 sec)
[2026-07-31 16:12:57] [INFO] Processing image 58/129: frame_0058.png
[2026-07-31 16:12:57] [SUCCESS] Processed successfully: frame_0058.png -> frame_0058.png (0.04 sec)
[2026-07-31 16:12:57] [INFO] Processing image 59/129: frame_0059.png
[2026-07-31 16:12:57] [SUCCESS] Processed successfully: frame_0059.png -> frame_0059.png (0.04 sec)
[2026-07-31 16:12:57] [INFO] Processing image 60/129: frame_0060.png
[2026-07-31 16:12:57] [SUCCESS] Processed successfully: frame_0060.png -> frame_0060.png (0.04 sec)
[2026-07-31 16:12:57] [INFO] Processing image 61/129: frame_0061.png
[2026-07-31 16:12:57] [SUCCESS] Processed successfully: frame_0061.png -> frame_0061.png (0.05 sec)
[2026-07-31 16:12:57] [INFO] Processing image 62/129: frame_0062.png
[2026-07-31 16:12:57] [SUCCESS] Processed successfully: frame_0062.png -> frame_0062.png (0.04 sec)
[2026-07-31 16:12:57] [INFO] Processing image 63/129: frame_0063.png
[2026-07-31 16:12:57] [SUCCESS] Processed successfully: frame_0063.png -> frame_0063.png (0.04 sec)
[2026-07-31 16:12:57] [INFO] Processing image 64/129: frame_0064.png
[2026-07-31 16:12:57] [SUCCESS] Processed successfully: frame_0064.png -> frame_0064.png (0.04 sec)
[2026-07-31 16:12:57] [INFO] Processing image 65/129: frame_0065.png
[2026-07-31 16:12:57] [SUCCESS] Processed successfully: frame_0065.png -> frame_0065.png (0.04 sec)
[2026-07-31 16:12:57] [INFO] Processing image 66/129: frame_0066.png
[2026-07-31 16:12:57] [SUCCESS] Processed successfully: frame_0066.png -> frame_0066.png (0.04 sec)
[2026-07-31 16:12:57] [INFO] Processing image 67/129: frame_0067.png
[2026-07-31 16:12:57] [SUCCESS] Processed successfully: frame_0067.png -> frame_0067.png (0.04 sec)
[2026-07-31 16:12:57] [INFO] Processing image 68/129: frame_0068.png
[2026-07-31 16:12:57] [SUCCESS] Processed successfully: frame_0068.png -> frame_0068.png (0.04 sec)
[2026-07-31 16:12:57] [INFO] Processing image 69/129: frame_0069.png
[2026-07-31 16:12:57] [SUCCESS] Processed successfully: frame_0069.png -> frame_0069.png (0.04 sec)
[2026-07-31 16:12:57] [INFO] Processing image 70/129: frame_0070.png
[2026-07-31 16:12:57] [SUCCESS] Processed successfully: frame_0070.png -> frame_0070.png (0.04 sec)
[2026-07-31 16:12:57] [INFO] Processing image 71/129: frame_0071.png
[2026-07-31 16:12:57] [SUCCESS] Processed successfully: frame_0071.png -> frame_0071.png (0.04 sec)
[2026-07-31 16:12:57] [INFO] Processing image 72/129: frame_0072.png
[2026-07-31 16:12:57] [SUCCESS] Processed successfully: frame_0072.png -> frame_0072.png (0.04 sec)
[2026-07-31 16:12:57] [INFO] Processing image 73/129: frame_0073.png
[2026-07-31 16:12:57] [SUCCESS] Processed successfully: frame_0073.png -> frame_0073.png (0.04 sec)
[2026-07-31 16:12:57] [INFO] Processing image 74/129: frame_0074.png
[2026-07-31 16:12:57] [SUCCESS] Processed successfully: frame_0074.png -> frame_0074.png (0.04 sec)
[2026-07-31 16:12:57] [INFO] Processing image 75/129: frame_0075.png
[2026-07-31 16:12:57] [SUCCESS] Processed successfully: frame_0075.png -> frame_0075.png (0.04 sec)
[2026-07-31 16:12:57] [INFO] Processing image 76/129: frame_0076.png
[2026-07-31 16:12:57] [SUCCESS] Processed successfully: frame_0076.png -> frame_0076.png (0.04 sec)
[2026-07-31 16:12:57] [INFO] Processing image 77/129: frame_0077.png
[2026-07-31 16:12:57] [SUCCESS] Processed successfully: frame_0077.png -> frame_0077.png (0.04 sec)
[2026-07-31 16:12:57] [INFO] Processing image 78/129: frame_0078.png
[2026-07-31 16:12:58] [SUCCESS] Processed successfully: frame_0078.png -> frame_0078.png (0.04 sec)
[2026-07-31 16:12:58] [INFO] Processing image 79/129: frame_0079.png
[2026-07-31 16:12:58] [SUCCESS] Processed successfully: frame_0079.png -> frame_0079.png (0.04 sec)
[2026-07-31 16:12:58] [INFO] Processing image 80/129: frame_0080.png
[2026-07-31 16:12:58] [SUCCESS] Processed successfully: frame_0080.png -> frame_0080.png (0.04 sec)
[2026-07-31 16:12:58] [INFO] Processing image 81/129: frame_0081.png
[2026-07-31 16:12:58] [SUCCESS] Processed successfully: frame_0081.png -> frame_0081.png (0.05 sec)
[2026-07-31 16:12:58] [INFO] Processing image 82/129: frame_0082.png
[2026-07-31 16:12:58] [SUCCESS] Processed successfully: frame_0082.png -> frame_0082.png (0.04 sec)
[2026-07-31 16:12:58] [INFO] Processing image 83/129: frame_0083.png
[2026-07-31 16:12:58] [SUCCESS] Processed successfully: frame_0083.png -> frame_0083.png (0.04 sec)
[2026-07-31 16:12:58] [INFO] Processing image 84/129: frame_0084.png
[2026-07-31 16:12:58] [SUCCESS] Processed successfully: frame_0084.png -> frame_0084.png (0.04 sec)
[2026-07-31 16:12:58] [INFO] Processing image 85/129: frame_0085.png
[2026-07-31 16:12:58] [SUCCESS] Processed successfully: frame_0085.png -> frame_0085.png (0.04 sec)
[2026-07-31 16:12:58] [INFO] Processing image 86/129: frame_0086.png
[2026-07-31 16:12:58] [SUCCESS] Processed successfully: frame_0086.png -> frame_0086.png (0.04 sec)
[2026-07-31 16:12:58] [INFO] Processing image 87/129: frame_0087.png
[2026-07-31 16:12:58] [SUCCESS] Processed successfully: frame_0087.png -> frame_0087.png (0.05 sec)
[2026-07-31 16:12:58] [INFO] Processing image 88/129: frame_0088.png
[2026-07-31 16:12:58] [SUCCESS] Processed successfully: frame_0088.png -> frame_0088.png (0.05 sec)
[2026-07-31 16:12:58] [INFO] Processing image 89/129: frame_0089.png
[2026-07-31 16:12:58] [SUCCESS] Processed successfully: frame_0089.png -> frame_0089.png (0.04 sec)
[2026-07-31 16:12:58] [INFO] Processing image 90/129: frame_0090.png
[2026-07-31 16:12:58] [SUCCESS] Processed successfully: frame_0090.png -> frame_0090.png (0.04 sec)
[2026-07-31 16:12:58] [INFO] Processing image 91/129: frame_0091.png
[2026-07-31 16:12:58] [SUCCESS] Processed successfully: frame_0091.png -> frame_0091.png (0.04 sec)
[2026-07-31 16:12:58] [INFO] Processing image 92/129: frame_0092.png
[2026-07-31 16:12:58] [SUCCESS] Processed successfully: frame_0092.png -> frame_0092.png (0.04 sec)
[2026-07-31 16:12:58] [INFO] Processing image 93/129: frame_0093.png
[2026-07-31 16:12:58] [SUCCESS] Processed successfully: frame_0093.png -> frame_0093.png (0.04 sec)
[2026-07-31 16:12:58] [INFO] Processing image 94/129: frame_0094.png
[2026-07-31 16:12:58] [SUCCESS] Processed successfully: frame_0094.png -> frame_0094.png (0.04 sec)
[2026-07-31 16:12:58] [INFO] Processing image 95/129: frame_0095.png
[2026-07-31 16:12:58] [SUCCESS] Processed successfully: frame_0095.png -> frame_0095.png (0.04 sec)
[2026-07-31 16:12:58] [INFO] Processing image 96/129: frame_0096.png
[2026-07-31 16:12:58] [SUCCESS] Processed successfully: frame_0096.png -> frame_0096.png (0.04 sec)
[2026-07-31 16:12:58] [INFO] Processing image 97/129: frame_0097.png
[2026-07-31 16:12:58] [SUCCESS] Processed successfully: frame_0097.png -> frame_0097.png (0.04 sec)
[2026-07-31 16:12:58] [INFO] Processing image 98/129: frame_0098.png
[2026-07-31 16:12:58] [SUCCESS] Processed successfully: frame_0098.png -> frame_0098.png (0.04 sec)
[2026-07-31 16:12:58] [INFO] Processing image 99/129: frame_0099.png
[2026-07-31 16:12:58] [SUCCESS] Processed successfully: frame_0099.png -> frame_0099.png (0.05 sec)
[2026-07-31 16:12:58] [INFO] Processing image 100/129: frame_0100.png
[2026-07-31 16:12:58] [SUCCESS] Processed successfully: frame_0100.png -> frame_0100.png (0.04 sec)
[2026-07-31 16:12:58] [INFO] Processing image 101/129: frame_0101.png
[2026-07-31 16:12:59] [SUCCESS] Processed successfully: frame_0101.png -> frame_0101.png (0.04 sec)
[2026-07-31 16:12:59] [INFO] Processing image 102/129: frame_0102.png
[2026-07-31 16:12:59] [SUCCESS] Processed successfully: frame_0102.png -> frame_0102.png (0.04 sec)
[2026-07-31 16:12:59] [INFO] Processing image 103/129: frame_0103.png
[2026-07-31 16:12:59] [SUCCESS] Processed successfully: frame_0103.png -> frame_0103.png (0.04 sec)
[2026-07-31 16:12:59] [INFO] Processing image 104/129: frame_0104.png
[2026-07-31 16:12:59] [SUCCESS] Processed successfully: frame_0104.png -> frame_0104.png (0.04 sec)
[2026-07-31 16:12:59] [INFO] Processing image 105/129: frame_0105.png
[2026-07-31 16:12:59] [SUCCESS] Processed successfully: frame_0105.png -> frame_0105.png (0.04 sec)
[2026-07-31 16:12:59] [INFO] Processing image 106/129: frame_0106.png
[2026-07-31 16:12:59] [SUCCESS] Processed successfully: frame_0106.png -> frame_0106.png (0.04 sec)
[2026-07-31 16:12:59] [INFO] Processing image 107/129: frame_0107.png
[2026-07-31 16:12:59] [SUCCESS] Processed successfully: frame_0107.png -> frame_0107.png (0.04 sec)
[2026-07-31 16:12:59] [INFO] Processing image 108/129: frame_0108.png
[2026-07-31 16:12:59] [SUCCESS] Processed successfully: frame_0108.png -> frame_0108.png (0.04 sec)
[2026-07-31 16:12:59] [INFO] Processing image 109/129: frame_0109.png
[2026-07-31 16:12:59] [SUCCESS] Processed successfully: frame_0109.png -> frame_0109.png (0.04 sec)
[2026-07-31 16:12:59] [INFO] Processing image 110/129: frame_0110.png
[2026-07-31 16:12:59] [SUCCESS] Processed successfully: frame_0110.png -> frame_0110.png (0.04 sec)
[2026-07-31 16:12:59] [INFO] Processing image 111/129: frame_0111.png
[2026-07-31 16:12:59] [SUCCESS] Processed successfully: frame_0111.png -> frame_0111.png (0.04 sec)
[2026-07-31 16:12:59] [INFO] Processing image 112/129: frame_0112.png
[2026-07-31 16:12:59] [SUCCESS] Processed successfully: frame_0112.png -> frame_0112.png (0.04 sec)
[2026-07-31 16:12:59] [INFO] Processing image 113/129: frame_0113.png
[2026-07-31 16:12:59] [SUCCESS] Processed successfully: frame_0113.png -> frame_0113.png (0.04 sec)
[2026-07-31 16:12:59] [INFO] Processing image 114/129: frame_0114.png
[2026-07-31 16:12:59] [SUCCESS] Processed successfully: frame_0114.png -> frame_0114.png (0.04 sec)
[2026-07-31 16:12:59] [INFO] Processing image 115/129: frame_0115.png
[2026-07-31 16:12:59] [SUCCESS] Processed successfully: frame_0115.png -> frame_0115.png (0.04 sec)
[2026-07-31 16:12:59] [INFO] Processing image 116/129: frame_0116.png
[2026-07-31 16:12:59] [SUCCESS] Processed successfully: frame_0116.png -> frame_0116.png (0.04 sec)
[2026-07-31 16:12:59] [INFO] Processing image 117/129: frame_0117.png
[2026-07-31 16:12:59] [SUCCESS] Processed successfully: frame_0117.png -> frame_0117.png (0.04 sec)
[2026-07-31 16:12:59] [INFO] Processing image 118/129: frame_0118.png
[2026-07-31 16:12:59] [SUCCESS] Processed successfully: frame_0118.png -> frame_0118.png (0.05 sec)
[2026-07-31 16:12:59] [INFO] Processing image 119/129: frame_0119.png
[2026-07-31 16:12:59] [SUCCESS] Processed successfully: frame_0119.png -> frame_0119.png (0.04 sec)
[2026-07-31 16:12:59] [INFO] Processing image 120/129: frame_0120.png
[2026-07-31 16:12:59] [SUCCESS] Processed successfully: frame_0120.png -> frame_0120.png (0.04 sec)
[2026-07-31 16:12:59] [INFO] Processing image 121/129: frame_0121.png
[2026-07-31 16:12:59] [SUCCESS] Processed successfully: frame_0121.png -> frame_0121.png (0.04 sec)
[2026-07-31 16:12:59] [INFO] Processing image 122/129: frame_0122.png
[2026-07-31 16:12:59] [SUCCESS] Processed successfully: frame_0122.png -> frame_0122.png (0.04 sec)
[2026-07-31 16:12:59] [INFO] Processing image 123/129: frame_0123.png
[2026-07-31 16:12:59] [SUCCESS] Processed successfully: frame_0123.png -> frame_0123.png (0.04 sec)
[2026-07-31 16:12:59] [INFO] Processing image 124/129: frame_0124.png
[2026-07-31 16:13:00] [SUCCESS] Processed successfully: frame_0124.png -> frame_0124.png (0.04 sec)
[2026-07-31 16:13:00] [INFO] Processing image 125/129: frame_0125.png
[2026-07-31 16:13:00] [SUCCESS] Processed successfully: frame_0125.png -> frame_0125.png (0.05 sec)
[2026-07-31 16:13:00] [INFO] Processing image 126/129: frame_0126.png
[2026-07-31 16:13:00] [SUCCESS] Processed successfully: frame_0126.png -> frame_0126.png (0.04 sec)
[2026-07-31 16:13:00] [INFO] Processing image 127/129: frame_0127.png
[2026-07-31 16:13:00] [SUCCESS] Processed successfully: frame_0127.png -> frame_0127.png (0.05 sec)
[2026-07-31 16:13:00] [INFO] Processing image 128/129: frame_0128.png
[2026-07-31 16:13:00] [SUCCESS] Processed successfully: frame_0128.png -> frame_0128.png (0.05 sec)
[2026-07-31 16:13:00] [INFO] Processing image 129/129: frame_0129.png
[2026-07-31 16:13:00] [SUCCESS] Processed successfully: frame_0129.png -> frame_0129.png (0.05 sec)
[2026-07-31 16:13:00] [INFO] ============================================
[2026-07-31 16:13:00] [INFO] Processing summary
[2026-07-31 16:13:00] [INFO] Images found      : 129
[2026-07-31 16:13:00] [INFO] Images processed  : 129
[2026-07-31 16:13:00] [INFO] Images skipped    : 0
[2026-07-31 16:13:00] [INFO] Images failed     : 0
[2026-07-31 16:13:00] [INFO] Output folder     : C:\AI_ML_Fellowship\Project2\Images\04_Transparent
[2026-07-31 16:13:00] [INFO] Total time        : 5.88 sec
[2026-07-31 16:13:00] [INFO] Average time/img  : 0.05 sec
[2026-07-31 16:13:00] [INFO] Script completed
[2026-07-31 16:13:00] [SUCCESS] ============================================
[2026-08-01 08:17:01] [INFO] ============================================
[2026-08-01 08:17:01] [INFO] Script started: 07_make_transparent_background.py
[2026-08-01 08:17:01] [INFO] Project: Project 2 - AIML-Driven Super-Resolution and Volumetric Reconstruction
[2026-08-01 08:17:01] [INFO] Purpose: Remove white backgrounds and create transparent PNG images
[2026-08-01 08:17:01] [INFO] ============================================
[2026-08-01 08:17:01] [INFO] Script directory : C:\AI_ML_Fellowship\Project2\Scripts
[2026-08-01 08:17:01] [INFO] Project root     : C:\AI_ML_Fellowship\Project2
[2026-08-01 08:17:01] [INFO] Source folder    : C:\AI_ML_Fellowship\Project2\Images\03_Cleaned
[2026-08-01 08:17:01] [INFO] Output folder    : C:\AI_ML_Fellowship\Project2\Images\04_Transparent
[2026-08-01 08:17:01] [INFO] Log file         : C:\AI_ML_Fellowship\Project2\Scripts\Logs\07_make_transparent_background.log
[2026-08-01 08:17:01] [INFO] Image processing parameters:
[2026-08-01 08:17:01] [INFO]   THRESHOLD_FULL  = 235
[2026-08-01 08:17:01] [INFO]   THRESHOLD_START = 180
[2026-08-01 08:17:01] [INFO]   ERODE_SIZE      = 3
[2026-08-01 08:17:01] [INFO]   VALID_EXTENSIONS = .png
[2026-08-01 08:17:01] [SUCCESS] Output folder checked / created successfully
[2026-08-01 08:17:01] [INFO] Found 129 image(s) to process
[2026-08-01 08:17:01] [INFO] Processing image 1/129: frame_0001.png
[2026-08-01 08:17:01] [SUCCESS] Processed successfully: frame_0001.png -> frame_0001.png (0.07 sec)
[2026-08-01 08:17:01] [INFO] Processing image 2/129: frame_0002.png
[2026-08-01 08:17:01] [SUCCESS] Processed successfully: frame_0002.png -> frame_0002.png (0.05 sec)
[2026-08-01 08:17:01] [INFO] Processing image 3/129: frame_0003.png
[2026-08-01 08:17:01] [SUCCESS] Processed successfully: frame_0003.png -> frame_0003.png (0.06 sec)
[2026-08-01 08:17:01] [INFO] Processing image 4/129: frame_0004.png
[2026-08-01 08:17:01] [SUCCESS] Processed successfully: frame_0004.png -> frame_0004.png (0.05 sec)
[2026-08-01 08:17:01] [INFO] Processing image 5/129: frame_0005.png
[2026-08-01 08:17:01] [SUCCESS] Processed successfully: frame_0005.png -> frame_0005.png (0.05 sec)
[2026-08-01 08:17:01] [INFO] Processing image 6/129: frame_0006.png
[2026-08-01 08:17:01] [SUCCESS] Processed successfully: frame_0006.png -> frame_0006.png (0.05 sec)
[2026-08-01 08:17:01] [INFO] Processing image 7/129: frame_0007.png
[2026-08-01 08:17:01] [SUCCESS] Processed successfully: frame_0007.png -> frame_0007.png (0.05 sec)
[2026-08-01 08:17:01] [INFO] Processing image 8/129: frame_0008.png
[2026-08-01 08:17:01] [SUCCESS] Processed successfully: frame_0008.png -> frame_0008.png (0.05 sec)
[2026-08-01 08:17:01] [INFO] Processing image 9/129: frame_0009.png
[2026-08-01 08:17:01] [SUCCESS] Processed successfully: frame_0009.png -> frame_0009.png (0.06 sec)
[2026-08-01 08:17:01] [INFO] Processing image 10/129: frame_0010.png
[2026-08-01 08:17:01] [SUCCESS] Processed successfully: frame_0010.png -> frame_0010.png (0.06 sec)
[2026-08-01 08:17:01] [INFO] Processing image 11/129: frame_0011.png
[2026-08-01 08:17:01] [SUCCESS] Processed successfully: frame_0011.png -> frame_0011.png (0.06 sec)
[2026-08-01 08:17:01] [INFO] Processing image 12/129: frame_0012.png
[2026-08-01 08:17:01] [SUCCESS] Processed successfully: frame_0012.png -> frame_0012.png (0.06 sec)
[2026-08-01 08:17:01] [INFO] Processing image 13/129: frame_0013.png
[2026-08-01 08:17:01] [SUCCESS] Processed successfully: frame_0013.png -> frame_0013.png (0.06 sec)
[2026-08-01 08:17:01] [INFO] Processing image 14/129: frame_0014.png
[2026-08-01 08:17:01] [SUCCESS] Processed successfully: frame_0014.png -> frame_0014.png (0.06 sec)
[2026-08-01 08:17:01] [INFO] Processing image 15/129: frame_0015.png
[2026-08-01 08:17:02] [SUCCESS] Processed successfully: frame_0015.png -> frame_0015.png (0.07 sec)
[2026-08-01 08:17:02] [INFO] Processing image 16/129: frame_0016.png
[2026-08-01 08:17:02] [SUCCESS] Processed successfully: frame_0016.png -> frame_0016.png (0.06 sec)
[2026-08-01 08:17:02] [INFO] Processing image 17/129: frame_0017.png
[2026-08-01 08:17:02] [SUCCESS] Processed successfully: frame_0017.png -> frame_0017.png (0.06 sec)
[2026-08-01 08:17:02] [INFO] Processing image 18/129: frame_0018.png
[2026-08-01 08:17:02] [SUCCESS] Processed successfully: frame_0018.png -> frame_0018.png (0.06 sec)
[2026-08-01 08:17:02] [INFO] Processing image 19/129: frame_0019.png
[2026-08-01 08:17:02] [SUCCESS] Processed successfully: frame_0019.png -> frame_0019.png (0.06 sec)
[2026-08-01 08:17:02] [INFO] Processing image 20/129: frame_0020.png
[2026-08-01 08:17:02] [SUCCESS] Processed successfully: frame_0020.png -> frame_0020.png (0.05 sec)
[2026-08-01 08:17:02] [INFO] Processing image 21/129: frame_0021.png
[2026-08-01 08:17:02] [SUCCESS] Processed successfully: frame_0021.png -> frame_0021.png (0.05 sec)
[2026-08-01 08:17:02] [INFO] Processing image 22/129: frame_0022.png
[2026-08-01 08:17:02] [SUCCESS] Processed successfully: frame_0022.png -> frame_0022.png (0.05 sec)
[2026-08-01 08:17:02] [INFO] Processing image 23/129: frame_0023.png
[2026-08-01 08:17:02] [SUCCESS] Processed successfully: frame_0023.png -> frame_0023.png (0.05 sec)
[2026-08-01 08:17:02] [INFO] Processing image 24/129: frame_0024.png
[2026-08-01 08:17:02] [SUCCESS] Processed successfully: frame_0024.png -> frame_0024.png (0.06 sec)
[2026-08-01 08:17:02] [INFO] Processing image 25/129: frame_0025.png
[2026-08-01 08:17:02] [SUCCESS] Processed successfully: frame_0025.png -> frame_0025.png (0.05 sec)
[2026-08-01 08:17:02] [INFO] Processing image 26/129: frame_0026.png
[2026-08-01 08:17:02] [SUCCESS] Processed successfully: frame_0026.png -> frame_0026.png (0.06 sec)
[2026-08-01 08:17:02] [INFO] Processing image 27/129: frame_0027.png
[2026-08-01 08:17:02] [SUCCESS] Processed successfully: frame_0027.png -> frame_0027.png (0.07 sec)
[2026-08-01 08:17:02] [INFO] Processing image 28/129: frame_0028.png
[2026-08-01 08:17:02] [SUCCESS] Processed successfully: frame_0028.png -> frame_0028.png (0.07 sec)
[2026-08-01 08:17:02] [INFO] Processing image 29/129: frame_0029.png
[2026-08-01 08:17:02] [SUCCESS] Processed successfully: frame_0029.png -> frame_0029.png (0.07 sec)
[2026-08-01 08:17:02] [INFO] Processing image 30/129: frame_0030.png
[2026-08-01 08:17:02] [SUCCESS] Processed successfully: frame_0030.png -> frame_0030.png (0.06 sec)
[2026-08-01 08:17:02] [INFO] Processing image 31/129: frame_0031.png
[2026-08-01 08:17:02] [SUCCESS] Processed successfully: frame_0031.png -> frame_0031.png (0.06 sec)
[2026-08-01 08:17:02] [INFO] Processing image 32/129: frame_0032.png
[2026-08-01 08:17:03] [SUCCESS] Processed successfully: frame_0032.png -> frame_0032.png (0.06 sec)
[2026-08-01 08:17:03] [INFO] Processing image 33/129: frame_0033.png
[2026-08-01 08:17:03] [SUCCESS] Processed successfully: frame_0033.png -> frame_0033.png (0.06 sec)
[2026-08-01 08:17:03] [INFO] Processing image 34/129: frame_0034.png
[2026-08-01 08:17:03] [SUCCESS] Processed successfully: frame_0034.png -> frame_0034.png (0.06 sec)
[2026-08-01 08:17:03] [INFO] Processing image 35/129: frame_0035.png
[2026-08-01 08:17:03] [SUCCESS] Processed successfully: frame_0035.png -> frame_0035.png (0.08 sec)
[2026-08-01 08:17:03] [INFO] Processing image 36/129: frame_0036.png
[2026-08-01 08:17:03] [SUCCESS] Processed successfully: frame_0036.png -> frame_0036.png (0.07 sec)
[2026-08-01 08:17:03] [INFO] Processing image 37/129: frame_0037.png
[2026-08-01 08:17:03] [SUCCESS] Processed successfully: frame_0037.png -> frame_0037.png (0.07 sec)
[2026-08-01 08:17:03] [INFO] Processing image 38/129: frame_0038.png
[2026-08-01 08:17:03] [SUCCESS] Processed successfully: frame_0038.png -> frame_0038.png (0.07 sec)
[2026-08-01 08:17:03] [INFO] Processing image 39/129: frame_0039.png
[2026-08-01 08:17:03] [SUCCESS] Processed successfully: frame_0039.png -> frame_0039.png (0.07 sec)
[2026-08-01 08:17:03] [INFO] Processing image 40/129: frame_0040.png
[2026-08-01 08:17:03] [SUCCESS] Processed successfully: frame_0040.png -> frame_0040.png (0.09 sec)
[2026-08-01 08:17:03] [INFO] Processing image 41/129: frame_0041.png
[2026-08-01 08:17:03] [SUCCESS] Processed successfully: frame_0041.png -> frame_0041.png (0.08 sec)
[2026-08-01 08:17:03] [INFO] Processing image 42/129: frame_0042.png
[2026-08-01 08:17:03] [SUCCESS] Processed successfully: frame_0042.png -> frame_0042.png (0.07 sec)
[2026-08-01 08:17:03] [INFO] Processing image 43/129: frame_0043.png
[2026-08-01 08:17:03] [SUCCESS] Processed successfully: frame_0043.png -> frame_0043.png (0.07 sec)
[2026-08-01 08:17:03] [INFO] Processing image 44/129: frame_0044.png
[2026-08-01 08:17:03] [SUCCESS] Processed successfully: frame_0044.png -> frame_0044.png (0.07 sec)
[2026-08-01 08:17:03] [INFO] Processing image 45/129: frame_0045.png
[2026-08-01 08:17:03] [SUCCESS] Processed successfully: frame_0045.png -> frame_0045.png (0.06 sec)
[2026-08-01 08:17:03] [INFO] Processing image 46/129: frame_0046.png
[2026-08-01 08:17:04] [SUCCESS] Processed successfully: frame_0046.png -> frame_0046.png (0.07 sec)
[2026-08-01 08:17:04] [INFO] Processing image 47/129: frame_0047.png
[2026-08-01 08:17:04] [SUCCESS] Processed successfully: frame_0047.png -> frame_0047.png (0.07 sec)
[2026-08-01 08:17:04] [INFO] Processing image 48/129: frame_0048.png
[2026-08-01 08:17:04] [SUCCESS] Processed successfully: frame_0048.png -> frame_0048.png (0.07 sec)
[2026-08-01 08:17:04] [INFO] Processing image 49/129: frame_0049.png
[2026-08-01 08:17:04] [SUCCESS] Processed successfully: frame_0049.png -> frame_0049.png (0.07 sec)
[2026-08-01 08:17:04] [INFO] Processing image 50/129: frame_0050.png
[2026-08-01 08:17:04] [SUCCESS] Processed successfully: frame_0050.png -> frame_0050.png (0.07 sec)
[2026-08-01 08:17:04] [INFO] Processing image 51/129: frame_0051.png
[2026-08-01 08:17:04] [SUCCESS] Processed successfully: frame_0051.png -> frame_0051.png (0.07 sec)
[2026-08-01 08:17:04] [INFO] Processing image 52/129: frame_0052.png
[2026-08-01 08:17:04] [SUCCESS] Processed successfully: frame_0052.png -> frame_0052.png (0.07 sec)
[2026-08-01 08:17:04] [INFO] Processing image 53/129: frame_0053.png
[2026-08-01 08:17:04] [SUCCESS] Processed successfully: frame_0053.png -> frame_0053.png (0.06 sec)
[2026-08-01 08:17:04] [INFO] Processing image 54/129: frame_0054.png
[2026-08-01 08:17:04] [SUCCESS] Processed successfully: frame_0054.png -> frame_0054.png (0.06 sec)
[2026-08-01 08:17:04] [INFO] Processing image 55/129: frame_0055.png
[2026-08-01 08:17:04] [SUCCESS] Processed successfully: frame_0055.png -> frame_0055.png (0.07 sec)
[2026-08-01 08:17:04] [INFO] Processing image 56/129: frame_0056.png
[2026-08-01 08:17:04] [SUCCESS] Processed successfully: frame_0056.png -> frame_0056.png (0.07 sec)
[2026-08-01 08:17:04] [INFO] Processing image 57/129: frame_0057.png
[2026-08-01 08:17:04] [SUCCESS] Processed successfully: frame_0057.png -> frame_0057.png (0.07 sec)
[2026-08-01 08:17:04] [INFO] Processing image 58/129: frame_0058.png
[2026-08-01 08:17:04] [SUCCESS] Processed successfully: frame_0058.png -> frame_0058.png (0.07 sec)
[2026-08-01 08:17:04] [INFO] Processing image 59/129: frame_0059.png
[2026-08-01 08:17:04] [SUCCESS] Processed successfully: frame_0059.png -> frame_0059.png (0.08 sec)
[2026-08-01 08:17:04] [INFO] Processing image 60/129: frame_0060.png
[2026-08-01 08:17:05] [SUCCESS] Processed successfully: frame_0060.png -> frame_0060.png (0.07 sec)
[2026-08-01 08:17:05] [INFO] Processing image 61/129: frame_0061.png
[2026-08-01 08:17:05] [SUCCESS] Processed successfully: frame_0061.png -> frame_0061.png (0.08 sec)
[2026-08-01 08:17:05] [INFO] Processing image 62/129: frame_0062.png
[2026-08-01 08:17:05] [SUCCESS] Processed successfully: frame_0062.png -> frame_0062.png (0.09 sec)
[2026-08-01 08:17:05] [INFO] Processing image 63/129: frame_0063.png
[2026-08-01 08:17:05] [SUCCESS] Processed successfully: frame_0063.png -> frame_0063.png (0.08 sec)
[2026-08-01 08:17:05] [INFO] Processing image 64/129: frame_0064.png
[2026-08-01 08:17:05] [SUCCESS] Processed successfully: frame_0064.png -> frame_0064.png (0.07 sec)
[2026-08-01 08:17:05] [INFO] Processing image 65/129: frame_0065.png
[2026-08-01 08:17:05] [SUCCESS] Processed successfully: frame_0065.png -> frame_0065.png (0.07 sec)
[2026-08-01 08:17:05] [INFO] Processing image 66/129: frame_0066.png
[2026-08-01 08:17:05] [SUCCESS] Processed successfully: frame_0066.png -> frame_0066.png (0.06 sec)
[2026-08-01 08:17:05] [INFO] Processing image 67/129: frame_0067.png
[2026-08-01 08:17:05] [SUCCESS] Processed successfully: frame_0067.png -> frame_0067.png (0.06 sec)
[2026-08-01 08:17:05] [INFO] Processing image 68/129: frame_0068.png
[2026-08-01 08:17:05] [SUCCESS] Processed successfully: frame_0068.png -> frame_0068.png (0.07 sec)
[2026-08-01 08:17:05] [INFO] Processing image 69/129: frame_0069.png
[2026-08-01 08:17:05] [SUCCESS] Processed successfully: frame_0069.png -> frame_0069.png (0.07 sec)
[2026-08-01 08:17:05] [INFO] Processing image 70/129: frame_0070.png
[2026-08-01 08:17:05] [SUCCESS] Processed successfully: frame_0070.png -> frame_0070.png (0.06 sec)
[2026-08-01 08:17:05] [INFO] Processing image 71/129: frame_0071.png
[2026-08-01 08:17:05] [SUCCESS] Processed successfully: frame_0071.png -> frame_0071.png (0.07 sec)
[2026-08-01 08:17:05] [INFO] Processing image 72/129: frame_0072.png
[2026-08-01 08:17:05] [SUCCESS] Processed successfully: frame_0072.png -> frame_0072.png (0.06 sec)
[2026-08-01 08:17:05] [INFO] Processing image 73/129: frame_0073.png
[2026-08-01 08:17:05] [SUCCESS] Processed successfully: frame_0073.png -> frame_0073.png (0.07 sec)
[2026-08-01 08:17:05] [INFO] Processing image 74/129: frame_0074.png
[2026-08-01 08:17:05] [SUCCESS] Processed successfully: frame_0074.png -> frame_0074.png (0.06 sec)
[2026-08-01 08:17:05] [INFO] Processing image 75/129: frame_0075.png
[2026-08-01 08:17:06] [SUCCESS] Processed successfully: frame_0075.png -> frame_0075.png (0.06 sec)
[2026-08-01 08:17:06] [INFO] Processing image 76/129: frame_0076.png
[2026-08-01 08:17:06] [SUCCESS] Processed successfully: frame_0076.png -> frame_0076.png (0.06 sec)
[2026-08-01 08:17:06] [INFO] Processing image 77/129: frame_0077.png
[2026-08-01 08:17:06] [SUCCESS] Processed successfully: frame_0077.png -> frame_0077.png (0.06 sec)
[2026-08-01 08:17:06] [INFO] Processing image 78/129: frame_0078.png
[2026-08-01 08:17:06] [SUCCESS] Processed successfully: frame_0078.png -> frame_0078.png (0.06 sec)
[2026-08-01 08:17:06] [INFO] Processing image 79/129: frame_0079.png
[2026-08-01 08:17:06] [SUCCESS] Processed successfully: frame_0079.png -> frame_0079.png (0.08 sec)
[2026-08-01 08:17:06] [INFO] Processing image 80/129: frame_0080.png
[2026-08-01 08:17:06] [SUCCESS] Processed successfully: frame_0080.png -> frame_0080.png (0.08 sec)
[2026-08-01 08:17:06] [INFO] Processing image 81/129: frame_0081.png
[2026-08-01 08:17:06] [SUCCESS] Processed successfully: frame_0081.png -> frame_0081.png (0.08 sec)
[2026-08-01 08:17:06] [INFO] Processing image 82/129: frame_0082.png
[2026-08-01 08:17:06] [SUCCESS] Processed successfully: frame_0082.png -> frame_0082.png (0.07 sec)
[2026-08-01 08:17:06] [INFO] Processing image 83/129: frame_0083.png
[2026-08-01 08:17:06] [SUCCESS] Processed successfully: frame_0083.png -> frame_0083.png (0.07 sec)
[2026-08-01 08:17:06] [INFO] Processing image 84/129: frame_0084.png
[2026-08-01 08:17:06] [SUCCESS] Processed successfully: frame_0084.png -> frame_0084.png (0.06 sec)
[2026-08-01 08:17:06] [INFO] Processing image 85/129: frame_0085.png
[2026-08-01 08:17:06] [SUCCESS] Processed successfully: frame_0085.png -> frame_0085.png (0.06 sec)
[2026-08-01 08:17:06] [INFO] Processing image 86/129: frame_0086.png
[2026-08-01 08:17:06] [SUCCESS] Processed successfully: frame_0086.png -> frame_0086.png (0.06 sec)
[2026-08-01 08:17:06] [INFO] Processing image 87/129: frame_0087.png
[2026-08-01 08:17:06] [SUCCESS] Processed successfully: frame_0087.png -> frame_0087.png (0.06 sec)
[2026-08-01 08:17:06] [INFO] Processing image 88/129: frame_0088.png
[2026-08-01 08:17:06] [SUCCESS] Processed successfully: frame_0088.png -> frame_0088.png (0.07 sec)
[2026-08-01 08:17:06] [INFO] Processing image 89/129: frame_0089.png
[2026-08-01 08:17:07] [SUCCESS] Processed successfully: frame_0089.png -> frame_0089.png (0.06 sec)
[2026-08-01 08:17:07] [INFO] Processing image 90/129: frame_0090.png
[2026-08-01 08:17:07] [SUCCESS] Processed successfully: frame_0090.png -> frame_0090.png (0.06 sec)
[2026-08-01 08:17:07] [INFO] Processing image 91/129: frame_0091.png
[2026-08-01 08:17:07] [SUCCESS] Processed successfully: frame_0091.png -> frame_0091.png (0.06 sec)
[2026-08-01 08:17:07] [INFO] Processing image 92/129: frame_0092.png
[2026-08-01 08:17:07] [SUCCESS] Processed successfully: frame_0092.png -> frame_0092.png (0.06 sec)
[2026-08-01 08:17:07] [INFO] Processing image 93/129: frame_0093.png
[2026-08-01 08:17:07] [SUCCESS] Processed successfully: frame_0093.png -> frame_0093.png (0.06 sec)
[2026-08-01 08:17:07] [INFO] Processing image 94/129: frame_0094.png
[2026-08-01 08:17:07] [SUCCESS] Processed successfully: frame_0094.png -> frame_0094.png (0.06 sec)
[2026-08-01 08:17:07] [INFO] Processing image 95/129: frame_0095.png
[2026-08-01 08:17:07] [SUCCESS] Processed successfully: frame_0095.png -> frame_0095.png (0.05 sec)
[2026-08-01 08:17:07] [INFO] Processing image 96/129: frame_0096.png
[2026-08-01 08:17:07] [SUCCESS] Processed successfully: frame_0096.png -> frame_0096.png (0.06 sec)
[2026-08-01 08:17:07] [INFO] Processing image 97/129: frame_0097.png
[2026-08-01 08:17:07] [SUCCESS] Processed successfully: frame_0097.png -> frame_0097.png (0.06 sec)
[2026-08-01 08:17:07] [INFO] Processing image 98/129: frame_0098.png
[2026-08-01 08:17:07] [SUCCESS] Processed successfully: frame_0098.png -> frame_0098.png (0.08 sec)
[2026-08-01 08:17:07] [INFO] Processing image 99/129: frame_0099.png
[2026-08-01 08:17:07] [SUCCESS] Processed successfully: frame_0099.png -> frame_0099.png (0.07 sec)
[2026-08-01 08:17:07] [INFO] Processing image 100/129: frame_0100.png
[2026-08-01 08:17:07] [SUCCESS] Processed successfully: frame_0100.png -> frame_0100.png (0.07 sec)
[2026-08-01 08:17:07] [INFO] Processing image 101/129: frame_0101.png
[2026-08-01 08:17:07] [SUCCESS] Processed successfully: frame_0101.png -> frame_0101.png (0.08 sec)
[2026-08-01 08:17:07] [INFO] Processing image 102/129: frame_0102.png
[2026-08-01 08:17:07] [SUCCESS] Processed successfully: frame_0102.png -> frame_0102.png (0.07 sec)
[2026-08-01 08:17:07] [INFO] Processing image 103/129: frame_0103.png
[2026-08-01 08:17:07] [SUCCESS] Processed successfully: frame_0103.png -> frame_0103.png (0.08 sec)
[2026-08-01 08:17:07] [INFO] Processing image 104/129: frame_0104.png
[2026-08-01 08:17:08] [SUCCESS] Processed successfully: frame_0104.png -> frame_0104.png (0.06 sec)
[2026-08-01 08:17:08] [INFO] Processing image 105/129: frame_0105.png
[2026-08-01 08:17:08] [SUCCESS] Processed successfully: frame_0105.png -> frame_0105.png (0.06 sec)
[2026-08-01 08:17:08] [INFO] Processing image 106/129: frame_0106.png
[2026-08-01 08:17:08] [SUCCESS] Processed successfully: frame_0106.png -> frame_0106.png (0.06 sec)
[2026-08-01 08:17:08] [INFO] Processing image 107/129: frame_0107.png
[2026-08-01 08:17:08] [SUCCESS] Processed successfully: frame_0107.png -> frame_0107.png (0.07 sec)
[2026-08-01 08:17:08] [INFO] Processing image 108/129: frame_0108.png
[2026-08-01 08:17:08] [SUCCESS] Processed successfully: frame_0108.png -> frame_0108.png (0.06 sec)
[2026-08-01 08:17:08] [INFO] Processing image 109/129: frame_0109.png
[2026-08-01 08:17:08] [SUCCESS] Processed successfully: frame_0109.png -> frame_0109.png (0.07 sec)
[2026-08-01 08:17:08] [INFO] Processing image 110/129: frame_0110.png
[2026-08-01 08:17:08] [SUCCESS] Processed successfully: frame_0110.png -> frame_0110.png (0.08 sec)
[2026-08-01 08:17:08] [INFO] Processing image 111/129: frame_0111.png
[2026-08-01 08:17:08] [SUCCESS] Processed successfully: frame_0111.png -> frame_0111.png (0.08 sec)
[2026-08-01 08:17:08] [INFO] Processing image 112/129: frame_0112.png
[2026-08-01 08:17:08] [SUCCESS] Processed successfully: frame_0112.png -> frame_0112.png (0.08 sec)
[2026-08-01 08:17:08] [INFO] Processing image 113/129: frame_0113.png
[2026-08-01 08:17:08] [SUCCESS] Processed successfully: frame_0113.png -> frame_0113.png (0.07 sec)
[2026-08-01 08:17:08] [INFO] Processing image 114/129: frame_0114.png
[2026-08-01 08:17:08] [SUCCESS] Processed successfully: frame_0114.png -> frame_0114.png (0.07 sec)
[2026-08-01 08:17:08] [INFO] Processing image 115/129: frame_0115.png
[2026-08-01 08:17:08] [SUCCESS] Processed successfully: frame_0115.png -> frame_0115.png (0.07 sec)
[2026-08-01 08:17:08] [INFO] Processing image 116/129: frame_0116.png
[2026-08-01 08:17:08] [SUCCESS] Processed successfully: frame_0116.png -> frame_0116.png (0.07 sec)
[2026-08-01 08:17:08] [INFO] Processing image 117/129: frame_0117.png
[2026-08-01 08:17:08] [SUCCESS] Processed successfully: frame_0117.png -> frame_0117.png (0.07 sec)
[2026-08-01 08:17:08] [INFO] Processing image 118/129: frame_0118.png
[2026-08-01 08:17:09] [SUCCESS] Processed successfully: frame_0118.png -> frame_0118.png (0.06 sec)
[2026-08-01 08:17:09] [INFO] Processing image 119/129: frame_0119.png
[2026-08-01 08:17:09] [SUCCESS] Processed successfully: frame_0119.png -> frame_0119.png (0.06 sec)
[2026-08-01 08:17:09] [INFO] Processing image 120/129: frame_0120.png
[2026-08-01 08:17:09] [SUCCESS] Processed successfully: frame_0120.png -> frame_0120.png (0.05 sec)
[2026-08-01 08:17:09] [INFO] Processing image 121/129: frame_0121.png
[2026-08-01 08:17:09] [SUCCESS] Processed successfully: frame_0121.png -> frame_0121.png (0.06 sec)
[2026-08-01 08:17:09] [INFO] Processing image 122/129: frame_0122.png
[2026-08-01 08:17:09] [SUCCESS] Processed successfully: frame_0122.png -> frame_0122.png (0.06 sec)
[2026-08-01 08:17:09] [INFO] Processing image 123/129: frame_0123.png
[2026-08-01 08:17:09] [SUCCESS] Processed successfully: frame_0123.png -> frame_0123.png (0.07 sec)
[2026-08-01 08:17:09] [INFO] Processing image 124/129: frame_0124.png
[2026-08-01 08:17:09] [SUCCESS] Processed successfully: frame_0124.png -> frame_0124.png (0.06 sec)
[2026-08-01 08:17:09] [INFO] Processing image 125/129: frame_0125.png
[2026-08-01 08:17:09] [SUCCESS] Processed successfully: frame_0125.png -> frame_0125.png (0.06 sec)
[2026-08-01 08:17:09] [INFO] Processing image 126/129: frame_0126.png
[2026-08-01 08:17:09] [SUCCESS] Processed successfully: frame_0126.png -> frame_0126.png (0.07 sec)
[2026-08-01 08:17:09] [INFO] Processing image 127/129: frame_0127.png
[2026-08-01 08:17:09] [SUCCESS] Processed successfully: frame_0127.png -> frame_0127.png (0.06 sec)
[2026-08-01 08:17:09] [INFO] Processing image 128/129: frame_0128.png
[2026-08-01 08:17:09] [SUCCESS] Processed successfully: frame_0128.png -> frame_0128.png (0.06 sec)
[2026-08-01 08:17:09] [INFO] Processing image 129/129: frame_0129.png
[2026-08-01 08:17:09] [SUCCESS] Processed successfully: frame_0129.png -> frame_0129.png (0.06 sec)
[2026-08-01 08:17:09] [INFO] ============================================
[2026-08-01 08:17:09] [INFO] Processing summary
[2026-08-01 08:17:09] [INFO] Images found      : 129
[2026-08-01 08:17:09] [INFO] Images processed  : 129
[2026-08-01 08:17:09] [INFO] Images skipped    : 0
[2026-08-01 08:17:09] [INFO] Images failed     : 0
[2026-08-01 08:17:09] [INFO] Output folder     : C:\AI_ML_Fellowship\Project2\Images\04_Transparent
[2026-08-01 08:17:09] [INFO] Total time        : 8.60 sec
[2026-08-01 08:17:09] [INFO] Average time/img  : 0.07 sec
[2026-08-01 08:17:09] [INFO] Script completed
[2026-08-01 08:17:09] [SUCCESS] ============================================
[2026-08-02 19:57:13] [INFO] ============================================
[2026-08-02 19:57:13] [INFO] Script started: 07_make_transparent_background.py
[2026-08-02 19:57:13] [INFO] Project: Project 2 - AIML-Driven Super-Resolution and Volumetric Reconstruction
[2026-08-02 19:57:13] [INFO] Purpose: Remove white backgrounds and create transparent PNG images
[2026-08-02 19:57:13] [INFO] ============================================
[2026-08-02 19:57:13] [INFO] Script directory : C:\AI_ML_Fellowship\Project2\Scripts
[2026-08-02 19:57:13] [INFO] Project root     : C:\AI_ML_Fellowship\Project2
[2026-08-02 19:57:13] [INFO] Source folder    : C:\AI_ML_Fellowship\Project2\Images\03_Cleaned
[2026-08-02 19:57:13] [INFO] Output folder    : C:\AI_ML_Fellowship\Project2\Images\04_Transparent
[2026-08-02 19:57:13] [INFO] Log file         : C:\AI_ML_Fellowship\Project2\Scripts\Logs\07_make_transparent_background.log
[2026-08-02 19:57:13] [INFO] Image processing parameters:
[2026-08-02 19:57:13] [INFO]   THRESHOLD_FULL  = 235
[2026-08-02 19:57:13] [INFO]   THRESHOLD_START = 180
[2026-08-02 19:57:13] [INFO]   ERODE_SIZE      = 3
[2026-08-02 19:57:13] [INFO]   VALID_EXTENSIONS = .png
[2026-08-02 19:57:13] [SUCCESS] Output folder checked / created successfully
[2026-08-02 19:57:13] [INFO] Found 129 image(s) to process
[2026-08-02 19:57:13] [INFO] Processing image 1/129: frame_0001.png
[2026-08-02 19:57:13] [SUCCESS] Processed successfully: frame_0001.png -> frame_0001.png (0.07 sec)
[2026-08-02 19:57:13] [INFO] Processing image 2/129: frame_0002.png
[2026-08-02 19:57:13] [SUCCESS] Processed successfully: frame_0002.png -> frame_0002.png (0.06 sec)
[2026-08-02 19:57:13] [INFO] Processing image 3/129: frame_0003.png
[2026-08-02 19:57:13] [SUCCESS] Processed successfully: frame_0003.png -> frame_0003.png (0.05 sec)
[2026-08-02 19:57:13] [INFO] Processing image 4/129: frame_0004.png
[2026-08-02 19:57:14] [SUCCESS] Processed successfully: frame_0004.png -> frame_0004.png (0.05 sec)
[2026-08-02 19:57:14] [INFO] Processing image 5/129: frame_0005.png
[2026-08-02 19:57:14] [SUCCESS] Processed successfully: frame_0005.png -> frame_0005.png (0.05 sec)
[2026-08-02 19:57:14] [INFO] Processing image 6/129: frame_0006.png
[2026-08-02 19:57:14] [SUCCESS] Processed successfully: frame_0006.png -> frame_0006.png (0.05 sec)
[2026-08-02 19:57:14] [INFO] Processing image 7/129: frame_0007.png
[2026-08-02 19:57:14] [SUCCESS] Processed successfully: frame_0007.png -> frame_0007.png (0.05 sec)
[2026-08-02 19:57:14] [INFO] Processing image 8/129: frame_0008.png
[2026-08-02 19:57:14] [SUCCESS] Processed successfully: frame_0008.png -> frame_0008.png (0.05 sec)
[2026-08-02 19:57:14] [INFO] Processing image 9/129: frame_0009.png
[2026-08-02 19:57:14] [SUCCESS] Processed successfully: frame_0009.png -> frame_0009.png (0.05 sec)
[2026-08-02 19:57:14] [INFO] Processing image 10/129: frame_0010.png
[2026-08-02 19:57:14] [SUCCESS] Processed successfully: frame_0010.png -> frame_0010.png (0.05 sec)
[2026-08-02 19:57:14] [INFO] Processing image 11/129: frame_0011.png
[2026-08-02 19:57:14] [SUCCESS] Processed successfully: frame_0011.png -> frame_0011.png (0.05 sec)
[2026-08-02 19:57:14] [INFO] Processing image 12/129: frame_0012.png
[2026-08-02 19:57:14] [SUCCESS] Processed successfully: frame_0012.png -> frame_0012.png (0.05 sec)
[2026-08-02 19:57:14] [INFO] Processing image 13/129: frame_0013.png
[2026-08-02 19:57:14] [SUCCESS] Processed successfully: frame_0013.png -> frame_0013.png (0.05 sec)
[2026-08-02 19:57:14] [INFO] Processing image 14/129: frame_0014.png
[2026-08-02 19:57:14] [SUCCESS] Processed successfully: frame_0014.png -> frame_0014.png (0.05 sec)
[2026-08-02 19:57:14] [INFO] Processing image 15/129: frame_0015.png
[2026-08-02 19:57:14] [SUCCESS] Processed successfully: frame_0015.png -> frame_0015.png (0.05 sec)
[2026-08-02 19:57:14] [INFO] Processing image 16/129: frame_0016.png
[2026-08-02 19:57:14] [SUCCESS] Processed successfully: frame_0016.png -> frame_0016.png (0.05 sec)
[2026-08-02 19:57:14] [INFO] Processing image 17/129: frame_0017.png
[2026-08-02 19:57:14] [SUCCESS] Processed successfully: frame_0017.png -> frame_0017.png (0.05 sec)
[2026-08-02 19:57:14] [INFO] Processing image 18/129: frame_0018.png
[2026-08-02 19:57:14] [SUCCESS] Processed successfully: frame_0018.png -> frame_0018.png (0.06 sec)
[2026-08-02 19:57:14] [INFO] Processing image 19/129: frame_0019.png
[2026-08-02 19:57:14] [SUCCESS] Processed successfully: frame_0019.png -> frame_0019.png (0.06 sec)
[2026-08-02 19:57:14] [INFO] Processing image 20/129: frame_0020.png
[2026-08-02 19:57:14] [SUCCESS] Processed successfully: frame_0020.png -> frame_0020.png (0.05 sec)
[2026-08-02 19:57:14] [INFO] Processing image 21/129: frame_0021.png
[2026-08-02 19:57:14] [SUCCESS] Processed successfully: frame_0021.png -> frame_0021.png (0.05 sec)
[2026-08-02 19:57:14] [INFO] Processing image 22/129: frame_0022.png
[2026-08-02 19:57:14] [SUCCESS] Processed successfully: frame_0022.png -> frame_0022.png (0.05 sec)
[2026-08-02 19:57:14] [INFO] Processing image 23/129: frame_0023.png
[2026-08-02 19:57:15] [SUCCESS] Processed successfully: frame_0023.png -> frame_0023.png (0.05 sec)
[2026-08-02 19:57:15] [INFO] Processing image 24/129: frame_0024.png
[2026-08-02 19:57:15] [SUCCESS] Processed successfully: frame_0024.png -> frame_0024.png (0.05 sec)
[2026-08-02 19:57:15] [INFO] Processing image 25/129: frame_0025.png
[2026-08-02 19:57:15] [SUCCESS] Processed successfully: frame_0025.png -> frame_0025.png (0.05 sec)
[2026-08-02 19:57:15] [INFO] Processing image 26/129: frame_0026.png
[2026-08-02 19:57:15] [SUCCESS] Processed successfully: frame_0026.png -> frame_0026.png (0.05 sec)
[2026-08-02 19:57:15] [INFO] Processing image 27/129: frame_0027.png
[2026-08-02 19:57:15] [SUCCESS] Processed successfully: frame_0027.png -> frame_0027.png (0.05 sec)
[2026-08-02 19:57:15] [INFO] Processing image 28/129: frame_0028.png
[2026-08-02 19:57:15] [SUCCESS] Processed successfully: frame_0028.png -> frame_0028.png (0.05 sec)
[2026-08-02 19:57:15] [INFO] Processing image 29/129: frame_0029.png
[2026-08-02 19:57:15] [SUCCESS] Processed successfully: frame_0029.png -> frame_0029.png (0.05 sec)
[2026-08-02 19:57:15] [INFO] Processing image 30/129: frame_0030.png
[2026-08-02 19:57:15] [SUCCESS] Processed successfully: frame_0030.png -> frame_0030.png (0.05 sec)
[2026-08-02 19:57:15] [INFO] Processing image 31/129: frame_0031.png
[2026-08-02 19:57:15] [SUCCESS] Processed successfully: frame_0031.png -> frame_0031.png (0.05 sec)
[2026-08-02 19:57:15] [INFO] Processing image 32/129: frame_0032.png
[2026-08-02 19:57:15] [SUCCESS] Processed successfully: frame_0032.png -> frame_0032.png (0.05 sec)
[2026-08-02 19:57:15] [INFO] Processing image 33/129: frame_0033.png
[2026-08-02 19:57:15] [SUCCESS] Processed successfully: frame_0033.png -> frame_0033.png (0.05 sec)
[2026-08-02 19:57:15] [INFO] Processing image 34/129: frame_0034.png
[2026-08-02 19:57:15] [SUCCESS] Processed successfully: frame_0034.png -> frame_0034.png (0.05 sec)
[2026-08-02 19:57:15] [INFO] Processing image 35/129: frame_0035.png
[2026-08-02 19:57:15] [SUCCESS] Processed successfully: frame_0035.png -> frame_0035.png (0.05 sec)
[2026-08-02 19:57:15] [INFO] Processing image 36/129: frame_0036.png
[2026-08-02 19:57:15] [SUCCESS] Processed successfully: frame_0036.png -> frame_0036.png (0.05 sec)
[2026-08-02 19:57:15] [INFO] Processing image 37/129: frame_0037.png
[2026-08-02 19:57:15] [SUCCESS] Processed successfully: frame_0037.png -> frame_0037.png (0.05 sec)
[2026-08-02 19:57:15] [INFO] Processing image 38/129: frame_0038.png
[2026-08-02 19:57:15] [SUCCESS] Processed successfully: frame_0038.png -> frame_0038.png (0.05 sec)
[2026-08-02 19:57:15] [INFO] Processing image 39/129: frame_0039.png
[2026-08-02 19:57:15] [SUCCESS] Processed successfully: frame_0039.png -> frame_0039.png (0.05 sec)
[2026-08-02 19:57:15] [INFO] Processing image 40/129: frame_0040.png
[2026-08-02 19:57:15] [SUCCESS] Processed successfully: frame_0040.png -> frame_0040.png (0.05 sec)
[2026-08-02 19:57:15] [INFO] Processing image 41/129: frame_0041.png
[2026-08-02 19:57:15] [SUCCESS] Processed successfully: frame_0041.png -> frame_0041.png (0.05 sec)
[2026-08-02 19:57:15] [INFO] Processing image 42/129: frame_0042.png
[2026-08-02 19:57:15] [SUCCESS] Processed successfully: frame_0042.png -> frame_0042.png (0.05 sec)
[2026-08-02 19:57:15] [INFO] Processing image 43/129: frame_0043.png
[2026-08-02 19:57:16] [SUCCESS] Processed successfully: frame_0043.png -> frame_0043.png (0.05 sec)
[2026-08-02 19:57:16] [INFO] Processing image 44/129: frame_0044.png
[2026-08-02 19:57:16] [SUCCESS] Processed successfully: frame_0044.png -> frame_0044.png (0.06 sec)
[2026-08-02 19:57:16] [INFO] Processing image 45/129: frame_0045.png
[2026-08-02 19:57:16] [SUCCESS] Processed successfully: frame_0045.png -> frame_0045.png (0.06 sec)
[2026-08-02 19:57:16] [INFO] Processing image 46/129: frame_0046.png
[2026-08-02 19:57:16] [SUCCESS] Processed successfully: frame_0046.png -> frame_0046.png (0.06 sec)
[2026-08-02 19:57:16] [INFO] Processing image 47/129: frame_0047.png
[2026-08-02 19:57:16] [SUCCESS] Processed successfully: frame_0047.png -> frame_0047.png (0.05 sec)
[2026-08-02 19:57:16] [INFO] Processing image 48/129: frame_0048.png
[2026-08-02 19:57:16] [SUCCESS] Processed successfully: frame_0048.png -> frame_0048.png (0.05 sec)
[2026-08-02 19:57:16] [INFO] Processing image 49/129: frame_0049.png
[2026-08-02 19:57:16] [SUCCESS] Processed successfully: frame_0049.png -> frame_0049.png (0.05 sec)
[2026-08-02 19:57:16] [INFO] Processing image 50/129: frame_0050.png
[2026-08-02 19:57:16] [SUCCESS] Processed successfully: frame_0050.png -> frame_0050.png (0.05 sec)
[2026-08-02 19:57:16] [INFO] Processing image 51/129: frame_0051.png
[2026-08-02 19:57:16] [SUCCESS] Processed successfully: frame_0051.png -> frame_0051.png (0.05 sec)
[2026-08-02 19:57:16] [INFO] Processing image 52/129: frame_0052.png
[2026-08-02 19:57:16] [SUCCESS] Processed successfully: frame_0052.png -> frame_0052.png (0.05 sec)
[2026-08-02 19:57:16] [INFO] Processing image 53/129: frame_0053.png
[2026-08-02 19:57:16] [SUCCESS] Processed successfully: frame_0053.png -> frame_0053.png (0.05 sec)
[2026-08-02 19:57:16] [INFO] Processing image 54/129: frame_0054.png
[2026-08-02 19:57:16] [SUCCESS] Processed successfully: frame_0054.png -> frame_0054.png (0.05 sec)
[2026-08-02 19:57:16] [INFO] Processing image 55/129: frame_0055.png
[2026-08-02 19:57:16] [SUCCESS] Processed successfully: frame_0055.png -> frame_0055.png (0.05 sec)
[2026-08-02 19:57:16] [INFO] Processing image 56/129: frame_0056.png
[2026-08-02 19:57:16] [SUCCESS] Processed successfully: frame_0056.png -> frame_0056.png (0.05 sec)
[2026-08-02 19:57:16] [INFO] Processing image 57/129: frame_0057.png
[2026-08-02 19:57:16] [SUCCESS] Processed successfully: frame_0057.png -> frame_0057.png (0.05 sec)
[2026-08-02 19:57:16] [INFO] Processing image 58/129: frame_0058.png
[2026-08-02 19:57:16] [SUCCESS] Processed successfully: frame_0058.png -> frame_0058.png (0.05 sec)
[2026-08-02 19:57:16] [INFO] Processing image 59/129: frame_0059.png
[2026-08-02 19:57:16] [SUCCESS] Processed successfully: frame_0059.png -> frame_0059.png (0.05 sec)
[2026-08-02 19:57:16] [INFO] Processing image 60/129: frame_0060.png
[2026-08-02 19:57:16] [SUCCESS] Processed successfully: frame_0060.png -> frame_0060.png (0.05 sec)
[2026-08-02 19:57:16] [INFO] Processing image 61/129: frame_0061.png
[2026-08-02 19:57:16] [SUCCESS] Processed successfully: frame_0061.png -> frame_0061.png (0.05 sec)
[2026-08-02 19:57:16] [INFO] Processing image 62/129: frame_0062.png
[2026-08-02 19:57:17] [SUCCESS] Processed successfully: frame_0062.png -> frame_0062.png (0.05 sec)
[2026-08-02 19:57:17] [INFO] Processing image 63/129: frame_0063.png
[2026-08-02 19:57:17] [SUCCESS] Processed successfully: frame_0063.png -> frame_0063.png (0.05 sec)
[2026-08-02 19:57:17] [INFO] Processing image 64/129: frame_0064.png
[2026-08-02 19:57:17] [SUCCESS] Processed successfully: frame_0064.png -> frame_0064.png (0.05 sec)
[2026-08-02 19:57:17] [INFO] Processing image 65/129: frame_0065.png
[2026-08-02 19:57:17] [SUCCESS] Processed successfully: frame_0065.png -> frame_0065.png (0.05 sec)
[2026-08-02 19:57:17] [INFO] Processing image 66/129: frame_0066.png
[2026-08-02 19:57:17] [SUCCESS] Processed successfully: frame_0066.png -> frame_0066.png (0.05 sec)
[2026-08-02 19:57:17] [INFO] Processing image 67/129: frame_0067.png
[2026-08-02 19:57:17] [SUCCESS] Processed successfully: frame_0067.png -> frame_0067.png (0.05 sec)
[2026-08-02 19:57:17] [INFO] Processing image 68/129: frame_0068.png
[2026-08-02 19:57:17] [SUCCESS] Processed successfully: frame_0068.png -> frame_0068.png (0.05 sec)
[2026-08-02 19:57:17] [INFO] Processing image 69/129: frame_0069.png
[2026-08-02 19:57:17] [SUCCESS] Processed successfully: frame_0069.png -> frame_0069.png (0.05 sec)
[2026-08-02 19:57:17] [INFO] Processing image 70/129: frame_0070.png
[2026-08-02 19:57:17] [SUCCESS] Processed successfully: frame_0070.png -> frame_0070.png (0.05 sec)
[2026-08-02 19:57:17] [INFO] Processing image 71/129: frame_0071.png
[2026-08-02 19:57:17] [SUCCESS] Processed successfully: frame_0071.png -> frame_0071.png (0.06 sec)
[2026-08-02 19:57:17] [INFO] Processing image 72/129: frame_0072.png
[2026-08-02 19:57:17] [SUCCESS] Processed successfully: frame_0072.png -> frame_0072.png (0.05 sec)
[2026-08-02 19:57:17] [INFO] Processing image 73/129: frame_0073.png
[2026-08-02 19:57:17] [SUCCESS] Processed successfully: frame_0073.png -> frame_0073.png (0.05 sec)
[2026-08-02 19:57:17] [INFO] Processing image 74/129: frame_0074.png
[2026-08-02 19:57:17] [SUCCESS] Processed successfully: frame_0074.png -> frame_0074.png (0.05 sec)
[2026-08-02 19:57:17] [INFO] Processing image 75/129: frame_0075.png
[2026-08-02 19:57:17] [SUCCESS] Processed successfully: frame_0075.png -> frame_0075.png (0.05 sec)
[2026-08-02 19:57:17] [INFO] Processing image 76/129: frame_0076.png
[2026-08-02 19:57:17] [SUCCESS] Processed successfully: frame_0076.png -> frame_0076.png (0.05 sec)
[2026-08-02 19:57:17] [INFO] Processing image 77/129: frame_0077.png
[2026-08-02 19:57:17] [SUCCESS] Processed successfully: frame_0077.png -> frame_0077.png (0.05 sec)
[2026-08-02 19:57:17] [INFO] Processing image 78/129: frame_0078.png
[2026-08-02 19:57:17] [SUCCESS] Processed successfully: frame_0078.png -> frame_0078.png (0.05 sec)
[2026-08-02 19:57:17] [INFO] Processing image 79/129: frame_0079.png
[2026-08-02 19:57:17] [SUCCESS] Processed successfully: frame_0079.png -> frame_0079.png (0.05 sec)
[2026-08-02 19:57:17] [INFO] Processing image 80/129: frame_0080.png
[2026-08-02 19:57:17] [SUCCESS] Processed successfully: frame_0080.png -> frame_0080.png (0.05 sec)
[2026-08-02 19:57:17] [INFO] Processing image 81/129: frame_0081.png
[2026-08-02 19:57:18] [SUCCESS] Processed successfully: frame_0081.png -> frame_0081.png (0.05 sec)
[2026-08-02 19:57:18] [INFO] Processing image 82/129: frame_0082.png
[2026-08-02 19:57:18] [SUCCESS] Processed successfully: frame_0082.png -> frame_0082.png (0.06 sec)
[2026-08-02 19:57:18] [INFO] Processing image 83/129: frame_0083.png
[2026-08-02 19:57:18] [SUCCESS] Processed successfully: frame_0083.png -> frame_0083.png (0.06 sec)
[2026-08-02 19:57:18] [INFO] Processing image 84/129: frame_0084.png
[2026-08-02 19:57:18] [SUCCESS] Processed successfully: frame_0084.png -> frame_0084.png (0.05 sec)
[2026-08-02 19:57:18] [INFO] Processing image 85/129: frame_0085.png
[2026-08-02 19:57:18] [SUCCESS] Processed successfully: frame_0085.png -> frame_0085.png (0.05 sec)
[2026-08-02 19:57:18] [INFO] Processing image 86/129: frame_0086.png
[2026-08-02 19:57:18] [SUCCESS] Processed successfully: frame_0086.png -> frame_0086.png (0.05 sec)
[2026-08-02 19:57:18] [INFO] Processing image 87/129: frame_0087.png
[2026-08-02 19:57:18] [SUCCESS] Processed successfully: frame_0087.png -> frame_0087.png (0.05 sec)
[2026-08-02 19:57:18] [INFO] Processing image 88/129: frame_0088.png
[2026-08-02 19:57:18] [SUCCESS] Processed successfully: frame_0088.png -> frame_0088.png (0.05 sec)
[2026-08-02 19:57:18] [INFO] Processing image 89/129: frame_0089.png
[2026-08-02 19:57:18] [SUCCESS] Processed successfully: frame_0089.png -> frame_0089.png (0.05 sec)
[2026-08-02 19:57:18] [INFO] Processing image 90/129: frame_0090.png
[2026-08-02 19:57:18] [SUCCESS] Processed successfully: frame_0090.png -> frame_0090.png (0.05 sec)
[2026-08-02 19:57:18] [INFO] Processing image 91/129: frame_0091.png
[2026-08-02 19:57:18] [SUCCESS] Processed successfully: frame_0091.png -> frame_0091.png (0.05 sec)
[2026-08-02 19:57:18] [INFO] Processing image 92/129: frame_0092.png
[2026-08-02 19:57:18] [SUCCESS] Processed successfully: frame_0092.png -> frame_0092.png (0.05 sec)
[2026-08-02 19:57:18] [INFO] Processing image 93/129: frame_0093.png
[2026-08-02 19:57:18] [SUCCESS] Processed successfully: frame_0093.png -> frame_0093.png (0.05 sec)
[2026-08-02 19:57:18] [INFO] Processing image 94/129: frame_0094.png
[2026-08-02 19:57:18] [SUCCESS] Processed successfully: frame_0094.png -> frame_0094.png (0.05 sec)
[2026-08-02 19:57:18] [INFO] Processing image 95/129: frame_0095.png
[2026-08-02 19:57:18] [SUCCESS] Processed successfully: frame_0095.png -> frame_0095.png (0.05 sec)
[2026-08-02 19:57:18] [INFO] Processing image 96/129: frame_0096.png
[2026-08-02 19:57:18] [SUCCESS] Processed successfully: frame_0096.png -> frame_0096.png (0.06 sec)
[2026-08-02 19:57:18] [INFO] Processing image 97/129: frame_0097.png
[2026-08-02 19:57:18] [SUCCESS] Processed successfully: frame_0097.png -> frame_0097.png (0.05 sec)
[2026-08-02 19:57:18] [INFO] Processing image 98/129: frame_0098.png
[2026-08-02 19:57:18] [SUCCESS] Processed successfully: frame_0098.png -> frame_0098.png (0.06 sec)
[2026-08-02 19:57:18] [INFO] Processing image 99/129: frame_0099.png
[2026-08-02 19:57:18] [SUCCESS] Processed successfully: frame_0099.png -> frame_0099.png (0.05 sec)
[2026-08-02 19:57:18] [INFO] Processing image 100/129: frame_0100.png
[2026-08-02 19:57:19] [SUCCESS] Processed successfully: frame_0100.png -> frame_0100.png (0.05 sec)
[2026-08-02 19:57:19] [INFO] Processing image 101/129: frame_0101.png
[2026-08-02 19:57:19] [SUCCESS] Processed successfully: frame_0101.png -> frame_0101.png (0.05 sec)
[2026-08-02 19:57:19] [INFO] Processing image 102/129: frame_0102.png
[2026-08-02 19:57:19] [SUCCESS] Processed successfully: frame_0102.png -> frame_0102.png (0.05 sec)
[2026-08-02 19:57:19] [INFO] Processing image 103/129: frame_0103.png
[2026-08-02 19:57:19] [SUCCESS] Processed successfully: frame_0103.png -> frame_0103.png (0.05 sec)
[2026-08-02 19:57:19] [INFO] Processing image 104/129: frame_0104.png
[2026-08-02 19:57:19] [SUCCESS] Processed successfully: frame_0104.png -> frame_0104.png (0.05 sec)
[2026-08-02 19:57:19] [INFO] Processing image 105/129: frame_0105.png
[2026-08-02 19:57:19] [SUCCESS] Processed successfully: frame_0105.png -> frame_0105.png (0.05 sec)
[2026-08-02 19:57:19] [INFO] Processing image 106/129: frame_0106.png
[2026-08-02 19:57:19] [SUCCESS] Processed successfully: frame_0106.png -> frame_0106.png (0.05 sec)
[2026-08-02 19:57:19] [INFO] Processing image 107/129: frame_0107.png
[2026-08-02 19:57:19] [SUCCESS] Processed successfully: frame_0107.png -> frame_0107.png (0.05 sec)
[2026-08-02 19:57:19] [INFO] Processing image 108/129: frame_0108.png
[2026-08-02 19:57:19] [SUCCESS] Processed successfully: frame_0108.png -> frame_0108.png (0.05 sec)
[2026-08-02 19:57:19] [INFO] Processing image 109/129: frame_0109.png
[2026-08-02 19:57:19] [SUCCESS] Processed successfully: frame_0109.png -> frame_0109.png (0.05 sec)
[2026-08-02 19:57:19] [INFO] Processing image 110/129: frame_0110.png
[2026-08-02 19:57:19] [SUCCESS] Processed successfully: frame_0110.png -> frame_0110.png (0.05 sec)
[2026-08-02 19:57:19] [INFO] Processing image 111/129: frame_0111.png
[2026-08-02 19:57:19] [SUCCESS] Processed successfully: frame_0111.png -> frame_0111.png (0.05 sec)
[2026-08-02 19:57:19] [INFO] Processing image 112/129: frame_0112.png
[2026-08-02 19:57:19] [SUCCESS] Processed successfully: frame_0112.png -> frame_0112.png (0.05 sec)
[2026-08-02 19:57:19] [INFO] Processing image 113/129: frame_0113.png
[2026-08-02 19:57:19] [SUCCESS] Processed successfully: frame_0113.png -> frame_0113.png (0.05 sec)
[2026-08-02 19:57:19] [INFO] Processing image 114/129: frame_0114.png
[2026-08-02 19:57:19] [SUCCESS] Processed successfully: frame_0114.png -> frame_0114.png (0.05 sec)
[2026-08-02 19:57:19] [INFO] Processing image 115/129: frame_0115.png
[2026-08-02 19:57:19] [SUCCESS] Processed successfully: frame_0115.png -> frame_0115.png (0.05 sec)
[2026-08-02 19:57:19] [INFO] Processing image 116/129: frame_0116.png
[2026-08-02 19:57:19] [SUCCESS] Processed successfully: frame_0116.png -> frame_0116.png (0.05 sec)
[2026-08-02 19:57:19] [INFO] Processing image 117/129: frame_0117.png
[2026-08-02 19:57:19] [SUCCESS] Processed successfully: frame_0117.png -> frame_0117.png (0.05 sec)
[2026-08-02 19:57:19] [INFO] Processing image 118/129: frame_0118.png
[2026-08-02 19:57:19] [SUCCESS] Processed successfully: frame_0118.png -> frame_0118.png (0.05 sec)
[2026-08-02 19:57:19] [INFO] Processing image 119/129: frame_0119.png
[2026-08-02 19:57:20] [SUCCESS] Processed successfully: frame_0119.png -> frame_0119.png (0.05 sec)
[2026-08-02 19:57:20] [INFO] Processing image 120/129: frame_0120.png
[2026-08-02 19:57:20] [SUCCESS] Processed successfully: frame_0120.png -> frame_0120.png (0.05 sec)
[2026-08-02 19:57:20] [INFO] Processing image 121/129: frame_0121.png
[2026-08-02 19:57:20] [SUCCESS] Processed successfully: frame_0121.png -> frame_0121.png (0.05 sec)
[2026-08-02 19:57:20] [INFO] Processing image 122/129: frame_0122.png
[2026-08-02 19:57:20] [SUCCESS] Processed successfully: frame_0122.png -> frame_0122.png (0.05 sec)
[2026-08-02 19:57:20] [INFO] Processing image 123/129: frame_0123.png
[2026-08-02 19:57:20] [SUCCESS] Processed successfully: frame_0123.png -> frame_0123.png (0.05 sec)
[2026-08-02 19:57:20] [INFO] Processing image 124/129: frame_0124.png
[2026-08-02 19:57:20] [SUCCESS] Processed successfully: frame_0124.png -> frame_0124.png (0.06 sec)
[2026-08-02 19:57:20] [INFO] Processing image 125/129: frame_0125.png
[2026-08-02 19:57:20] [SUCCESS] Processed successfully: frame_0125.png -> frame_0125.png (0.06 sec)
[2026-08-02 19:57:20] [INFO] Processing image 126/129: frame_0126.png
[2026-08-02 19:57:20] [SUCCESS] Processed successfully: frame_0126.png -> frame_0126.png (0.05 sec)
[2026-08-02 19:57:20] [INFO] Processing image 127/129: frame_0127.png
[2026-08-02 19:57:20] [SUCCESS] Processed successfully: frame_0127.png -> frame_0127.png (0.05 sec)
[2026-08-02 19:57:20] [INFO] Processing image 128/129: frame_0128.png
[2026-08-02 19:57:20] [SUCCESS] Processed successfully: frame_0128.png -> frame_0128.png (0.05 sec)
[2026-08-02 19:57:20] [INFO] Processing image 129/129: frame_0129.png
[2026-08-02 19:57:20] [SUCCESS] Processed successfully: frame_0129.png -> frame_0129.png (0.05 sec)
[2026-08-02 19:57:20] [INFO] ============================================
[2026-08-02 19:57:20] [INFO] Processing summary
[2026-08-02 19:57:20] [INFO] Images found      : 129
[2026-08-02 19:57:20] [INFO] Images processed  : 129
[2026-08-02 19:57:20] [INFO] Images skipped    : 0
[2026-08-02 19:57:20] [INFO] Images failed     : 0
[2026-08-02 19:57:20] [INFO] Output folder     : C:\AI_ML_Fellowship\Project2\Images\04_Transparent
[2026-08-02 19:57:20] [INFO] Total time        : 6.79 sec
[2026-08-02 19:57:20] [INFO] Average time/img  : 0.05 sec
[2026-08-02 19:57:20] [INFO] Script completed
[2026-08-02 19:57:20] [SUCCESS] ============================================
