[2026-07-30 06:02:22] [INFO] ============================================
[2026-07-30 06:02:22] [INFO] Script started.
[2026-07-30 06:02:22] [INFO] Script name: 08_ml_parameter_tuning_evidence.py
[2026-07-30 06:02:22] [INFO] Project: AIML-Driven Super-Resolution and Volumetric Reconstruction for Mixing Tanks
[2026-07-30 06:02:22] [INFO] Script folder: C:\AI_ML_Fellowship\Project2\Scripts
[2026-07-30 06:02:22] [INFO] Project root: C:\AI_ML_Fellowship\Project2
[2026-07-30 06:02:22] [INFO] Reports folder: C:\AI_ML_Fellowship\Project2\Reports
[2026-07-30 06:02:22] [INFO] Logs folder: C:\AI_ML_Fellowship\Project2\Scripts\Logs
[2026-07-30 06:02:22] [INFO] Log file: C:\AI_ML_Fellowship\Project2\Scripts\Logs\08_ml_parameter_tuning_evidence.log
[2026-07-30 06:02:22] [INFO] Loading built-in dataset: iris
[2026-07-30 06:02:22] [INFO] Dataset loaded: iris
[2026-07-30 06:02:22] [INFO] Samples: 150
[2026-07-30 06:02:22] [INFO] Features: 4
[2026-07-30 06:02:22] [INFO] Classes: [0, 1, 2]
[2026-07-30 06:02:22] [INFO] KNN k values: [3, 5, 7, 9]
[2026-07-30 06:02:22] [INFO] SVM kernels: ['linear', 'rbf', 'poly']
[2026-07-30 06:02:22] [INFO] SVM C values: [0.1, 1.0, 10.0]
[2026-07-30 06:02:22] [INFO] Decision Tree depths: [2, 3, 5, None]
[2026-07-30 06:02:22] [INFO] Cross-validation folds: 5
[2026-07-30 06:02:22] [INFO] Cross-validation shuffle: False
[2026-07-30 06:02:22] [INFO] Scoring metrics: ['accuracy', 'f1_weighted']
[2026-07-30 06:02:22] [INFO] Hold-out test size: 0.25
[2026-07-30 06:02:22] [INFO] Total model configurations to evaluate: 17
[2026-07-30 06:02:22] [INFO] Training samples: 112
[2026-07-30 06:02:22] [INFO] Test samples: 38
[2026-07-30 06:02:22] [INFO] Evaluating model: KNN_k_3
[2026-07-30 06:02:22] [INFO] Model completed: KNN_k_3 | Test accuracy: 0.9211 | Test weighted F1: 0.9200
[2026-07-30 06:02:22] [INFO] Evaluating model: KNN_k_5
[2026-07-30 06:02:22] [INFO] Model completed: KNN_k_5 | Test accuracy: 0.9211 | Test weighted F1: 0.9200
[2026-07-30 06:02:22] [INFO] Evaluating model: KNN_k_7
[2026-07-30 06:02:22] [INFO] Model completed: KNN_k_7 | Test accuracy: 0.9474 | Test weighted F1: 0.9471
[2026-07-30 06:02:22] [INFO] Evaluating model: KNN_k_9
[2026-07-30 06:02:22] [INFO] Model completed: KNN_k_9 | Test accuracy: 0.9737 | Test weighted F1: 0.9736
[2026-07-30 06:02:22] [INFO] Evaluating model: SVM_kernel_linear_C_0.1
[2026-07-30 06:02:22] [INFO] Model completed: SVM_kernel_linear_C_0.1 | Test accuracy: 0.9211 | Test weighted F1: 0.9209
[2026-07-30 06:02:22] [INFO] Evaluating model: SVM_kernel_linear_C_1.0
[2026-07-30 06:02:22] [INFO] Model completed: SVM_kernel_linear_C_1.0 | Test accuracy: 0.9737 | Test weighted F1: 0.9736
[2026-07-30 06:02:22] [INFO] Evaluating model: SVM_kernel_linear_C_10.0
[2026-07-30 06:02:22] [INFO] Model completed: SVM_kernel_linear_C_10.0 | Test accuracy: 0.9737 | Test weighted F1: 0.9736
[2026-07-30 06:02:22] [INFO] Evaluating model: SVM_kernel_rbf_C_0.1
[2026-07-30 06:02:22] [INFO] Model completed: SVM_kernel_rbf_C_0.1 | Test accuracy: 0.8684 | Test weighted F1: 0.8682
[2026-07-30 06:02:22] [INFO] Evaluating model: SVM_kernel_rbf_C_1.0
[2026-07-30 06:02:22] [INFO] Model completed: SVM_kernel_rbf_C_1.0 | Test accuracy: 0.9474 | Test weighted F1: 0.9474
[2026-07-30 06:02:22] [INFO] Evaluating model: SVM_kernel_rbf_C_10.0
[2026-07-30 06:02:22] [INFO] Model completed: SVM_kernel_rbf_C_10.0 | Test accuracy: 0.9737 | Test weighted F1: 0.9736
[2026-07-30 06:02:22] [INFO] Evaluating model: SVM_kernel_poly_C_0.1
[2026-07-30 06:02:22] [INFO] Model completed: SVM_kernel_poly_C_0.1 | Test accuracy: 0.7895 | Test weighted F1: 0.7675
[2026-07-30 06:02:22] [INFO] Evaluating model: SVM_kernel_poly_C_1.0
[2026-07-30 06:02:22] [INFO] Model completed: SVM_kernel_poly_C_1.0 | Test accuracy: 0.8947 | Test weighted F1: 0.8922
[2026-07-30 06:02:22] [INFO] Evaluating model: SVM_kernel_poly_C_10.0
[2026-07-30 06:02:22] [INFO] Model completed: SVM_kernel_poly_C_10.0 | Test accuracy: 0.9474 | Test weighted F1: 0.9471
[2026-07-30 06:02:22] [INFO] Evaluating model: DecisionTree_depth_2
[2026-07-30 06:02:22] [INFO] Model completed: DecisionTree_depth_2 | Test accuracy: 0.9211 | Test weighted F1: 0.9209
[2026-07-30 06:02:22] [INFO] Evaluating model: DecisionTree_depth_3
[2026-07-30 06:02:22] [INFO] Model completed: DecisionTree_depth_3 | Test accuracy: 0.8947 | Test weighted F1: 0.8941
[2026-07-30 06:02:22] [INFO] Evaluating model: DecisionTree_depth_5
[2026-07-30 06:02:22] [INFO] Model completed: DecisionTree_depth_5 | Test accuracy: 0.8947 | Test weighted F1: 0.8941
[2026-07-30 06:02:22] [INFO] Evaluating model: DecisionTree_depth_None
[2026-07-30 06:02:22] [INFO] Model completed: DecisionTree_depth_None | Test accuracy: 0.8947 | Test weighted F1: 0.8941
[2026-07-30 06:02:22] [INFO] Best overall model by hold-out test accuracy: KNN_k_9
[2026-07-30 06:02:22] [INFO] Full tuning results saved to: C:\AI_ML_Fellowship\Project2\Reports\08_ml_parameter_tuning_results.csv
[2026-07-30 06:02:22] [INFO] Best model results saved to: C:\AI_ML_Fellowship\Project2\Reports\08_ml_parameter_tuning_best_models.csv
[2026-07-30 06:02:22] [INFO] Summary report saved to: C:\AI_ML_Fellowship\Project2\Reports\08_ml_parameter_tuning_summary.txt
[2026-07-30 06:02:22] [INFO] Script completed successfully.
[2026-07-30 06:02:22] [INFO] ============================================
