[2026-08-07 10:13:52] [INFO] ============================================
[2026-08-07 10:13:52] [INFO] Script started.
[2026-08-07 10:13:52] [INFO] Script name: 08_round_edges.py
[2026-08-07 10:13:52] [INFO] Project: AIML-Driven Super-Resolution and Volumetric Reconstruction for Mixing Tanks
[2026-08-07 10:13:52] [INFO] Script folder: C:\AI_ML_Fellowship\Project2\Scripts
[2026-08-07 10:13:52] [INFO] Source folder: C:\AI_ML_Fellowship\Project2\Images\04_Transparent
[2026-08-07 10:13:52] [INFO] Output folder: C:\AI_ML_Fellowship\Project2\Images\05_Final_Rounded
[2026-08-07 10:13:52] [INFO] Alpha cutoff: 128
[2026-08-07 10:13:52] [INFO] Supersample factor: 4
[2026-08-07 10:13:52] [INFO] Logs folder: C:\AI_ML_Fellowship\Project2\Scripts\Logs
[2026-08-07 10:13:52] [INFO] Log file: C:\AI_ML_Fellowship\Project2\Scripts\Logs\08_round_edges.log
[2026-08-07 10:13:52] [INFO] Found 155 PNG file(s) in C:\AI_ML_Fellowship\Project2\Images\04_Transparent.
[2026-08-07 10:13:54] [INFO] Processed: frame_0001.png (8 blob(s) rounded) -> C:\AI_ML_Fellowship\Project2\Scripts\..\Images\05_Final_Rounded\frame_0001.png
[2026-08-07 10:13:56] [INFO] Processed: frame_0002.png (8 blob(s) rounded) -> C:\AI_ML_Fellowship\Project2\Scripts\..\Images\05_Final_Rounded\frame_0002.png
[2026-08-07 10:13:58] [INFO] Processed: frame_0003.png (8 blob(s) rounded) -> C:\AI_ML_Fellowship\Project2\Scripts\..\Images\05_Final_Rounded\frame_0003.png
[2026-08-07 10:14:00] [INFO] Processed: frame_0004.png (8 blob(s) rounded) -> C:\AI_ML_Fellowship\Project2\Scripts\..\Images\05_Final_Rounded\frame_0004.png
[2026-08-07 10:14:01] [INFO] Processed: frame_0005.png (8 blob(s) rounded) -> C:\AI_ML_Fellowship\Project2\Scripts\..\Images\05_Final_Rounded\frame_0005.png
[2026-08-07 10:14:03] [INFO] Processed: frame_0006.png (8 blob(s) rounded) -> C:\AI_ML_Fellowship\Project2\Scripts\..\Images\05_Final_Rounded\frame_0006.png
[2026-08-07 10:14:05] [INFO] Processed: frame_0007.png (8 blob(s) rounded) -> C:\AI_ML_Fellowship\Project2\Scripts\..\Images\05_Final_Rounded\frame_0007.png
[2026-08-07 10:14:06] [INFO] Processed: frame_0008.png (8 blob(s) rounded) -> C:\AI_ML_Fellowship\Project2\Scripts\..\Images\05_Final_Rounded\frame_0008.png
[2026-08-07 10:14:08] [INFO] Processed: frame_0009.png (8 blob(s) rounded) -> C:\AI_ML_Fellowship\Project2\Scripts\..\Images\05_Final_Rounded\frame_0009.png
[2026-08-07 10:14:10] [INFO] Processed: frame_0010.png (8 blob(s) rounded) -> C:\AI_ML_Fellowship\Project2\Scripts\..\Images\05_Final_Rounded\frame_0010.png
[2026-08-07 10:14:11] [INFO] Processed: frame_0011.png (8 blob(s) rounded) -> C:\AI_ML_Fellowship\Project2\Scripts\..\Images\05_Final_Rounded\frame_0011.png
[2026-08-07 10:14:13] [INFO] Processed: frame_0012.png (8 blob(s) rounded) -> C:\AI_ML_Fellowship\Project2\Scripts\..\Images\05_Final_Rounded\frame_0012.png
[2026-08-07 10:14:15] [INFO] Processed: frame_0013.png (8 blob(s) rounded) -> C:\AI_ML_Fellowship\Project2\Scripts\..\Images\05_Final_Rounded\frame_0013.png
[2026-08-07 10:14:16] [INFO] Processed: frame_0014.png (8 blob(s) rounded) -> C:\AI_ML_Fellowship\Project2\Scripts\..\Images\05_Final_Rounded\frame_0014.png
[2026-08-07 10:14:18] [INFO] Processed: frame_0015.png (8 blob(s) rounded) -> C:\AI_ML_Fellowship\Project2\Scripts\..\Images\05_Final_Rounded\frame_0015.png
[2026-08-07 10:14:20] [INFO] Processed: frame_0016.png (8 blob(s) rounded) -> C:\AI_ML_Fellowship\Project2\Scripts\..\Images\05_Final_Rounded\frame_0016.png
[2026-08-07 10:14:22] [INFO] Processed: frame_0017.png (8 blob(s) rounded) -> C:\AI_ML_Fellowship\Project2\Scripts\..\Images\05_Final_Rounded\frame_0017.png
[2026-08-07 10:14:23] [INFO] Processed: frame_0018.png (8 blob(s) rounded) -> C:\AI_ML_Fellowship\Project2\Scripts\..\Images\05_Final_Rounded\frame_0018.png
[2026-08-07 10:14:25] [INFO] Processed: frame_0019.png (8 blob(s) rounded) -> C:\AI_ML_Fellowship\Project2\Scripts\..\Images\05_Final_Rounded\frame_0019.png
[2026-08-07 10:14:27] [INFO] Processed: frame_0020.png (8 blob(s) rounded) -> C:\AI_ML_Fellowship\Project2\Scripts\..\Images\05_Final_Rounded\frame_0020.png
[2026-08-07 10:14:28] [INFO] Processed: frame_0021.png (8 blob(s) rounded) -> C:\AI_ML_Fellowship\Project2\Scripts\..\Images\05_Final_Rounded\frame_0021.png
[2026-08-07 10:14:30] [INFO] Processed: frame_0022.png (8 blob(s) rounded) -> C:\AI_ML_Fellowship\Project2\Scripts\..\Images\05_Final_Rounded\frame_0022.png
[2026-08-07 10:14:32] [INFO] Processed: frame_0023.png (8 blob(s) rounded) -> C:\AI_ML_Fellowship\Project2\Scripts\..\Images\05_Final_Rounded\frame_0023.png
[2026-08-07 10:14:33] [INFO] Processed: frame_0024.png (8 blob(s) rounded) -> C:\AI_ML_Fellowship\Project2\Scripts\..\Images\05_Final_Rounded\frame_0024.png
[2026-08-07 10:14:35] [INFO] Processed: frame_0025.png (8 blob(s) rounded) -> C:\AI_ML_Fellowship\Project2\Scripts\..\Images\05_Final_Rounded\frame_0025.png
[2026-08-07 10:14:37] [INFO] Processed: frame_0026.png (8 blob(s) rounded) -> C:\AI_ML_Fellowship\Project2\Scripts\..\Images\05_Final_Rounded\frame_0026.png
[2026-08-07 10:14:38] [INFO] Processed: frame_0027.png (8 blob(s) rounded) -> C:\AI_ML_Fellowship\Project2\Scripts\..\Images\05_Final_Rounded\frame_0027.png
[2026-08-07 10:14:40] [INFO] Processed: frame_0028.png (8 blob(s) rounded) -> C:\AI_ML_Fellowship\Project2\Scripts\..\Images\05_Final_Rounded\frame_0028.png
[2026-08-07 10:14:42] [INFO] Processed: frame_0029.png (8 blob(s) rounded) -> C:\AI_ML_Fellowship\Project2\Scripts\..\Images\05_Final_Rounded\frame_0029.png
[2026-08-07 10:14:43] [INFO] Processed: frame_0030.png (8 blob(s) rounded) -> C:\AI_ML_Fellowship\Project2\Scripts\..\Images\05_Final_Rounded\frame_0030.png
[2026-08-07 10:14:45] [INFO] Processed: frame_0031.png (8 blob(s) rounded) -> C:\AI_ML_Fellowship\Project2\Scripts\..\Images\05_Final_Rounded\frame_0031.png
[2026-08-07 10:14:47] [INFO] Processed: frame_0032.png (8 blob(s) rounded) -> C:\AI_ML_Fellowship\Project2\Scripts\..\Images\05_Final_Rounded\frame_0032.png
[2026-08-07 10:14:48] [INFO] Processed: frame_0033.png (8 blob(s) rounded) -> C:\AI_ML_Fellowship\Project2\Scripts\..\Images\05_Final_Rounded\frame_0033.png
[2026-08-07 10:14:50] [INFO] Processed: frame_0034.png (8 blob(s) rounded) -> C:\AI_ML_Fellowship\Project2\Scripts\..\Images\05_Final_Rounded\frame_0034.png
[2026-08-07 10:14:52] [INFO] Processed: frame_0035.png (8 blob(s) rounded) -> C:\AI_ML_Fellowship\Project2\Scripts\..\Images\05_Final_Rounded\frame_0035.png
[2026-08-07 10:14:53] [INFO] Processed: frame_0036.png (8 blob(s) rounded) -> C:\AI_ML_Fellowship\Project2\Scripts\..\Images\05_Final_Rounded\frame_0036.png
[2026-08-07 10:14:55] [INFO] Processed: frame_0037.png (8 blob(s) rounded) -> C:\AI_ML_Fellowship\Project2\Scripts\..\Images\05_Final_Rounded\frame_0037.png
[2026-08-07 10:14:57] [INFO] Processed: frame_0038.png (8 blob(s) rounded) -> C:\AI_ML_Fellowship\Project2\Scripts\..\Images\05_Final_Rounded\frame_0038.png
[2026-08-07 10:14:58] [INFO] Processed: frame_0039.png (8 blob(s) rounded) -> C:\AI_ML_Fellowship\Project2\Scripts\..\Images\05_Final_Rounded\frame_0039.png
[2026-08-07 10:15:00] [INFO] Processed: frame_0040.png (8 blob(s) rounded) -> C:\AI_ML_Fellowship\Project2\Scripts\..\Images\05_Final_Rounded\frame_0040.png
[2026-08-07 10:15:02] [INFO] Processed: frame_0041.png (8 blob(s) rounded) -> C:\AI_ML_Fellowship\Project2\Scripts\..\Images\05_Final_Rounded\frame_0041.png
[2026-08-07 10:15:03] [INFO] Processed: frame_0042.png (8 blob(s) rounded) -> C:\AI_ML_Fellowship\Project2\Scripts\..\Images\05_Final_Rounded\frame_0042.png
[2026-08-07 10:15:05] [INFO] Processed: frame_0043.png (8 blob(s) rounded) -> C:\AI_ML_Fellowship\Project2\Scripts\..\Images\05_Final_Rounded\frame_0043.png
[2026-08-07 10:15:07] [INFO] Processed: frame_0044.png (8 blob(s) rounded) -> C:\AI_ML_Fellowship\Project2\Scripts\..\Images\05_Final_Rounded\frame_0044.png
[2026-08-07 10:15:09] [INFO] Processed: frame_0045.png (8 blob(s) rounded) -> C:\AI_ML_Fellowship\Project2\Scripts\..\Images\05_Final_Rounded\frame_0045.png
[2026-08-07 10:15:10] [INFO] Processed: frame_0046.png (8 blob(s) rounded) -> C:\AI_ML_Fellowship\Project2\Scripts\..\Images\05_Final_Rounded\frame_0046.png
[2026-08-07 10:15:12] [INFO] Processed: frame_0047.png (8 blob(s) rounded) -> C:\AI_ML_Fellowship\Project2\Scripts\..\Images\05_Final_Rounded\frame_0047.png
[2026-08-07 10:15:14] [INFO] Processed: frame_0048.png (8 blob(s) rounded) -> C:\AI_ML_Fellowship\Project2\Scripts\..\Images\05_Final_Rounded\frame_0048.png
[2026-08-07 10:15:15] [INFO] Processed: frame_0049.png (8 blob(s) rounded) -> C:\AI_ML_Fellowship\Project2\Scripts\..\Images\05_Final_Rounded\frame_0049.png
[2026-08-07 10:15:17] [INFO] Processed: frame_0050.png (8 blob(s) rounded) -> C:\AI_ML_Fellowship\Project2\Scripts\..\Images\05_Final_Rounded\frame_0050.png
[2026-08-07 10:15:19] [INFO] Processed: frame_0051.png (8 blob(s) rounded) -> C:\AI_ML_Fellowship\Project2\Scripts\..\Images\05_Final_Rounded\frame_0051.png
[2026-08-07 10:15:20] [INFO] Processed: frame_0052.png (8 blob(s) rounded) -> C:\AI_ML_Fellowship\Project2\Scripts\..\Images\05_Final_Rounded\frame_0052.png
[2026-08-07 10:15:22] [INFO] Processed: frame_0053.png (8 blob(s) rounded) -> C:\AI_ML_Fellowship\Project2\Scripts\..\Images\05_Final_Rounded\frame_0053.png
[2026-08-07 10:15:24] [INFO] Processed: frame_0054.png (8 blob(s) rounded) -> C:\AI_ML_Fellowship\Project2\Scripts\..\Images\05_Final_Rounded\frame_0054.png
[2026-08-07 10:15:25] [INFO] Processed: frame_0055.png (8 blob(s) rounded) -> C:\AI_ML_Fellowship\Project2\Scripts\..\Images\05_Final_Rounded\frame_0055.png
[2026-08-07 10:15:27] [INFO] Processed: frame_0056.png (8 blob(s) rounded) -> C:\AI_ML_Fellowship\Project2\Scripts\..\Images\05_Final_Rounded\frame_0056.png
[2026-08-07 10:15:30] [INFO] Processed: frame_0057.png (8 blob(s) rounded) -> C:\AI_ML_Fellowship\Project2\Scripts\..\Images\05_Final_Rounded\frame_0057.png
[2026-08-07 10:15:32] [INFO] Processed: frame_0058.png (8 blob(s) rounded) -> C:\AI_ML_Fellowship\Project2\Scripts\..\Images\05_Final_Rounded\frame_0058.png
[2026-08-07 10:15:34] [INFO] Processed: frame_0059.png (8 blob(s) rounded) -> C:\AI_ML_Fellowship\Project2\Scripts\..\Images\05_Final_Rounded\frame_0059.png
[2026-08-07 10:15:37] [INFO] Processed: frame_0060.png (8 blob(s) rounded) -> C:\AI_ML_Fellowship\Project2\Scripts\..\Images\05_Final_Rounded\frame_0060.png
[2026-08-07 10:15:40] [INFO] Processed: frame_0061.png (8 blob(s) rounded) -> C:\AI_ML_Fellowship\Project2\Scripts\..\Images\05_Final_Rounded\frame_0061.png
[2026-08-07 10:15:42] [INFO] Processed: frame_0062.png (8 blob(s) rounded) -> C:\AI_ML_Fellowship\Project2\Scripts\..\Images\05_Final_Rounded\frame_0062.png
[2026-08-07 10:15:44] [INFO] Processed: frame_0063.png (8 blob(s) rounded) -> C:\AI_ML_Fellowship\Project2\Scripts\..\Images\05_Final_Rounded\frame_0063.png
[2026-08-07 10:15:46] [INFO] Processed: frame_0064.png (8 blob(s) rounded) -> C:\AI_ML_Fellowship\Project2\Scripts\..\Images\05_Final_Rounded\frame_0064.png
[2026-08-07 10:15:48] [INFO] Processed: frame_0065.png (8 blob(s) rounded) -> C:\AI_ML_Fellowship\Project2\Scripts\..\Images\05_Final_Rounded\frame_0065.png
[2026-08-07 10:15:50] [INFO] Processed: frame_0066.png (8 blob(s) rounded) -> C:\AI_ML_Fellowship\Project2\Scripts\..\Images\05_Final_Rounded\frame_0066.png
[2026-08-07 10:15:52] [INFO] Processed: frame_0067.png (8 blob(s) rounded) -> C:\AI_ML_Fellowship\Project2\Scripts\..\Images\05_Final_Rounded\frame_0067.png
[2026-08-07 10:15:54] [INFO] Processed: frame_0068.png (8 blob(s) rounded) -> C:\AI_ML_Fellowship\Project2\Scripts\..\Images\05_Final_Rounded\frame_0068.png
[2026-08-07 10:15:57] [INFO] Processed: frame_0069.png (8 blob(s) rounded) -> C:\AI_ML_Fellowship\Project2\Scripts\..\Images\05_Final_Rounded\frame_0069.png
[2026-08-07 10:15:59] [INFO] Processed: frame_0070.png (8 blob(s) rounded) -> C:\AI_ML_Fellowship\Project2\Scripts\..\Images\05_Final_Rounded\frame_0070.png
[2026-08-07 10:16:01] [INFO] Processed: frame_0071.png (8 blob(s) rounded) -> C:\AI_ML_Fellowship\Project2\Scripts\..\Images\05_Final_Rounded\frame_0071.png
[2026-08-07 10:16:03] [INFO] Processed: frame_0072.png (8 blob(s) rounded) -> C:\AI_ML_Fellowship\Project2\Scripts\..\Images\05_Final_Rounded\frame_0072.png
[2026-08-07 10:16:06] [INFO] Processed: frame_0073.png (8 blob(s) rounded) -> C:\AI_ML_Fellowship\Project2\Scripts\..\Images\05_Final_Rounded\frame_0073.png
[2026-08-07 10:16:09] [INFO] Processed: frame_0074.png (8 blob(s) rounded) -> C:\AI_ML_Fellowship\Project2\Scripts\..\Images\05_Final_Rounded\frame_0074.png
[2026-08-07 10:16:11] [INFO] Processed: frame_0075.png (8 blob(s) rounded) -> C:\AI_ML_Fellowship\Project2\Scripts\..\Images\05_Final_Rounded\frame_0075.png
[2026-08-07 10:16:13] [INFO] Processed: frame_0076.png (8 blob(s) rounded) -> C:\AI_ML_Fellowship\Project2\Scripts\..\Images\05_Final_Rounded\frame_0076.png
[2026-08-07 10:16:15] [INFO] Processed: frame_0077.png (8 blob(s) rounded) -> C:\AI_ML_Fellowship\Project2\Scripts\..\Images\05_Final_Rounded\frame_0077.png
[2026-08-07 10:16:18] [INFO] Processed: frame_0078.png (8 blob(s) rounded) -> C:\AI_ML_Fellowship\Project2\Scripts\..\Images\05_Final_Rounded\frame_0078.png
[2026-08-07 10:16:21] [INFO] Processed: frame_0079.png (8 blob(s) rounded) -> C:\AI_ML_Fellowship\Project2\Scripts\..\Images\05_Final_Rounded\frame_0079.png
[2026-08-07 10:16:23] [INFO] Processed: frame_0080.png (8 blob(s) rounded) -> C:\AI_ML_Fellowship\Project2\Scripts\..\Images\05_Final_Rounded\frame_0080.png
[2026-08-07 10:16:26] [INFO] Processed: frame_0081.png (8 blob(s) rounded) -> C:\AI_ML_Fellowship\Project2\Scripts\..\Images\05_Final_Rounded\frame_0081.png
[2026-08-07 10:16:31] [INFO] Processed: frame_0082.png (8 blob(s) rounded) -> C:\AI_ML_Fellowship\Project2\Scripts\..\Images\05_Final_Rounded\frame_0082.png
[2026-08-07 10:16:38] [INFO] Processed: frame_0083.png (8 blob(s) rounded) -> C:\AI_ML_Fellowship\Project2\Scripts\..\Images\05_Final_Rounded\frame_0083.png
[2026-08-07 10:16:44] [INFO] Processed: frame_0084.png (8 blob(s) rounded) -> C:\AI_ML_Fellowship\Project2\Scripts\..\Images\05_Final_Rounded\frame_0084.png
[2026-08-07 10:16:48] [INFO] Processed: frame_0085.png (8 blob(s) rounded) -> C:\AI_ML_Fellowship\Project2\Scripts\..\Images\05_Final_Rounded\frame_0085.png
[2026-08-07 10:16:51] [INFO] Processed: frame_0086.png (8 blob(s) rounded) -> C:\AI_ML_Fellowship\Project2\Scripts\..\Images\05_Final_Rounded\frame_0086.png
[2026-08-07 10:16:55] [INFO] Processed: frame_0087.png (8 blob(s) rounded) -> C:\AI_ML_Fellowship\Project2\Scripts\..\Images\05_Final_Rounded\frame_0087.png
[2026-08-07 10:16:58] [INFO] Processed: frame_0088.png (8 blob(s) rounded) -> C:\AI_ML_Fellowship\Project2\Scripts\..\Images\05_Final_Rounded\frame_0088.png
[2026-08-07 10:17:02] [INFO] Processed: frame_0089.png (8 blob(s) rounded) -> C:\AI_ML_Fellowship\Project2\Scripts\..\Images\05_Final_Rounded\frame_0089.png
[2026-08-07 10:17:05] [INFO] Processed: frame_0090.png (8 blob(s) rounded) -> C:\AI_ML_Fellowship\Project2\Scripts\..\Images\05_Final_Rounded\frame_0090.png
[2026-08-07 10:17:08] [INFO] Processed: frame_0091.png (8 blob(s) rounded) -> C:\AI_ML_Fellowship\Project2\Scripts\..\Images\05_Final_Rounded\frame_0091.png
[2026-08-07 10:17:11] [INFO] Processed: frame_0092.png (8 blob(s) rounded) -> C:\AI_ML_Fellowship\Project2\Scripts\..\Images\05_Final_Rounded\frame_0092.png
[2026-08-07 10:17:15] [INFO] Processed: frame_0093.png (8 blob(s) rounded) -> C:\AI_ML_Fellowship\Project2\Scripts\..\Images\05_Final_Rounded\frame_0093.png
[2026-08-07 10:17:20] [INFO] Processed: frame_0094.png (8 blob(s) rounded) -> C:\AI_ML_Fellowship\Project2\Scripts\..\Images\05_Final_Rounded\frame_0094.png
[2026-08-07 10:17:24] [INFO] Processed: frame_0095.png (8 blob(s) rounded) -> C:\AI_ML_Fellowship\Project2\Scripts\..\Images\05_Final_Rounded\frame_0095.png
[2026-08-07 10:17:28] [INFO] Processed: frame_0096.png (8 blob(s) rounded) -> C:\AI_ML_Fellowship\Project2\Scripts\..\Images\05_Final_Rounded\frame_0096.png
[2026-08-07 10:17:31] [INFO] Processed: frame_0097.png (8 blob(s) rounded) -> C:\AI_ML_Fellowship\Project2\Scripts\..\Images\05_Final_Rounded\frame_0097.png
[2026-08-07 10:17:34] [INFO] Processed: frame_0098.png (8 blob(s) rounded) -> C:\AI_ML_Fellowship\Project2\Scripts\..\Images\05_Final_Rounded\frame_0098.png
[2026-08-07 10:17:37] [INFO] Processed: frame_0099.png (8 blob(s) rounded) -> C:\AI_ML_Fellowship\Project2\Scripts\..\Images\05_Final_Rounded\frame_0099.png
[2026-08-07 10:17:40] [INFO] Processed: frame_0100.png (8 blob(s) rounded) -> C:\AI_ML_Fellowship\Project2\Scripts\..\Images\05_Final_Rounded\frame_0100.png
[2026-08-07 10:17:42] [INFO] Processed: frame_0101.png (8 blob(s) rounded) -> C:\AI_ML_Fellowship\Project2\Scripts\..\Images\05_Final_Rounded\frame_0101.png
[2026-08-07 10:17:45] [INFO] Processed: frame_0102.png (8 blob(s) rounded) -> C:\AI_ML_Fellowship\Project2\Scripts\..\Images\05_Final_Rounded\frame_0102.png
[2026-08-07 10:17:48] [INFO] Processed: frame_0103.png (8 blob(s) rounded) -> C:\AI_ML_Fellowship\Project2\Scripts\..\Images\05_Final_Rounded\frame_0103.png
[2026-08-07 10:17:52] [INFO] Processed: frame_0104.png (8 blob(s) rounded) -> C:\AI_ML_Fellowship\Project2\Scripts\..\Images\05_Final_Rounded\frame_0104.png
[2026-08-07 10:17:55] [INFO] Processed: frame_0105.png (8 blob(s) rounded) -> C:\AI_ML_Fellowship\Project2\Scripts\..\Images\05_Final_Rounded\frame_0105.png
[2026-08-07 10:17:58] [INFO] Processed: frame_0106.png (8 blob(s) rounded) -> C:\AI_ML_Fellowship\Project2\Scripts\..\Images\05_Final_Rounded\frame_0106.png
[2026-08-07 10:18:00] [INFO] Processed: frame_0107.png (8 blob(s) rounded) -> C:\AI_ML_Fellowship\Project2\Scripts\..\Images\05_Final_Rounded\frame_0107.png
[2026-08-07 10:18:02] [INFO] Processed: frame_0108.png (8 blob(s) rounded) -> C:\AI_ML_Fellowship\Project2\Scripts\..\Images\05_Final_Rounded\frame_0108.png
[2026-08-07 10:18:05] [INFO] Processed: frame_0109.png (8 blob(s) rounded) -> C:\AI_ML_Fellowship\Project2\Scripts\..\Images\05_Final_Rounded\frame_0109.png
[2026-08-07 10:18:07] [INFO] Processed: frame_0110.png (8 blob(s) rounded) -> C:\AI_ML_Fellowship\Project2\Scripts\..\Images\05_Final_Rounded\frame_0110.png
[2026-08-07 10:18:09] [INFO] Processed: frame_0111.png (8 blob(s) rounded) -> C:\AI_ML_Fellowship\Project2\Scripts\..\Images\05_Final_Rounded\frame_0111.png
[2026-08-07 10:18:11] [INFO] Processed: frame_0112.png (8 blob(s) rounded) -> C:\AI_ML_Fellowship\Project2\Scripts\..\Images\05_Final_Rounded\frame_0112.png
[2026-08-07 10:18:13] [INFO] Processed: frame_0113.png (8 blob(s) rounded) -> C:\AI_ML_Fellowship\Project2\Scripts\..\Images\05_Final_Rounded\frame_0113.png
[2026-08-07 10:18:15] [INFO] Processed: frame_0114.png (8 blob(s) rounded) -> C:\AI_ML_Fellowship\Project2\Scripts\..\Images\05_Final_Rounded\frame_0114.png
[2026-08-07 10:18:17] [INFO] Processed: frame_0115.png (8 blob(s) rounded) -> C:\AI_ML_Fellowship\Project2\Scripts\..\Images\05_Final_Rounded\frame_0115.png
[2026-08-07 10:18:19] [INFO] Processed: frame_0116.png (8 blob(s) rounded) -> C:\AI_ML_Fellowship\Project2\Scripts\..\Images\05_Final_Rounded\frame_0116.png
[2026-08-07 10:18:22] [INFO] Processed: frame_0117.png (8 blob(s) rounded) -> C:\AI_ML_Fellowship\Project2\Scripts\..\Images\05_Final_Rounded\frame_0117.png
[2026-08-07 10:18:24] [INFO] Processed: frame_0118.png (8 blob(s) rounded) -> C:\AI_ML_Fellowship\Project2\Scripts\..\Images\05_Final_Rounded\frame_0118.png
[2026-08-07 10:18:26] [INFO] Processed: frame_0119.png (8 blob(s) rounded) -> C:\AI_ML_Fellowship\Project2\Scripts\..\Images\05_Final_Rounded\frame_0119.png
[2026-08-07 10:18:28] [INFO] Processed: frame_0120.png (8 blob(s) rounded) -> C:\AI_ML_Fellowship\Project2\Scripts\..\Images\05_Final_Rounded\frame_0120.png
[2026-08-07 10:18:30] [INFO] Processed: frame_0121.png (8 blob(s) rounded) -> C:\AI_ML_Fellowship\Project2\Scripts\..\Images\05_Final_Rounded\frame_0121.png
[2026-08-07 10:18:33] [INFO] Processed: frame_0122.png (8 blob(s) rounded) -> C:\AI_ML_Fellowship\Project2\Scripts\..\Images\05_Final_Rounded\frame_0122.png
[2026-08-07 10:18:35] [INFO] Processed: frame_0123.png (8 blob(s) rounded) -> C:\AI_ML_Fellowship\Project2\Scripts\..\Images\05_Final_Rounded\frame_0123.png
[2026-08-07 10:18:38] [INFO] Processed: frame_0124.png (8 blob(s) rounded) -> C:\AI_ML_Fellowship\Project2\Scripts\..\Images\05_Final_Rounded\frame_0124.png
[2026-08-07 10:18:41] [INFO] Processed: frame_0125.png (8 blob(s) rounded) -> C:\AI_ML_Fellowship\Project2\Scripts\..\Images\05_Final_Rounded\frame_0125.png
[2026-08-07 10:18:44] [INFO] Processed: frame_0126.png (8 blob(s) rounded) -> C:\AI_ML_Fellowship\Project2\Scripts\..\Images\05_Final_Rounded\frame_0126.png
[2026-08-07 10:18:47] [INFO] Processed: frame_0127.png (8 blob(s) rounded) -> C:\AI_ML_Fellowship\Project2\Scripts\..\Images\05_Final_Rounded\frame_0127.png
[2026-08-07 10:18:50] [INFO] Processed: frame_0128.png (8 blob(s) rounded) -> C:\AI_ML_Fellowship\Project2\Scripts\..\Images\05_Final_Rounded\frame_0128.png
[2026-08-07 10:18:53] [INFO] Processed: frame_0129.png (8 blob(s) rounded) -> C:\AI_ML_Fellowship\Project2\Scripts\..\Images\05_Final_Rounded\frame_0129.png
[2026-08-07 10:18:55] [INFO] Processed: frame_0130.png (8 blob(s) rounded) -> C:\AI_ML_Fellowship\Project2\Scripts\..\Images\05_Final_Rounded\frame_0130.png
[2026-08-07 10:18:58] [INFO] Processed: frame_0131.png (8 blob(s) rounded) -> C:\AI_ML_Fellowship\Project2\Scripts\..\Images\05_Final_Rounded\frame_0131.png
[2026-08-07 10:19:01] [INFO] Processed: frame_0132.png (8 blob(s) rounded) -> C:\AI_ML_Fellowship\Project2\Scripts\..\Images\05_Final_Rounded\frame_0132.png
[2026-08-07 10:19:04] [INFO] Processed: frame_0133.png (8 blob(s) rounded) -> C:\AI_ML_Fellowship\Project2\Scripts\..\Images\05_Final_Rounded\frame_0133.png
[2026-08-07 10:19:07] [INFO] Processed: frame_0134.png (8 blob(s) rounded) -> C:\AI_ML_Fellowship\Project2\Scripts\..\Images\05_Final_Rounded\frame_0134.png
[2026-08-07 10:19:10] [INFO] Processed: frame_0135.png (8 blob(s) rounded) -> C:\AI_ML_Fellowship\Project2\Scripts\..\Images\05_Final_Rounded\frame_0135.png
[2026-08-07 10:19:13] [INFO] Processed: frame_0136.png (8 blob(s) rounded) -> C:\AI_ML_Fellowship\Project2\Scripts\..\Images\05_Final_Rounded\frame_0136.png
[2026-08-07 10:19:16] [INFO] Processed: frame_0137.png (8 blob(s) rounded) -> C:\AI_ML_Fellowship\Project2\Scripts\..\Images\05_Final_Rounded\frame_0137.png
[2026-08-07 10:19:18] [INFO] Processed: frame_0138.png (8 blob(s) rounded) -> C:\AI_ML_Fellowship\Project2\Scripts\..\Images\05_Final_Rounded\frame_0138.png
[2026-08-07 10:19:21] [INFO] Processed: frame_0139.png (8 blob(s) rounded) -> C:\AI_ML_Fellowship\Project2\Scripts\..\Images\05_Final_Rounded\frame_0139.png
[2026-08-07 10:19:24] [INFO] Processed: frame_0140.png (8 blob(s) rounded) -> C:\AI_ML_Fellowship\Project2\Scripts\..\Images\05_Final_Rounded\frame_0140.png
[2026-08-07 10:19:27] [INFO] Processed: frame_0141.png (8 blob(s) rounded) -> C:\AI_ML_Fellowship\Project2\Scripts\..\Images\05_Final_Rounded\frame_0141.png
[2026-08-07 10:19:30] [INFO] Processed: frame_0142.png (8 blob(s) rounded) -> C:\AI_ML_Fellowship\Project2\Scripts\..\Images\05_Final_Rounded\frame_0142.png
[2026-08-07 10:19:33] [INFO] Processed: frame_0143.png (8 blob(s) rounded) -> C:\AI_ML_Fellowship\Project2\Scripts\..\Images\05_Final_Rounded\frame_0143.png
[2026-08-07 10:19:36] [INFO] Processed: frame_0144.png (8 blob(s) rounded) -> C:\AI_ML_Fellowship\Project2\Scripts\..\Images\05_Final_Rounded\frame_0144.png
[2026-08-07 10:19:40] [INFO] Processed: frame_0145.png (8 blob(s) rounded) -> C:\AI_ML_Fellowship\Project2\Scripts\..\Images\05_Final_Rounded\frame_0145.png
[2026-08-07 10:19:43] [INFO] Processed: frame_0146.png (8 blob(s) rounded) -> C:\AI_ML_Fellowship\Project2\Scripts\..\Images\05_Final_Rounded\frame_0146.png
[2026-08-07 10:19:46] [INFO] Processed: frame_0147.png (8 blob(s) rounded) -> C:\AI_ML_Fellowship\Project2\Scripts\..\Images\05_Final_Rounded\frame_0147.png
[2026-08-07 10:19:49] [INFO] Processed: frame_0148.png (8 blob(s) rounded) -> C:\AI_ML_Fellowship\Project2\Scripts\..\Images\05_Final_Rounded\frame_0148.png
[2026-08-07 10:19:50] [INFO] Processed: frame_0149.png (0 blob(s) rounded) -> C:\AI_ML_Fellowship\Project2\Scripts\..\Images\05_Final_Rounded\frame_0149.png
[2026-08-07 10:19:50] [INFO] Processed: frame_0150.png (0 blob(s) rounded) -> C:\AI_ML_Fellowship\Project2\Scripts\..\Images\05_Final_Rounded\frame_0150.png
[2026-08-07 10:19:53] [INFO] Processed: frame_0151.png (8 blob(s) rounded) -> C:\AI_ML_Fellowship\Project2\Scripts\..\Images\05_Final_Rounded\frame_0151.png
[2026-08-07 10:19:56] [INFO] Processed: frame_0152.png (8 blob(s) rounded) -> C:\AI_ML_Fellowship\Project2\Scripts\..\Images\05_Final_Rounded\frame_0152.png
[2026-08-07 10:20:00] [INFO] Processed: frame_0153.png (8 blob(s) rounded) -> C:\AI_ML_Fellowship\Project2\Scripts\..\Images\05_Final_Rounded\frame_0153.png
[2026-08-07 10:20:03] [INFO] Processed: frame_0154.png (8 blob(s) rounded) -> C:\AI_ML_Fellowship\Project2\Scripts\..\Images\05_Final_Rounded\frame_0154.png
[2026-08-07 10:20:06] [INFO] Processed: frame_0155.png (8 blob(s) rounded) -> C:\AI_ML_Fellowship\Project2\Scripts\..\Images\05_Final_Rounded\frame_0155.png
[2026-08-07 10:20:06] [INFO] Rounded-edge frames saved: 155 file(s) to C:\AI_ML_Fellowship\Project2\Images\05_Final_Rounded
[2026-08-07 10:20:06] [INFO] Total blobs rounded across all frames: 1224
[2026-08-07 10:20:06] [INFO] Script completed successfully.
[2026-08-07 10:20:06] [INFO] ============================================
