[2026-08-07 10:21:56] [INFO] ============================================
[2026-08-07 10:21:56] [INFO] Script started.
[2026-08-07 10:21:56] [INFO] Script name: 09_smooth_gradients.py
[2026-08-07 10:21:56] [INFO] Project: AIML-Driven Super-Resolution and Volumetric Reconstruction for Mixing Tanks
[2026-08-07 10:21:56] [INFO] Script folder: C:\AI_ML_Fellowship\Project2\Scripts
[2026-08-07 10:21:56] [INFO] Input folder: C:\AI_ML_Fellowship\Project2\Images\05_Final_Rounded
[2026-08-07 10:21:56] [INFO] Output folder: C:\AI_ML_Fellowship\Project2\Images\06_Smoothed_Gradients
[2026-08-07 10:21:56] [INFO] Downsample factor: 6
[2026-08-07 10:21:56] [INFO] Alpha cutoff (RGBA input): 128
[2026-08-07 10:21:56] [INFO] White threshold (RGB-only input): 245
[2026-08-07 10:21:56] [INFO] Logs folder: C:\AI_ML_Fellowship\Project2\Scripts\Logs
[2026-08-07 10:21:56] [INFO] Log file: C:\AI_ML_Fellowship\Project2\Scripts\Logs\10_smooth_gradients.log
[2026-08-07 10:21:56] [INFO] Found 155 PNG file(s) to process.
[2026-08-07 10:21:57] [INFO] [1/155] Processed: frame_0001.png (0.04s)
[2026-08-07 10:21:57] [INFO] [2/155] Processed: frame_0002.png (0.03s)
[2026-08-07 10:21:57] [INFO] [3/155] Processed: frame_0003.png (0.03s)
[2026-08-07 10:21:57] [INFO] [4/155] Processed: frame_0004.png (0.03s)
[2026-08-07 10:21:57] [INFO] [5/155] Processed: frame_0005.png (0.03s)
[2026-08-07 10:21:57] [INFO] [6/155] Processed: frame_0006.png (0.03s)
[2026-08-07 10:21:57] [INFO] [7/155] Processed: frame_0007.png (0.07s)
[2026-08-07 10:21:57] [INFO] [8/155] Processed: frame_0008.png (0.07s)
[2026-08-07 10:21:57] [INFO] [9/155] Processed: frame_0009.png (0.06s)
[2026-08-07 10:21:57] [INFO] [10/155] Processed: frame_0010.png (0.07s)
[2026-08-07 10:21:57] [INFO] [11/155] Processed: frame_0011.png (0.06s)
[2026-08-07 10:21:57] [INFO] [12/155] Processed: frame_0012.png (0.06s)
[2026-08-07 10:21:57] [INFO] [13/155] Processed: frame_0013.png (0.07s)
[2026-08-07 10:21:57] [INFO] [14/155] Processed: frame_0014.png (0.06s)
[2026-08-07 10:21:57] [INFO] [15/155] Processed: frame_0015.png (0.07s)
[2026-08-07 10:21:57] [INFO] [16/155] Processed: frame_0016.png (0.07s)
[2026-08-07 10:21:57] [INFO] [17/155] Processed: frame_0017.png (0.07s)
[2026-08-07 10:21:57] [INFO] [18/155] Processed: frame_0018.png (0.07s)
[2026-08-07 10:21:58] [INFO] [19/155] Processed: frame_0019.png (0.06s)
[2026-08-07 10:21:58] [INFO] [20/155] Processed: frame_0020.png (0.06s)
[2026-08-07 10:21:58] [INFO] [21/155] Processed: frame_0021.png (0.07s)
[2026-08-07 10:21:58] [INFO] [22/155] Processed: frame_0022.png (0.06s)
[2026-08-07 10:21:58] [INFO] [23/155] Processed: frame_0023.png (0.06s)
[2026-08-07 10:21:58] [INFO] [24/155] Processed: frame_0024.png (0.07s)
[2026-08-07 10:21:58] [INFO] [25/155] Processed: frame_0025.png (0.04s)
[2026-08-07 10:21:58] [INFO] [26/155] Processed: frame_0026.png (0.06s)
[2026-08-07 10:21:58] [INFO] [27/155] Processed: frame_0027.png (0.06s)
[2026-08-07 10:21:58] [INFO] [28/155] Processed: frame_0028.png (0.04s)
[2026-08-07 10:21:58] [INFO] [29/155] Processed: frame_0029.png (0.06s)
[2026-08-07 10:21:58] [INFO] [30/155] Processed: frame_0030.png (0.06s)
[2026-08-07 10:21:58] [INFO] [31/155] Processed: frame_0031.png (0.04s)
[2026-08-07 10:21:58] [INFO] [32/155] Processed: frame_0032.png (0.07s)
[2026-08-07 10:21:58] [INFO] [33/155] Processed: frame_0033.png (0.06s)
[2026-08-07 10:21:58] [INFO] [34/155] Processed: frame_0034.png (0.07s)
[2026-08-07 10:21:58] [INFO] [35/155] Processed: frame_0035.png (0.06s)
[2026-08-07 10:21:59] [INFO] [36/155] Processed: frame_0036.png (0.05s)
[2026-08-07 10:21:59] [INFO] [37/155] Processed: frame_0037.png (0.04s)
[2026-08-07 10:21:59] [INFO] [38/155] Processed: frame_0038.png (0.07s)
[2026-08-07 10:21:59] [INFO] [39/155] Processed: frame_0039.png (0.08s)
[2026-08-07 10:21:59] [INFO] [40/155] Processed: frame_0040.png (0.07s)
[2026-08-07 10:21:59] [INFO] [41/155] Processed: frame_0041.png (0.07s)
[2026-08-07 10:21:59] [INFO] [42/155] Processed: frame_0042.png (0.06s)
[2026-08-07 10:21:59] [INFO] [43/155] Processed: frame_0043.png (0.06s)
[2026-08-07 10:21:59] [INFO] [44/155] Processed: frame_0044.png (0.06s)
[2026-08-07 10:21:59] [INFO] [45/155] Processed: frame_0045.png (0.06s)
[2026-08-07 10:21:59] [INFO] [46/155] Processed: frame_0046.png (0.07s)
[2026-08-07 10:21:59] [INFO] [47/155] Processed: frame_0047.png (0.06s)
[2026-08-07 10:21:59] [INFO] [48/155] Processed: frame_0048.png (0.07s)
[2026-08-07 10:21:59] [INFO] [49/155] Processed: frame_0049.png (0.06s)
[2026-08-07 10:21:59] [INFO] [50/155] Processed: frame_0050.png (0.07s)
[2026-08-07 10:22:00] [INFO] [51/155] Processed: frame_0051.png (0.06s)
[2026-08-07 10:22:00] [INFO] [52/155] Processed: frame_0052.png (0.06s)
[2026-08-07 10:22:00] [INFO] [53/155] Processed: frame_0053.png (0.06s)
[2026-08-07 10:22:00] [INFO] [54/155] Processed: frame_0054.png (0.07s)
[2026-08-07 10:22:00] [INFO] [55/155] Processed: frame_0055.png (0.07s)
[2026-08-07 10:22:00] [INFO] [56/155] Processed: frame_0056.png (0.07s)
[2026-08-07 10:22:00] [INFO] [57/155] Processed: frame_0057.png (0.07s)
[2026-08-07 10:22:00] [INFO] [58/155] Processed: frame_0058.png (0.07s)
[2026-08-07 10:22:00] [INFO] [59/155] Processed: frame_0059.png (0.07s)
[2026-08-07 10:22:00] [INFO] [60/155] Processed: frame_0060.png (0.07s)
[2026-08-07 10:22:00] [INFO] [61/155] Processed: frame_0061.png (0.07s)
[2026-08-07 10:22:00] [INFO] [62/155] Processed: frame_0062.png (0.07s)
[2026-08-07 10:22:00] [INFO] [63/155] Processed: frame_0063.png (0.04s)
[2026-08-07 10:22:00] [INFO] [64/155] Processed: frame_0064.png (0.07s)
[2026-08-07 10:22:00] [INFO] [65/155] Processed: frame_0065.png (0.06s)
[2026-08-07 10:22:00] [INFO] [66/155] Processed: frame_0066.png (0.08s)
[2026-08-07 10:22:01] [INFO] [67/155] Processed: frame_0067.png (0.08s)
[2026-08-07 10:22:01] [INFO] [68/155] Processed: frame_0068.png (0.06s)
[2026-08-07 10:22:01] [INFO] [69/155] Processed: frame_0069.png (0.06s)
[2026-08-07 10:22:01] [INFO] [70/155] Processed: frame_0070.png (0.07s)
[2026-08-07 10:22:01] [INFO] [71/155] Processed: frame_0071.png (0.04s)
[2026-08-07 10:22:01] [INFO] [72/155] Processed: frame_0072.png (0.07s)
[2026-08-07 10:22:01] [INFO] [73/155] Processed: frame_0073.png (0.07s)
[2026-08-07 10:22:01] [INFO] [74/155] Processed: frame_0074.png (0.04s)
[2026-08-07 10:22:01] [INFO] [75/155] Processed: frame_0075.png (0.06s)
[2026-08-07 10:22:01] [INFO] [76/155] Processed: frame_0076.png (0.06s)
[2026-08-07 10:22:01] [INFO] [77/155] Processed: frame_0077.png (0.06s)
[2026-08-07 10:22:01] [INFO] [78/155] Processed: frame_0078.png (0.06s)
[2026-08-07 10:22:01] [INFO] [79/155] Processed: frame_0079.png (0.04s)
[2026-08-07 10:22:01] [INFO] [80/155] Processed: frame_0080.png (0.06s)
[2026-08-07 10:22:01] [INFO] [81/155] Processed: frame_0081.png (0.07s)
[2026-08-07 10:22:01] [INFO] [82/155] Processed: frame_0082.png (0.05s)
[2026-08-07 10:22:02] [INFO] [83/155] Processed: frame_0083.png (0.07s)
[2026-08-07 10:22:02] [INFO] [84/155] Processed: frame_0084.png (0.07s)
[2026-08-07 10:22:02] [INFO] [85/155] Processed: frame_0085.png (0.08s)
[2026-08-07 10:22:02] [INFO] [86/155] Processed: frame_0086.png (0.06s)
[2026-08-07 10:22:02] [INFO] [87/155] Processed: frame_0087.png (0.07s)
[2026-08-07 10:22:02] [INFO] [88/155] Processed: frame_0088.png (0.07s)
[2026-08-07 10:22:02] [INFO] [89/155] Processed: frame_0089.png (0.07s)
[2026-08-07 10:22:02] [INFO] [90/155] Processed: frame_0090.png (0.06s)
[2026-08-07 10:22:02] [INFO] [91/155] Processed: frame_0091.png (0.05s)
[2026-08-07 10:22:02] [INFO] [92/155] Processed: frame_0092.png (0.07s)
[2026-08-07 10:22:02] [INFO] [93/155] Processed: frame_0093.png (0.07s)
[2026-08-07 10:22:02] [INFO] [94/155] Processed: frame_0094.png (0.07s)
[2026-08-07 10:22:02] [INFO] [95/155] Processed: frame_0095.png (0.07s)
[2026-08-07 10:22:02] [INFO] [96/155] Processed: frame_0096.png (0.06s)
[2026-08-07 10:22:02] [INFO] [97/155] Processed: frame_0097.png (0.07s)
[2026-08-07 10:22:03] [INFO] [98/155] Processed: frame_0098.png (0.07s)
[2026-08-07 10:22:03] [INFO] [99/155] Processed: frame_0099.png (0.07s)
[2026-08-07 10:22:03] [INFO] [100/155] Processed: frame_0100.png (0.08s)
[2026-08-07 10:22:03] [INFO] [101/155] Processed: frame_0101.png (0.04s)
[2026-08-07 10:22:03] [INFO] [102/155] Processed: frame_0102.png (0.06s)
[2026-08-07 10:22:03] [INFO] [103/155] Processed: frame_0103.png (0.06s)
[2026-08-07 10:22:03] [INFO] [104/155] Processed: frame_0104.png (0.07s)
[2026-08-07 10:22:03] [INFO] [105/155] Processed: frame_0105.png (0.08s)
[2026-08-07 10:22:03] [INFO] [106/155] Processed: frame_0106.png (0.07s)
[2026-08-07 10:22:03] [INFO] [107/155] Processed: frame_0107.png (0.06s)
[2026-08-07 10:22:03] [INFO] [108/155] Processed: frame_0108.png (0.06s)
[2026-08-07 10:22:03] [INFO] [109/155] Processed: frame_0109.png (0.07s)
[2026-08-07 10:22:03] [INFO] [110/155] Processed: frame_0110.png (0.07s)
[2026-08-07 10:22:03] [INFO] [111/155] Processed: frame_0111.png (0.06s)
[2026-08-07 10:22:03] [INFO] [112/155] Processed: frame_0112.png (0.07s)
[2026-08-07 10:22:04] [INFO] [113/155] Processed: frame_0113.png (0.07s)
[2026-08-07 10:22:04] [INFO] [114/155] Processed: frame_0114.png (0.06s)
[2026-08-07 10:22:04] [INFO] [115/155] Processed: frame_0115.png (0.06s)
[2026-08-07 10:22:04] [INFO] [116/155] Processed: frame_0116.png (0.06s)
[2026-08-07 10:22:04] [INFO] [117/155] Processed: frame_0117.png (0.06s)
[2026-08-07 10:22:04] [INFO] [118/155] Processed: frame_0118.png (0.07s)
[2026-08-07 10:22:04] [INFO] [119/155] Processed: frame_0119.png (0.05s)
[2026-08-07 10:22:04] [INFO] [120/155] Processed: frame_0120.png (0.06s)
[2026-08-07 10:22:04] [INFO] [121/155] Processed: frame_0121.png (0.07s)
[2026-08-07 10:22:04] [INFO] [122/155] Processed: frame_0122.png (0.05s)
[2026-08-07 10:22:04] [INFO] [123/155] Processed: frame_0123.png (0.06s)
[2026-08-07 10:22:04] [INFO] [124/155] Processed: frame_0124.png (0.06s)
[2026-08-07 10:22:04] [INFO] [125/155] Processed: frame_0125.png (0.06s)
[2026-08-07 10:22:04] [INFO] [126/155] Processed: frame_0126.png (0.04s)
[2026-08-07 10:22:04] [INFO] [127/155] Processed: frame_0127.png (0.06s)
[2026-08-07 10:22:04] [INFO] [128/155] Processed: frame_0128.png (0.07s)
[2026-08-07 10:22:04] [INFO] [129/155] Processed: frame_0129.png (0.06s)
[2026-08-07 10:22:05] [INFO] [130/155] Processed: frame_0130.png (0.06s)
[2026-08-07 10:22:05] [INFO] [131/155] Processed: frame_0131.png (0.06s)
[2026-08-07 10:22:05] [INFO] [132/155] Processed: frame_0132.png (0.07s)
[2026-08-07 10:22:05] [INFO] [133/155] Processed: frame_0133.png (0.06s)
[2026-08-07 10:22:05] [INFO] [134/155] Processed: frame_0134.png (0.07s)
[2026-08-07 10:22:05] [INFO] [135/155] Processed: frame_0135.png (0.07s)
[2026-08-07 10:22:05] [INFO] [136/155] Processed: frame_0136.png (0.05s)
[2026-08-07 10:22:05] [INFO] [137/155] Processed: frame_0137.png (0.06s)
[2026-08-07 10:22:05] [INFO] [138/155] Processed: frame_0138.png (0.06s)
[2026-08-07 10:22:05] [INFO] [139/155] Processed: frame_0139.png (0.06s)
[2026-08-07 10:22:05] [INFO] [140/155] Processed: frame_0140.png (0.07s)
[2026-08-07 10:22:05] [INFO] [141/155] Processed: frame_0141.png (0.06s)
[2026-08-07 10:22:05] [INFO] [142/155] Processed: frame_0142.png (0.07s)
[2026-08-07 10:22:05] [INFO] [143/155] Processed: frame_0143.png (0.07s)
[2026-08-07 10:22:05] [INFO] [144/155] Processed: frame_0144.png (0.07s)
[2026-08-07 10:22:06] [INFO] [145/155] Processed: frame_0145.png (0.06s)
[2026-08-07 10:22:06] [INFO] [146/155] Processed: frame_0146.png (0.06s)
[2026-08-07 10:22:06] [INFO] [147/155] Processed: frame_0147.png (0.08s)
[2026-08-07 10:22:06] [INFO] [148/155] Processed: frame_0148.png (0.04s)
[2026-08-07 10:22:06] [INFO] [149/155] Processed: frame_0149.png (0.02s)
[2026-08-07 10:22:06] [INFO] [150/155] Processed: frame_0150.png (0.02s)
[2026-08-07 10:22:06] [INFO] [151/155] Processed: frame_0151.png (0.06s)
[2026-08-07 10:22:06] [INFO] [152/155] Processed: frame_0152.png (0.07s)
[2026-08-07 10:22:06] [INFO] [153/155] Processed: frame_0153.png (0.07s)
[2026-08-07 10:22:06] [INFO] [154/155] Processed: frame_0154.png (0.07s)
[2026-08-07 10:22:06] [INFO] [155/155] Processed: frame_0155.png (0.05s)
[2026-08-07 10:22:06] [INFO] Smoothed frames saved: 155 file(s) to C:\AI_ML_Fellowship\Project2\Images\06_Smoothed_Gradients
[2026-08-07 10:22:06] [INFO] Total processing time: 9.6s (0.062s/frame average)
[2026-08-07 10:22:06] [INFO] Total script runtime: 9.6s
[2026-08-07 10:22:06] [INFO] Script completed successfully.
[2026-08-07 10:22:06] [INFO] ============================================
