[2026-08-10 18:35:46] [INFO] ============================================
[2026-08-10 18:35:46] [INFO] Script started.
[2026-08-10 18:35:46] [INFO] Script name: 06_artifacts_removal_lama.py
[2026-08-10 18:35:46] [INFO] Project: AIML-Driven Super-Resolution and Volumetric Reconstruction for Mixing Tanks
[2026-08-10 18:35:46] [INFO] Script folder: C:\AI_ML_Fellowship\Project2\Scripts
[2026-08-10 18:35:46] [INFO] Input folder: C:\AI_ML_Fellowship\Project2\Images\02_Frames
[2026-08-10 18:35:46] [INFO] Output folder: C:\AI_ML_Fellowship\Project2\Images\03_Cleaned_lama
[2026-08-10 18:35:46] [INFO] Mask folder: C:\AI_ML_Fellowship\Project2\Images\03_Masks_lama
[2026-08-10 18:35:46] [INFO] White threshold: 245
[2026-08-10 18:35:46] [INFO] Protected mask sample size: 20
[2026-08-10 18:35:46] [INFO] Protected mask vote fraction: 0.8
[2026-08-10 18:35:46] [INFO] Minimum data blob area: 5000px
[2026-08-10 18:35:46] [INFO] Opening kernel: 1px
[2026-08-10 18:35:46] [INFO] Mask padding: 0px
[2026-08-10 18:35:46] [INFO] Artifact mask dilation: 3px
[2026-08-10 18:35:46] [INFO] Logs folder: C:\AI_ML_Fellowship\Project2\Scripts\Logs
[2026-08-10 18:35:46] [INFO] Log file: C:\AI_ML_Fellowship\Project2\Scripts\Logs\aiml_06_artifacts_removal_lama.log
[2026-08-10 18:35:46] [INFO] Found 155 PNG file(s) to process.
[2026-08-10 18:35:46] [INFO] Sampling 20 frame(s) to build protected plot-region mask: ['frame_0001.png', 'frame_0008.png', 'frame_0015.png', 'frame_0022.png', 'frame_0029.png', 'frame_0036.png', 'frame_0043.png', 'frame_0050.png', 'frame_0057.png', 'frame_0064.png', 'frame_0071.png', 'frame_0078.png', 'frame_0085.png', 'frame_0092.png', 'frame_0099.png', 'frame_0106.png', 'frame_0113.png', 'frame_0120.png', 'frame_0127.png', 'frame_0134.png']
[2026-08-10 18:35:47] [INFO] Detected 8 plot data blob(s) via connected components (min area threshold: 5000px), using their true jagged shape.
[2026-08-10 18:35:47] [INFO] Protected plot-region mask built: 207464/564000 px (36.8%) protected.
[2026-08-10 18:35:47] [INFO] Protected region mask cached to: C:\AI_ML_Fellowship\Project2\Images\03_Masks_lama\_protected_region_mask.png
[2026-08-10 18:35:52] [INFO] Inference device: cpu
[2026-08-10 18:35:52] [INFO] Using local LaMa checkpoint: C:\AI_ML_Fellowship\Project2\Bin\big-lama.pt
[2026-08-10 18:35:53] [INFO] LaMa model loaded successfully in 0.9s.
[2026-08-10 18:35:58] [INFO] Processed: frame_0001.png (artifact detected: True, 4.96s)
[2026-08-10 18:36:02] [INFO] Processed: frame_0002.png (artifact detected: True, 4.34s)
[2026-08-10 18:36:07] [INFO] Processed: frame_0003.png (artifact detected: True, 4.14s)
[2026-08-10 18:36:11] [INFO] Processed: frame_0004.png (artifact detected: True, 4.14s)
[2026-08-10 18:36:15] [INFO] Processed: frame_0005.png (artifact detected: True, 4.77s)
[2026-08-10 18:36:20] [INFO] Processed: frame_0006.png (artifact detected: True, 4.57s)
[2026-08-10 18:36:25] [INFO] Processed: frame_0007.png (artifact detected: True, 4.89s)
[2026-08-10 18:36:30] [INFO] Processed: frame_0008.png (artifact detected: True, 5.41s)
[2026-08-10 18:36:36] [INFO] Processed: frame_0009.png (artifact detected: True, 5.20s)
[2026-08-10 18:36:41] [INFO] Processed: frame_0010.png (artifact detected: True, 5.22s)
[2026-08-10 18:36:46] [INFO] Processed: frame_0011.png (artifact detected: True, 5.26s)
[2026-08-10 18:36:51] [INFO] Processed: frame_0012.png (artifact detected: True, 5.21s)
[2026-08-10 18:36:57] [INFO] Processed: frame_0013.png (artifact detected: True, 5.58s)
[2026-08-10 18:37:02] [INFO] Processed: frame_0014.png (artifact detected: True, 5.39s)
[2026-08-10 18:37:08] [INFO] Processed: frame_0015.png (artifact detected: True, 5.49s)
[2026-08-10 18:37:15] [INFO] Processed: frame_0016.png (artifact detected: True, 6.87s)
[2026-08-10 18:37:21] [INFO] Processed: frame_0017.png (artifact detected: True, 6.68s)
[2026-08-10 18:37:27] [INFO] Processed: frame_0018.png (artifact detected: True, 6.11s)
[2026-08-10 18:37:34] [INFO] Processed: frame_0019.png (artifact detected: True, 6.23s)
[2026-08-10 18:37:39] [INFO] Processed: frame_0020.png (artifact detected: True, 5.90s)
[2026-08-10 18:37:45] [INFO] Processed: frame_0021.png (artifact detected: True, 5.42s)
[2026-08-10 18:37:51] [INFO] Processed: frame_0022.png (artifact detected: True, 5.85s)
[2026-08-10 18:37:57] [INFO] Processed: frame_0023.png (artifact detected: True, 6.08s)
[2026-08-10 18:38:03] [INFO] Processed: frame_0024.png (artifact detected: True, 5.93s)
[2026-08-10 18:38:09] [INFO] Processed: frame_0025.png (artifact detected: True, 5.92s)
[2026-08-10 18:38:15] [INFO] Processed: frame_0026.png (artifact detected: True, 6.01s)
[2026-08-10 18:38:21] [INFO] Processed: frame_0027.png (artifact detected: True, 6.56s)
[2026-08-10 18:38:27] [INFO] Processed: frame_0028.png (artifact detected: True, 6.19s)
[2026-08-10 18:38:34] [INFO] Processed: frame_0029.png (artifact detected: True, 6.18s)
[2026-08-10 18:38:40] [INFO] Processed: frame_0030.png (artifact detected: True, 6.82s)
[2026-08-10 18:38:46] [INFO] Processed: frame_0031.png (artifact detected: True, 5.47s)
[2026-08-10 18:38:51] [INFO] Processed: frame_0032.png (artifact detected: True, 5.43s)
[2026-08-10 18:38:57] [INFO] Processed: frame_0033.png (artifact detected: True, 5.25s)
[2026-08-10 18:39:02] [INFO] Processed: frame_0034.png (artifact detected: True, 5.10s)
[2026-08-10 18:39:07] [INFO] Processed: frame_0035.png (artifact detected: True, 5.24s)
[2026-08-10 18:39:12] [INFO] Processed: frame_0036.png (artifact detected: True, 5.49s)
[2026-08-10 18:39:18] [INFO] Processed: frame_0037.png (artifact detected: True, 5.82s)
[2026-08-10 18:39:24] [INFO] Processed: frame_0038.png (artifact detected: True, 5.59s)
[2026-08-10 18:39:29] [INFO] Processed: frame_0039.png (artifact detected: True, 5.40s)
[2026-08-10 18:39:35] [INFO] Processed: frame_0040.png (artifact detected: True, 5.46s)
[2026-08-10 18:39:40] [INFO] Processed: frame_0041.png (artifact detected: True, 5.72s)
[2026-08-10 18:39:46] [INFO] Processed: frame_0042.png (artifact detected: True, 5.44s)
[2026-08-10 18:39:51] [INFO] Processed: frame_0043.png (artifact detected: True, 5.50s)
[2026-08-10 18:39:57] [INFO] Processed: frame_0044.png (artifact detected: True, 5.73s)
[2026-08-10 18:40:03] [INFO] Processed: frame_0045.png (artifact detected: True, 5.66s)
[2026-08-10 18:40:09] [INFO] Processed: frame_0046.png (artifact detected: True, 5.76s)
[2026-08-10 18:40:14] [INFO] Processed: frame_0047.png (artifact detected: True, 5.56s)
[2026-08-10 18:40:20] [INFO] Processed: frame_0048.png (artifact detected: True, 5.61s)
[2026-08-10 18:40:26] [INFO] Processed: frame_0049.png (artifact detected: True, 6.03s)
[2026-08-10 18:40:31] [INFO] Processed: frame_0050.png (artifact detected: True, 5.47s)
[2026-08-10 18:40:37] [INFO] Processed: frame_0051.png (artifact detected: True, 5.56s)
[2026-08-10 18:40:43] [INFO] Processed: frame_0052.png (artifact detected: True, 5.95s)
[2026-08-10 18:40:48] [INFO] Processed: frame_0053.png (artifact detected: True, 5.51s)
[2026-08-10 18:40:54] [INFO] Processed: frame_0054.png (artifact detected: True, 6.09s)
[2026-08-10 18:41:00] [INFO] Processed: frame_0055.png (artifact detected: True, 5.87s)
[2026-08-10 18:41:06] [INFO] Processed: frame_0056.png (artifact detected: True, 5.63s)
[2026-08-10 18:41:11] [INFO] Processed: frame_0057.png (artifact detected: True, 5.52s)
[2026-08-10 18:41:17] [INFO] Processed: frame_0058.png (artifact detected: True, 5.41s)
[2026-08-10 18:41:22] [INFO] Processed: frame_0059.png (artifact detected: True, 5.48s)
[2026-08-10 18:41:28] [INFO] Processed: frame_0060.png (artifact detected: True, 5.65s)
[2026-08-10 18:41:33] [INFO] Processed: frame_0061.png (artifact detected: True, 5.57s)
[2026-08-10 18:41:39] [INFO] Processed: frame_0062.png (artifact detected: True, 5.68s)
[2026-08-10 18:41:45] [INFO] Processed: frame_0063.png (artifact detected: True, 5.78s)
[2026-08-10 18:41:51] [INFO] Processed: frame_0064.png (artifact detected: True, 5.76s)
[2026-08-10 18:41:56] [INFO] Processed: frame_0065.png (artifact detected: True, 5.79s)
[2026-08-10 18:42:03] [INFO] Processed: frame_0066.png (artifact detected: True, 6.35s)
[2026-08-10 18:42:09] [INFO] Processed: frame_0067.png (artifact detected: True, 5.88s)
[2026-08-10 18:42:14] [INFO] Processed: frame_0068.png (artifact detected: True, 5.73s)
[2026-08-10 18:42:20] [INFO] Processed: frame_0069.png (artifact detected: True, 5.91s)
[2026-08-10 18:42:26] [INFO] Processed: frame_0070.png (artifact detected: True, 5.97s)
[2026-08-10 18:42:32] [INFO] Processed: frame_0071.png (artifact detected: True, 5.80s)
[2026-08-10 18:42:38] [INFO] Processed: frame_0072.png (artifact detected: True, 6.00s)
[2026-08-10 18:42:44] [INFO] Processed: frame_0073.png (artifact detected: True, 5.94s)
[2026-08-10 18:42:50] [INFO] Processed: frame_0074.png (artifact detected: True, 5.89s)
[2026-08-10 18:42:56] [INFO] Processed: frame_0075.png (artifact detected: True, 6.12s)
[2026-08-10 18:43:02] [INFO] Processed: frame_0076.png (artifact detected: True, 5.92s)
[2026-08-10 18:43:08] [INFO] Processed: frame_0077.png (artifact detected: True, 5.93s)
[2026-08-10 18:43:14] [INFO] Processed: frame_0078.png (artifact detected: True, 6.28s)
[2026-08-10 18:43:20] [INFO] Processed: frame_0079.png (artifact detected: True, 6.04s)
[2026-08-10 18:43:26] [INFO] Processed: frame_0080.png (artifact detected: True, 6.15s)
[2026-08-10 18:43:33] [INFO] Processed: frame_0081.png (artifact detected: True, 6.19s)
[2026-08-10 18:43:39] [INFO] Processed: frame_0082.png (artifact detected: True, 6.06s)
[2026-08-10 18:43:45] [INFO] Processed: frame_0083.png (artifact detected: True, 6.07s)
[2026-08-10 18:43:51] [INFO] Processed: frame_0084.png (artifact detected: True, 6.03s)
[2026-08-10 18:43:57] [INFO] Processed: frame_0085.png (artifact detected: True, 6.01s)
[2026-08-10 18:44:03] [INFO] Processed: frame_0086.png (artifact detected: True, 6.07s)
[2026-08-10 18:44:09] [INFO] Processed: frame_0087.png (artifact detected: True, 6.19s)
[2026-08-10 18:44:15] [INFO] Processed: frame_0088.png (artifact detected: True, 6.40s)
[2026-08-10 18:44:22] [INFO] Processed: frame_0089.png (artifact detected: True, 6.34s)
[2026-08-10 18:44:28] [INFO] Processed: frame_0090.png (artifact detected: True, 6.09s)
[2026-08-10 18:44:34] [INFO] Processed: frame_0091.png (artifact detected: True, 6.05s)
[2026-08-10 18:44:40] [INFO] Processed: frame_0092.png (artifact detected: True, 6.04s)
[2026-08-10 18:44:46] [INFO] Processed: frame_0093.png (artifact detected: True, 6.13s)
[2026-08-10 18:44:52] [INFO] Processed: frame_0094.png (artifact detected: True, 5.95s)
[2026-08-10 18:44:58] [INFO] Processed: frame_0095.png (artifact detected: True, 6.12s)
[2026-08-10 18:45:04] [INFO] Processed: frame_0096.png (artifact detected: True, 6.13s)
[2026-08-10 18:45:10] [INFO] Processed: frame_0097.png (artifact detected: True, 6.16s)
[2026-08-10 18:45:16] [INFO] Processed: frame_0098.png (artifact detected: True, 5.99s)
[2026-08-10 18:45:22] [INFO] Processed: frame_0099.png (artifact detected: True, 5.90s)
[2026-08-10 18:45:28] [INFO] Processed: frame_0100.png (artifact detected: True, 6.19s)
[2026-08-10 18:45:35] [INFO] Processed: frame_0101.png (artifact detected: True, 6.31s)
[2026-08-10 18:45:41] [INFO] Processed: frame_0102.png (artifact detected: True, 6.34s)
[2026-08-10 18:45:47] [INFO] Processed: frame_0103.png (artifact detected: True, 6.11s)
[2026-08-10 18:45:53] [INFO] Processed: frame_0104.png (artifact detected: True, 6.02s)
[2026-08-10 18:45:59] [INFO] Processed: frame_0105.png (artifact detected: True, 6.26s)
[2026-08-10 18:46:06] [INFO] Processed: frame_0106.png (artifact detected: True, 6.18s)
[2026-08-10 18:46:12] [INFO] Processed: frame_0107.png (artifact detected: True, 6.33s)
[2026-08-10 18:46:19] [INFO] Processed: frame_0108.png (artifact detected: True, 6.51s)
[2026-08-10 18:46:25] [INFO] Processed: frame_0109.png (artifact detected: True, 6.91s)
[2026-08-10 18:46:32] [INFO] Processed: frame_0110.png (artifact detected: True, 6.66s)
[2026-08-10 18:46:38] [INFO] Processed: frame_0111.png (artifact detected: True, 6.22s)
[2026-08-10 18:46:45] [INFO] Processed: frame_0112.png (artifact detected: True, 6.29s)
[2026-08-10 18:46:51] [INFO] Processed: frame_0113.png (artifact detected: True, 6.57s)
[2026-08-10 18:46:57] [INFO] Processed: frame_0114.png (artifact detected: True, 6.19s)
[2026-08-10 18:47:04] [INFO] Processed: frame_0115.png (artifact detected: True, 6.28s)
[2026-08-10 18:47:10] [INFO] Processed: frame_0116.png (artifact detected: True, 6.45s)
[2026-08-10 18:47:16] [INFO] Processed: frame_0117.png (artifact detected: True, 6.13s)
[2026-08-10 18:47:23] [INFO] Processed: frame_0118.png (artifact detected: True, 6.57s)
[2026-08-10 18:47:29] [INFO] Processed: frame_0119.png (artifact detected: True, 6.18s)
[2026-08-10 18:47:35] [INFO] Processed: frame_0120.png (artifact detected: True, 6.42s)
[2026-08-10 18:47:42] [INFO] Processed: frame_0121.png (artifact detected: True, 6.77s)
[2026-08-10 18:47:48] [INFO] Processed: frame_0122.png (artifact detected: True, 6.17s)
[2026-08-10 18:47:55] [INFO] Processed: frame_0123.png (artifact detected: True, 6.64s)
[2026-08-10 18:48:01] [INFO] Processed: frame_0124.png (artifact detected: True, 6.39s)
[2026-08-10 18:48:08] [INFO] Processed: frame_0125.png (artifact detected: True, 6.37s)
[2026-08-10 18:48:14] [INFO] Processed: frame_0126.png (artifact detected: True, 6.58s)
[2026-08-10 18:48:21] [INFO] Processed: frame_0127.png (artifact detected: True, 6.72s)
[2026-08-10 18:48:27] [INFO] Processed: frame_0128.png (artifact detected: True, 6.32s)
[2026-08-10 18:48:33] [INFO] Processed: frame_0129.png (artifact detected: True, 6.13s)
[2026-08-10 18:48:40] [INFO] Processed: frame_0130.png (artifact detected: True, 6.05s)
[2026-08-10 18:48:46] [INFO] Processed: frame_0131.png (artifact detected: True, 6.10s)
[2026-08-10 18:48:52] [INFO] Processed: frame_0132.png (artifact detected: True, 6.40s)
[2026-08-10 18:48:58] [INFO] Processed: frame_0133.png (artifact detected: True, 6.05s)
[2026-08-10 18:49:04] [INFO] Processed: frame_0134.png (artifact detected: True, 6.04s)
[2026-08-10 18:49:10] [INFO] Processed: frame_0135.png (artifact detected: True, 6.09s)
[2026-08-10 18:49:16] [INFO] Processed: frame_0136.png (artifact detected: True, 6.19s)
[2026-08-10 18:49:23] [INFO] Processed: frame_0137.png (artifact detected: True, 6.08s)
[2026-08-10 18:49:29] [INFO] Processed: frame_0138.png (artifact detected: True, 6.32s)
[2026-08-10 18:49:35] [INFO] Processed: frame_0139.png (artifact detected: True, 6.53s)
[2026-08-10 18:49:42] [INFO] Processed: frame_0140.png (artifact detected: True, 6.22s)
[2026-08-10 18:49:48] [INFO] Processed: frame_0141.png (artifact detected: True, 6.06s)
[2026-08-10 18:49:54] [INFO] Processed: frame_0142.png (artifact detected: True, 6.26s)
[2026-08-10 18:50:02] [INFO] Processed: frame_0143.png (artifact detected: True, 8.34s)
[2026-08-10 18:50:11] [INFO] Processed: frame_0144.png (artifact detected: True, 8.27s)
[2026-08-10 18:50:18] [INFO] Processed: frame_0145.png (artifact detected: True, 7.20s)
[2026-08-10 18:50:24] [INFO] Processed: frame_0146.png (artifact detected: True, 6.74s)
[2026-08-10 18:50:31] [INFO] Processed: frame_0147.png (artifact detected: True, 6.66s)
[2026-08-10 18:50:38] [INFO] Processed: frame_0148.png (artifact detected: True, 6.65s)
[2026-08-10 18:50:38] [INFO] Processed: frame_0149.png (artifact detected: False, 0.09s)
[2026-08-10 18:50:38] [INFO] Processed: frame_0150.png (artifact detected: False, 0.05s)
[2026-08-10 18:50:45] [INFO] Processed: frame_0151.png (artifact detected: True, 6.81s)
[2026-08-10 18:50:51] [INFO] Processed: frame_0152.png (artifact detected: True, 6.21s)
[2026-08-10 18:50:57] [INFO] Processed: frame_0153.png (artifact detected: True, 6.16s)
[2026-08-10 18:51:03] [INFO] Processed: frame_0154.png (artifact detected: True, 5.93s)
[2026-08-10 18:51:09] [INFO] Processed: frame_0155.png (artifact detected: True, 6.28s)
[2026-08-10 18:51:09] [INFO] Cleaned frames saved: 155 file(s) to C:\AI_ML_Fellowship\Project2\Images\03_Cleaned_lama
[2026-08-10 18:51:09] [INFO] Mask files saved: 155 file(s) to C:\AI_ML_Fellowship\Project2\Images\03_Masks_lama
[2026-08-10 18:51:09] [INFO] Frames with at least one artifact detection: 153/155
[2026-08-10 18:51:09] [INFO] Total processing time: 916.2s (5.91s/frame average)
[2026-08-10 18:51:09] [INFO] Script completed successfully.
[2026-08-10 18:51:09] [INFO] ============================================
